failed when running cabal2nix on ../all-cabal-hashes/dawgdic/0.1.0/dawgdic.cabal.  Error output from cabal2nix: 
$ nix-prefetch-url --unpack file:///home/runner/work/all-cabal-nixes/all-cabal-hashes/dawgdic/0.1.0/dawgdic.cabal
error: failed to open archive: Unrecognized archive format
$ nix-prefetch-url ../all-cabal-hashes/dawgdic/0.1.0/dawgdic.cabal
warning: error: unable to download '../all-cabal-hashes/dawgdic/0.1.0/dawgdic.cabal': Could not resolve hostname (6) Could not resolve host: ..; retrying in 304 ms
warning: error: unable to download '../all-cabal-hashes/dawgdic/0.1.0/dawgdic.cabal': Could not resolve hostname (6) Could not resolve host: ..; retrying in 533 ms
warning: error: unable to download '../all-cabal-hashes/dawgdic/0.1.0/dawgdic.cabal': Could not resolve hostname (6) Could not resolve host: ..; retrying in 1124 ms
warning: error: unable to download '../all-cabal-hashes/dawgdic/0.1.0/dawgdic.cabal': Could not resolve hostname (6) Could not resolve host: ..; retrying in 2113 ms
error: unable to download '../all-cabal-hashes/dawgdic/0.1.0/dawgdic.cabal': Could not resolve hostname (6) Could not resolve host: ..
$ nix-prefetch-url --unpack ../all-cabal-hashes/dawgdic/0.1.0/dawgdic.cabal
warning: error: unable to download '../all-cabal-hashes/dawgdic/0.1.0/dawgdic.cabal': Could not resolve hostname (6) Could not resolve host: ..; retrying in 251 ms
warning: error: unable to download '../all-cabal-hashes/dawgdic/0.1.0/dawgdic.cabal': Could not resolve hostname (6) Could not resolve host: ..; retrying in 503 ms
warning: error: unable to download '../all-cabal-hashes/dawgdic/0.1.0/dawgdic.cabal': Could not resolve hostname (6) Could not resolve host: ..; retrying in 1326 ms
warning: error: unable to download '../all-cabal-hashes/dawgdic/0.1.0/dawgdic.cabal': Could not resolve hostname (6) Could not resolve host: ..; retrying in 2229 ms
error: unable to download '../all-cabal-hashes/dawgdic/0.1.0/dawgdic.cabal': Could not resolve hostname (6) Could not resolve host: ..
** need a revision for VCS when the hash is given. skipping.
** need a revision for VCS when the hash is given. skipping.
** need a revision for VCS when the hash is given. skipping.
** need a revision for VCS when the hash is given. skipping.
cabal2nix: user error (Failed to fetch source. Does this source exist? Source {sourceUrl = "../all-cabal-hashes/dawgdic/0.1.0/dawgdic.cabal", sourceRevision = "", sourceHash = Guess "4efb8fe1c1e6c0f1edd8842c670f3c61df12da083b466b89470d04650f575f4a", sourceCabalDir = ""})


failed when running cabal2nix on ../all-cabal-hashes/haskell-debugger/0.5.0.0/haskell-debugger.cabal.  Error output from cabal2nix: 
$ nix-prefetch-url --unpack file:///home/runner/work/all-cabal-nixes/all-cabal-hashes/haskell-debugger/0.5.0.0/haskell-debugger.cabal
error: failed to open archive: Unrecognized archive format
$ nix-prefetch-url ../all-cabal-hashes/haskell-debugger/0.5.0.0/haskell-debugger.cabal
warning: error: unable to download '../all-cabal-hashes/haskell-debugger/0.5.0.0/haskell-debugger.cabal': Could not resolve hostname (6) Could not resolve host: ..; retrying in 271 ms
warning: error: unable to download '../all-cabal-hashes/haskell-debugger/0.5.0.0/haskell-debugger.cabal': Could not resolve hostname (6) Could not resolve host: ..; retrying in 520 ms
warning: error: unable to download '../all-cabal-hashes/haskell-debugger/0.5.0.0/haskell-debugger.cabal': Could not resolve hostname (6) Could not resolve host: ..; retrying in 1193 ms
warning: error: unable to download '../all-cabal-hashes/haskell-debugger/0.5.0.0/haskell-debugger.cabal': Could not resolve hostname (6) Could not resolve host: ..; retrying in 2462 ms
error: unable to download '../all-cabal-hashes/haskell-debugger/0.5.0.0/haskell-debugger.cabal': Could not resolve hostname (6) Could not resolve host: ..
$ nix-prefetch-url --unpack ../all-cabal-hashes/haskell-debugger/0.5.0.0/haskell-debugger.cabal
warning: error: unable to download '../all-cabal-hashes/haskell-debugger/0.5.0.0/haskell-debugger.cabal': Could not resolve hostname (6) Could not resolve host: ..; retrying in 266 ms
warning: error: unable to download '../all-cabal-hashes/haskell-debugger/0.5.0.0/haskell-debugger.cabal': Could not resolve hostname (6) Could not resolve host: ..; retrying in 704 ms
warning: error: unable to download '../all-cabal-hashes/haskell-debugger/0.5.0.0/haskell-debugger.cabal': Could not resolve hostname (6) Could not resolve host: ..; retrying in 1109 ms
warning: error: unable to download '../all-cabal-hashes/haskell-debugger/0.5.0.0/haskell-debugger.cabal': Could not resolve hostname (6) Could not resolve host: ..; retrying in 2156 ms
error: unable to download '../all-cabal-hashes/haskell-debugger/0.5.0.0/haskell-debugger.cabal': Could not resolve hostname (6) Could not resolve host: ..
** need a revision for VCS when the hash is given. skipping.
** need a revision for VCS when the hash is given. skipping.
** need a revision for VCS when the hash is given. skipping.
** need a revision for VCS when the hash is given. skipping.
cabal2nix: user error (Failed to fetch source. Does this source exist? Source {sourceUrl = "../all-cabal-hashes/haskell-debugger/0.5.0.0/haskell-debugger.cabal", sourceRevision = "", sourceHash = Guess "6a009c291cabdab99199ef40d2e312aaa6034fb13011e79fd06ba646fd89502f", sourceCabalDir = ""})


failed when running cabal2nix on ../all-cabal-hashes/haskell-debugger/0.6.0.0/haskell-debugger.cabal.  Error output from cabal2nix: 
$ nix-prefetch-url --unpack file:///home/runner/work/all-cabal-nixes/all-cabal-hashes/haskell-debugger/0.6.0.0/haskell-debugger.cabal
error: failed to open archive: Unrecognized archive format
$ nix-prefetch-url ../all-cabal-hashes/haskell-debugger/0.6.0.0/haskell-debugger.cabal
warning: error: unable to download '../all-cabal-hashes/haskell-debugger/0.6.0.0/haskell-debugger.cabal': Could not resolve hostname (6) Could not resolve host: ..; retrying in 327 ms
warning: error: unable to download '../all-cabal-hashes/haskell-debugger/0.6.0.0/haskell-debugger.cabal': Could not resolve hostname (6) Could not resolve host: ..; retrying in 673 ms
warning: error: unable to download '../all-cabal-hashes/haskell-debugger/0.6.0.0/haskell-debugger.cabal': Could not resolve hostname (6) Could not resolve host: ..; retrying in 1347 ms
warning: error: unable to download '../all-cabal-hashes/haskell-debugger/0.6.0.0/haskell-debugger.cabal': Could not resolve hostname (6) Could not resolve host: ..; retrying in 2677 ms
error: unable to download '../all-cabal-hashes/haskell-debugger/0.6.0.0/haskell-debugger.cabal': Could not resolve hostname (6) Could not resolve host: ..
$ nix-prefetch-url --unpack ../all-cabal-hashes/haskell-debugger/0.6.0.0/haskell-debugger.cabal
warning: error: unable to download '../all-cabal-hashes/haskell-debugger/0.6.0.0/haskell-debugger.cabal': Could not resolve hostname (6) Could not resolve host: ..; retrying in 292 ms
warning: error: unable to download '../all-cabal-hashes/haskell-debugger/0.6.0.0/haskell-debugger.cabal': Could not resolve hostname (6) Could not resolve host: ..; retrying in 552 ms
warning: error: unable to download '../all-cabal-hashes/haskell-debugger/0.6.0.0/haskell-debugger.cabal': Could not resolve hostname (6) Could not resolve host: ..; retrying in 1085 ms
warning: error: unable to download '../all-cabal-hashes/haskell-debugger/0.6.0.0/haskell-debugger.cabal': Could not resolve hostname (6) Could not resolve host: ..; retrying in 2680 ms
error: unable to download '../all-cabal-hashes/haskell-debugger/0.6.0.0/haskell-debugger.cabal': Could not resolve hostname (6) Could not resolve host: ..
** need a revision for VCS when the hash is given. skipping.
** need a revision for VCS when the hash is given. skipping.
** need a revision for VCS when the hash is given. skipping.
** need a revision for VCS when the hash is given. skipping.
cabal2nix: user error (Failed to fetch source. Does this source exist? Source {sourceUrl = "../all-cabal-hashes/haskell-debugger/0.6.0.0/haskell-debugger.cabal", sourceRevision = "", sourceHash = Guess "4c5e274ce6dcc5566cefa9fef37146cd940a5f7511f926f2a60c936e957dfaef", sourceCabalDir = ""})


failed when running cabal2nix on ../all-cabal-hashes/haskell-debugger/0.7.0.0/haskell-debugger.cabal.  Error output from cabal2nix: 
$ nix-prefetch-url --unpack file:///home/runner/work/all-cabal-nixes/all-cabal-hashes/haskell-debugger/0.7.0.0/haskell-debugger.cabal
error: failed to open archive: Unrecognized archive format
$ nix-prefetch-url ../all-cabal-hashes/haskell-debugger/0.7.0.0/haskell-debugger.cabal
warning: error: unable to download '../all-cabal-hashes/haskell-debugger/0.7.0.0/haskell-debugger.cabal': Could not resolve hostname (6) Could not resolve host: ..; retrying in 296 ms
warning: error: unable to download '../all-cabal-hashes/haskell-debugger/0.7.0.0/haskell-debugger.cabal': Could not resolve hostname (6) Could not resolve host: ..; retrying in 525 ms
warning: error: unable to download '../all-cabal-hashes/haskell-debugger/0.7.0.0/haskell-debugger.cabal': Could not resolve hostname (6) Could not resolve host: ..; retrying in 1014 ms
warning: error: unable to download '../all-cabal-hashes/haskell-debugger/0.7.0.0/haskell-debugger.cabal': Could not resolve hostname (6) Could not resolve host: ..; retrying in 2371 ms
error: unable to download '../all-cabal-hashes/haskell-debugger/0.7.0.0/haskell-debugger.cabal': Could not resolve hostname (6) Could not resolve host: ..
$ nix-prefetch-url --unpack ../all-cabal-hashes/haskell-debugger/0.7.0.0/haskell-debugger.cabal
warning: error: unable to download '../all-cabal-hashes/haskell-debugger/0.7.0.0/haskell-debugger.cabal': Could not resolve hostname (6) Could not resolve host: ..; retrying in 328 ms
warning: error: unable to download '../all-cabal-hashes/haskell-debugger/0.7.0.0/haskell-debugger.cabal': Could not resolve hostname (6) Could not resolve host: ..; retrying in 629 ms
warning: error: unable to download '../all-cabal-hashes/haskell-debugger/0.7.0.0/haskell-debugger.cabal': Could not resolve hostname (6) Could not resolve host: ..; retrying in 1006 ms
warning: error: unable to download '../all-cabal-hashes/haskell-debugger/0.7.0.0/haskell-debugger.cabal': Could not resolve hostname (6) Could not resolve host: ..; retrying in 2320 ms
error: unable to download '../all-cabal-hashes/haskell-debugger/0.7.0.0/haskell-debugger.cabal': Could not resolve hostname (6) Could not resolve host: ..
** need a revision for VCS when the hash is given. skipping.
** need a revision for VCS when the hash is given. skipping.
** need a revision for VCS when the hash is given. skipping.
** need a revision for VCS when the hash is given. skipping.
cabal2nix: user error (Failed to fetch source. Does this source exist? Source {sourceUrl = "../all-cabal-hashes/haskell-debugger/0.7.0.0/haskell-debugger.cabal", sourceRevision = "", sourceHash = Guess "52dc5ff27a8ce1082173fec434457d67ec7e3615513b1008ecdf236e960c1da2", sourceCabalDir = ""})


failed when running sed to get sha256 on ../all-cabal-hashes/hermes/1.3.4.3/hermes.json.  Error output from sed: 
sed: can't read ../all-cabal-hashes/hermes/1.3.4.3/hermes.json: No such file or directory


failed when running cabal2nix on ../all-cabal-hashes/palindromes/1.0/palindromes.cabal.  Error output from cabal2nix: 
$ nix-prefetch-url --unpack file:///home/runner/work/all-cabal-nixes/all-cabal-hashes/palindromes/1.0/palindromes.cabal
error: failed to open archive: Unrecognized archive format
$ nix-prefetch-url ../all-cabal-hashes/palindromes/1.0/palindromes.cabal
warning: error: unable to download '../all-cabal-hashes/palindromes/1.0/palindromes.cabal': Could not resolve hostname (6) Could not resolve host: ..; retrying in 259 ms
warning: error: unable to download '../all-cabal-hashes/palindromes/1.0/palindromes.cabal': Could not resolve hostname (6) Could not resolve host: ..; retrying in 506 ms
warning: error: unable to download '../all-cabal-hashes/palindromes/1.0/palindromes.cabal': Could not resolve hostname (6) Could not resolve host: ..; retrying in 1086 ms
warning: error: unable to download '../all-cabal-hashes/palindromes/1.0/palindromes.cabal': Could not resolve hostname (6) Could not resolve host: ..; retrying in 2107 ms
error: unable to download '../all-cabal-hashes/palindromes/1.0/palindromes.cabal': Could not resolve hostname (6) Could not resolve host: ..
$ nix-prefetch-url --unpack ../all-cabal-hashes/palindromes/1.0/palindromes.cabal
warning: error: unable to download '../all-cabal-hashes/palindromes/1.0/palindromes.cabal': Could not resolve hostname (6) Could not resolve host: ..; retrying in 328 ms
warning: error: unable to download '../all-cabal-hashes/palindromes/1.0/palindromes.cabal': Could not resolve hostname (6) Could not resolve host: ..; retrying in 702 ms
warning: error: unable to download '../all-cabal-hashes/palindromes/1.0/palindromes.cabal': Could not resolve hostname (6) Could not resolve host: ..; retrying in 1321 ms
warning: error: unable to download '../all-cabal-hashes/palindromes/1.0/palindromes.cabal': Could not resolve hostname (6) Could not resolve host: ..; retrying in 2382 ms
error: unable to download '../all-cabal-hashes/palindromes/1.0/palindromes.cabal': Could not resolve hostname (6) Could not resolve host: ..
** need a revision for VCS when the hash is given. skipping.
** need a revision for VCS when the hash is given. skipping.
** need a revision for VCS when the hash is given. skipping.
** need a revision for VCS when the hash is given. skipping.
cabal2nix: user error (Failed to fetch source. Does this source exist? Source {sourceUrl = "../all-cabal-hashes/palindromes/1.0/palindromes.cabal", sourceRevision = "", sourceHash = Guess "814e47cbcfbb122113ee3fd395df68e8b4cde79476640869c22eb737a1a2f2d1", sourceCabalDir = ""})


failed when running cabal2nix on ../all-cabal-hashes/pms-application-service/0.0.1.0/pms-application-service.cabal.  Error output from cabal2nix: 
$ nix-prefetch-url --unpack file:///home/runner/work/all-cabal-nixes/all-cabal-hashes/pms-application-service/0.0.1.0/pms-application-service.cabal
error: failed to open archive: Unrecognized archive format
$ nix-prefetch-url ../all-cabal-hashes/pms-application-service/0.0.1.0/pms-application-service.cabal
warning: error: unable to download '../all-cabal-hashes/pms-application-service/0.0.1.0/pms-application-service.cabal': Could not resolve hostname (6) Could not resolve host: ..; retrying in 272 ms
warning: error: unable to download '../all-cabal-hashes/pms-application-service/0.0.1.0/pms-application-service.cabal': Could not resolve hostname (6) Could not resolve host: ..; retrying in 694 ms
warning: error: unable to download '../all-cabal-hashes/pms-application-service/0.0.1.0/pms-application-service.cabal': Could not resolve hostname (6) Could not resolve host: ..; retrying in 1118 ms
warning: error: unable to download '../all-cabal-hashes/pms-application-service/0.0.1.0/pms-application-service.cabal': Could not resolve hostname (6) Could not resolve host: ..; retrying in 2608 ms
error: unable to download '../all-cabal-hashes/pms-application-service/0.0.1.0/pms-application-service.cabal': Could not resolve hostname (6) Could not resolve host: ..
$ nix-prefetch-url --unpack ../all-cabal-hashes/pms-application-service/0.0.1.0/pms-application-service.cabal
warning: error: unable to download '../all-cabal-hashes/pms-application-service/0.0.1.0/pms-application-service.cabal': Could not resolve hostname (6) Could not resolve host: ..; retrying in 255 ms
warning: error: unable to download '../all-cabal-hashes/pms-application-service/0.0.1.0/pms-application-service.cabal': Could not resolve hostname (6) Could not resolve host: ..; retrying in 672 ms
warning: error: unable to download '../all-cabal-hashes/pms-application-service/0.0.1.0/pms-application-service.cabal': Could not resolve hostname (6) Could not resolve host: ..; retrying in 1299 ms
warning: error: unable to download '../all-cabal-hashes/pms-application-service/0.0.1.0/pms-application-service.cabal': Could not resolve hostname (6) Could not resolve host: ..; retrying in 2138 ms
error: unable to download '../all-cabal-hashes/pms-application-service/0.0.1.0/pms-application-service.cabal': Could not resolve hostname (6) Could not resolve host: ..
** need a revision for VCS when the hash is given. skipping.
** need a revision for VCS when the hash is given. skipping.
** need a revision for VCS when the hash is given. skipping.
** need a revision for VCS when the hash is given. skipping.
cabal2nix: user error (Failed to fetch source. Does this source exist? Source {sourceUrl = "../all-cabal-hashes/pms-application-service/0.0.1.0/pms-application-service.cabal", sourceRevision = "", sourceHash = Guess "4a548fd1094a46aa45751b8075e9aafb2f733fbf0a77ec563da5802190b3de66", sourceCabalDir = ""})


failed when running cabal2nix on ../all-cabal-hashes/pms-application-service/0.0.2.0/pms-application-service.cabal.  Error output from cabal2nix: 
$ nix-prefetch-url --unpack file:///home/runner/work/all-cabal-nixes/all-cabal-hashes/pms-application-service/0.0.2.0/pms-application-service.cabal
error: failed to open archive: Unrecognized archive format
$ nix-prefetch-url ../all-cabal-hashes/pms-application-service/0.0.2.0/pms-application-service.cabal
warning: error: unable to download '../all-cabal-hashes/pms-application-service/0.0.2.0/pms-application-service.cabal': Could not resolve hostname (6) Could not resolve host: ..; retrying in 265 ms
warning: error: unable to download '../all-cabal-hashes/pms-application-service/0.0.2.0/pms-application-service.cabal': Could not resolve hostname (6) Could not resolve host: ..; retrying in 668 ms
warning: error: unable to download '../all-cabal-hashes/pms-application-service/0.0.2.0/pms-application-service.cabal': Could not resolve hostname (6) Could not resolve host: ..; retrying in 1377 ms
warning: error: unable to download '../all-cabal-hashes/pms-application-service/0.0.2.0/pms-application-service.cabal': Could not resolve hostname (6) Could not resolve host: ..; retrying in 2072 ms
error: unable to download '../all-cabal-hashes/pms-application-service/0.0.2.0/pms-application-service.cabal': Could not resolve hostname (6) Could not resolve host: ..
$ nix-prefetch-url --unpack ../all-cabal-hashes/pms-application-service/0.0.2.0/pms-application-service.cabal
warning: error: unable to download '../all-cabal-hashes/pms-application-service/0.0.2.0/pms-application-service.cabal': Could not resolve hostname (6) Could not resolve host: ..; retrying in 260 ms
warning: error: unable to download '../all-cabal-hashes/pms-application-service/0.0.2.0/pms-application-service.cabal': Could not resolve hostname (6) Could not resolve host: ..; retrying in 545 ms
warning: error: unable to download '../all-cabal-hashes/pms-application-service/0.0.2.0/pms-application-service.cabal': Could not resolve hostname (6) Could not resolve host: ..; retrying in 1236 ms
warning: error: unable to download '../all-cabal-hashes/pms-application-service/0.0.2.0/pms-application-service.cabal': Could not resolve hostname (6) Could not resolve host: ..; retrying in 2144 ms
error: unable to download '../all-cabal-hashes/pms-application-service/0.0.2.0/pms-application-service.cabal': Could not resolve hostname (6) Could not resolve host: ..
** need a revision for VCS when the hash is given. skipping.
** need a revision for VCS when the hash is given. skipping.
** need a revision for VCS when the hash is given. skipping.
** need a revision for VCS when the hash is given. skipping.
cabal2nix: user error (Failed to fetch source. Does this source exist? Source {sourceUrl = "../all-cabal-hashes/pms-application-service/0.0.2.0/pms-application-service.cabal", sourceRevision = "", sourceHash = Guess "3ebfd24d0694780b7cf6e7c31729ae15239253fbf846ada8c453dc3875d512ba", sourceCabalDir = ""})


failed when running cabal2nix on ../all-cabal-hashes/pms-application-service/0.0.3.0/pms-application-service.cabal.  Error output from cabal2nix: 
$ nix-prefetch-url --unpack file:///home/runner/work/all-cabal-nixes/all-cabal-hashes/pms-application-service/0.0.3.0/pms-application-service.cabal
error: failed to open archive: Unrecognized archive format
$ nix-prefetch-url ../all-cabal-hashes/pms-application-service/0.0.3.0/pms-application-service.cabal
warning: error: unable to download '../all-cabal-hashes/pms-application-service/0.0.3.0/pms-application-service.cabal': Could not resolve hostname (6) Could not resolve host: ..; retrying in 308 ms
warning: error: unable to download '../all-cabal-hashes/pms-application-service/0.0.3.0/pms-application-service.cabal': Could not resolve hostname (6) Could not resolve host: ..; retrying in 625 ms
warning: error: unable to download '../all-cabal-hashes/pms-application-service/0.0.3.0/pms-application-service.cabal': Could not resolve hostname (6) Could not resolve host: ..; retrying in 1056 ms
warning: error: unable to download '../all-cabal-hashes/pms-application-service/0.0.3.0/pms-application-service.cabal': Could not resolve hostname (6) Could not resolve host: ..; retrying in 2285 ms
error: unable to download '../all-cabal-hashes/pms-application-service/0.0.3.0/pms-application-service.cabal': Could not resolve hostname (6) Could not resolve host: ..
$ nix-prefetch-url --unpack ../all-cabal-hashes/pms-application-service/0.0.3.0/pms-application-service.cabal
warning: error: unable to download '../all-cabal-hashes/pms-application-service/0.0.3.0/pms-application-service.cabal': Could not resolve hostname (6) Could not resolve host: ..; retrying in 271 ms
warning: error: unable to download '../all-cabal-hashes/pms-application-service/0.0.3.0/pms-application-service.cabal': Could not resolve hostname (6) Could not resolve host: ..; retrying in 504 ms
warning: error: unable to download '../all-cabal-hashes/pms-application-service/0.0.3.0/pms-application-service.cabal': Could not resolve hostname (6) Could not resolve host: ..; retrying in 1356 ms
warning: error: unable to download '../all-cabal-hashes/pms-application-service/0.0.3.0/pms-application-service.cabal': Could not resolve hostname (6) Could not resolve host: ..; retrying in 2239 ms
error: unable to download '../all-cabal-hashes/pms-application-service/0.0.3.0/pms-application-service.cabal': Could not resolve hostname (6) Could not resolve host: ..
** need a revision for VCS when the hash is given. skipping.
** need a revision for VCS when the hash is given. skipping.
** need a revision for VCS when the hash is given. skipping.
** need a revision for VCS when the hash is given. skipping.
cabal2nix: user error (Failed to fetch source. Does this source exist? Source {sourceUrl = "../all-cabal-hashes/pms-application-service/0.0.3.0/pms-application-service.cabal", sourceRevision = "", sourceHash = Guess "9ed12347fc4105806bc58c659863732ecd2f7b9d9ee6d01a8e6e6ddaaf86eb30", sourceCabalDir = ""})


failed when running cabal2nix on ../all-cabal-hashes/pms-application-service/0.0.4.0/pms-application-service.cabal.  Error output from cabal2nix: 
$ nix-prefetch-url --unpack file:///home/runner/work/all-cabal-nixes/all-cabal-hashes/pms-application-service/0.0.4.0/pms-application-service.cabal
error: failed to open archive: Unrecognized archive format
$ nix-prefetch-url ../all-cabal-hashes/pms-application-service/0.0.4.0/pms-application-service.cabal
warning: error: unable to download '../all-cabal-hashes/pms-application-service/0.0.4.0/pms-application-service.cabal': Could not resolve hostname (6) Could not resolve host: ..; retrying in 322 ms
warning: error: unable to download '../all-cabal-hashes/pms-application-service/0.0.4.0/pms-application-service.cabal': Could not resolve hostname (6) Could not resolve host: ..; retrying in 635 ms
warning: error: unable to download '../all-cabal-hashes/pms-application-service/0.0.4.0/pms-application-service.cabal': Could not resolve hostname (6) Could not resolve host: ..; retrying in 1408 ms
warning: error: unable to download '../all-cabal-hashes/pms-application-service/0.0.4.0/pms-application-service.cabal': Could not resolve hostname (6) Could not resolve host: ..; retrying in 2125 ms
error: unable to download '../all-cabal-hashes/pms-application-service/0.0.4.0/pms-application-service.cabal': Could not resolve hostname (6) Could not resolve host: ..
$ nix-prefetch-url --unpack ../all-cabal-hashes/pms-application-service/0.0.4.0/pms-application-service.cabal
warning: error: unable to download '../all-cabal-hashes/pms-application-service/0.0.4.0/pms-application-service.cabal': Could not resolve hostname (6) Could not resolve host: ..; retrying in 296 ms
warning: error: unable to download '../all-cabal-hashes/pms-application-service/0.0.4.0/pms-application-service.cabal': Could not resolve hostname (6) Could not resolve host: ..; retrying in 582 ms
warning: error: unable to download '../all-cabal-hashes/pms-application-service/0.0.4.0/pms-application-service.cabal': Could not resolve hostname (6) Could not resolve host: ..; retrying in 1356 ms
warning: error: unable to download '../all-cabal-hashes/pms-application-service/0.0.4.0/pms-application-service.cabal': Could not resolve hostname (6) Could not resolve host: ..; retrying in 2330 ms
error: unable to download '../all-cabal-hashes/pms-application-service/0.0.4.0/pms-application-service.cabal': Could not resolve hostname (6) Could not resolve host: ..
** need a revision for VCS when the hash is given. skipping.
** need a revision for VCS when the hash is given. skipping.
** need a revision for VCS when the hash is given. skipping.
** need a revision for VCS when the hash is given. skipping.
cabal2nix: user error (Failed to fetch source. Does this source exist? Source {sourceUrl = "../all-cabal-hashes/pms-application-service/0.0.4.0/pms-application-service.cabal", sourceRevision = "", sourceHash = Guess "f442c70f24cec378893e9c1472e4a81545441fb96a213f7ba4770b9d8bba2129", sourceCabalDir = ""})


failed when running cabal2nix on ../all-cabal-hashes/pms-domain-model/0.0.1.0/pms-domain-model.cabal.  Error output from cabal2nix: 
$ nix-prefetch-url --unpack file:///home/runner/work/all-cabal-nixes/all-cabal-hashes/pms-domain-model/0.0.1.0/pms-domain-model.cabal
error: failed to open archive: Unrecognized archive format
$ nix-prefetch-url ../all-cabal-hashes/pms-domain-model/0.0.1.0/pms-domain-model.cabal
warning: error: unable to download '../all-cabal-hashes/pms-domain-model/0.0.1.0/pms-domain-model.cabal': Could not resolve hostname (6) Could not resolve host: ..; retrying in 344 ms
warning: error: unable to download '../all-cabal-hashes/pms-domain-model/0.0.1.0/pms-domain-model.cabal': Could not resolve hostname (6) Could not resolve host: ..; retrying in 554 ms
warning: error: unable to download '../all-cabal-hashes/pms-domain-model/0.0.1.0/pms-domain-model.cabal': Could not resolve hostname (6) Could not resolve host: ..; retrying in 1220 ms
warning: error: unable to download '../all-cabal-hashes/pms-domain-model/0.0.1.0/pms-domain-model.cabal': Could not resolve hostname (6) Could not resolve host: ..; retrying in 2164 ms
error: unable to download '../all-cabal-hashes/pms-domain-model/0.0.1.0/pms-domain-model.cabal': Could not resolve hostname (6) Could not resolve host: ..
$ nix-prefetch-url --unpack ../all-cabal-hashes/pms-domain-model/0.0.1.0/pms-domain-model.cabal
warning: error: unable to download '../all-cabal-hashes/pms-domain-model/0.0.1.0/pms-domain-model.cabal': Could not resolve hostname (6) Could not resolve host: ..; retrying in 324 ms
warning: error: unable to download '../all-cabal-hashes/pms-domain-model/0.0.1.0/pms-domain-model.cabal': Could not resolve hostname (6) Could not resolve host: ..; retrying in 573 ms
warning: error: unable to download '../all-cabal-hashes/pms-domain-model/0.0.1.0/pms-domain-model.cabal': Could not resolve hostname (6) Could not resolve host: ..; retrying in 1103 ms
warning: error: unable to download '../all-cabal-hashes/pms-domain-model/0.0.1.0/pms-domain-model.cabal': Could not resolve hostname (6) Could not resolve host: ..; retrying in 2525 ms
error: unable to download '../all-cabal-hashes/pms-domain-model/0.0.1.0/pms-domain-model.cabal': Could not resolve hostname (6) Could not resolve host: ..
** need a revision for VCS when the hash is given. skipping.
** need a revision for VCS when the hash is given. skipping.
** need a revision for VCS when the hash is given. skipping.
** need a revision for VCS when the hash is given. skipping.
cabal2nix: user error (Failed to fetch source. Does this source exist? Source {sourceUrl = "../all-cabal-hashes/pms-domain-model/0.0.1.0/pms-domain-model.cabal", sourceRevision = "", sourceHash = Guess "eab06c217fc4887b72455d8280c22696d08086b46d890f1e83dfcaad1a2669ca", sourceCabalDir = ""})


failed when running cabal2nix on ../all-cabal-hashes/pms-domain-model/0.0.1.1/pms-domain-model.cabal.  Error output from cabal2nix: 
$ nix-prefetch-url --unpack file:///home/runner/work/all-cabal-nixes/all-cabal-hashes/pms-domain-model/0.0.1.1/pms-domain-model.cabal
error: failed to open archive: Unrecognized archive format
$ nix-prefetch-url ../all-cabal-hashes/pms-domain-model/0.0.1.1/pms-domain-model.cabal
warning: error: unable to download '../all-cabal-hashes/pms-domain-model/0.0.1.1/pms-domain-model.cabal': Could not resolve hostname (6) Could not resolve host: ..; retrying in 270 ms
warning: error: unable to download '../all-cabal-hashes/pms-domain-model/0.0.1.1/pms-domain-model.cabal': Could not resolve hostname (6) Could not resolve host: ..; retrying in 669 ms
warning: error: unable to download '../all-cabal-hashes/pms-domain-model/0.0.1.1/pms-domain-model.cabal': Could not resolve hostname (6) Could not resolve host: ..; retrying in 1284 ms
warning: error: unable to download '../all-cabal-hashes/pms-domain-model/0.0.1.1/pms-domain-model.cabal': Could not resolve hostname (6) Could not resolve host: ..; retrying in 2654 ms
error: unable to download '../all-cabal-hashes/pms-domain-model/0.0.1.1/pms-domain-model.cabal': Could not resolve hostname (6) Could not resolve host: ..
$ nix-prefetch-url --unpack ../all-cabal-hashes/pms-domain-model/0.0.1.1/pms-domain-model.cabal
warning: error: unable to download '../all-cabal-hashes/pms-domain-model/0.0.1.1/pms-domain-model.cabal': Could not resolve hostname (6) Could not resolve host: ..; retrying in 290 ms
warning: error: unable to download '../all-cabal-hashes/pms-domain-model/0.0.1.1/pms-domain-model.cabal': Could not resolve hostname (6) Could not resolve host: ..; retrying in 658 ms
warning: error: unable to download '../all-cabal-hashes/pms-domain-model/0.0.1.1/pms-domain-model.cabal': Could not resolve hostname (6) Could not resolve host: ..; retrying in 1350 ms
warning: error: unable to download '../all-cabal-hashes/pms-domain-model/0.0.1.1/pms-domain-model.cabal': Could not resolve hostname (6) Could not resolve host: ..; retrying in 2509 ms
error: unable to download '../all-cabal-hashes/pms-domain-model/0.0.1.1/pms-domain-model.cabal': Could not resolve hostname (6) Could not resolve host: ..
** need a revision for VCS when the hash is given. skipping.
** need a revision for VCS when the hash is given. skipping.
** need a revision for VCS when the hash is given. skipping.
** need a revision for VCS when the hash is given. skipping.
cabal2nix: user error (Failed to fetch source. Does this source exist? Source {sourceUrl = "../all-cabal-hashes/pms-domain-model/0.0.1.1/pms-domain-model.cabal", sourceRevision = "", sourceHash = Guess "e95dea05747e94ff99b4ff75942c6c7b7d6bce3e0ed00fe3e4475660a760a717", sourceCabalDir = ""})


failed when running cabal2nix on ../all-cabal-hashes/pms-domain-model/0.0.2.0/pms-domain-model.cabal.  Error output from cabal2nix: 
$ nix-prefetch-url --unpack file:///home/runner/work/all-cabal-nixes/all-cabal-hashes/pms-domain-model/0.0.2.0/pms-domain-model.cabal
error: failed to open archive: Unrecognized archive format
$ nix-prefetch-url ../all-cabal-hashes/pms-domain-model/0.0.2.0/pms-domain-model.cabal
warning: error: unable to download '../all-cabal-hashes/pms-domain-model/0.0.2.0/pms-domain-model.cabal': Could not resolve hostname (6) Could not resolve host: ..; retrying in 278 ms
warning: error: unable to download '../all-cabal-hashes/pms-domain-model/0.0.2.0/pms-domain-model.cabal': Could not resolve hostname (6) Could not resolve host: ..; retrying in 593 ms
warning: error: unable to download '../all-cabal-hashes/pms-domain-model/0.0.2.0/pms-domain-model.cabal': Could not resolve hostname (6) Could not resolve host: ..; retrying in 1405 ms
warning: error: unable to download '../all-cabal-hashes/pms-domain-model/0.0.2.0/pms-domain-model.cabal': Could not resolve hostname (6) Could not resolve host: ..; retrying in 2436 ms
error: unable to download '../all-cabal-hashes/pms-domain-model/0.0.2.0/pms-domain-model.cabal': Could not resolve hostname (6) Could not resolve host: ..
$ nix-prefetch-url --unpack ../all-cabal-hashes/pms-domain-model/0.0.2.0/pms-domain-model.cabal
warning: error: unable to download '../all-cabal-hashes/pms-domain-model/0.0.2.0/pms-domain-model.cabal': Could not resolve hostname (6) Could not resolve host: ..; retrying in 336 ms
warning: error: unable to download '../all-cabal-hashes/pms-domain-model/0.0.2.0/pms-domain-model.cabal': Could not resolve hostname (6) Could not resolve host: ..; retrying in 603 ms
warning: error: unable to download '../all-cabal-hashes/pms-domain-model/0.0.2.0/pms-domain-model.cabal': Could not resolve hostname (6) Could not resolve host: ..; retrying in 1220 ms
warning: error: unable to download '../all-cabal-hashes/pms-domain-model/0.0.2.0/pms-domain-model.cabal': Could not resolve hostname (6) Could not resolve host: ..; retrying in 2095 ms
error: unable to download '../all-cabal-hashes/pms-domain-model/0.0.2.0/pms-domain-model.cabal': Could not resolve hostname (6) Could not resolve host: ..
** need a revision for VCS when the hash is given. skipping.
** need a revision for VCS when the hash is given. skipping.
** need a revision for VCS when the hash is given. skipping.
** need a revision for VCS when the hash is given. skipping.
cabal2nix: user error (Failed to fetch source. Does this source exist? Source {sourceUrl = "../all-cabal-hashes/pms-domain-model/0.0.2.0/pms-domain-model.cabal", sourceRevision = "", sourceHash = Guess "c32c6f47f16376b78f1456486db1a903985959e586030c02cb2a1692dffcd6d9", sourceCabalDir = ""})


failed when running cabal2nix on ../all-cabal-hashes/pms-domain-model/0.0.3.0/pms-domain-model.cabal.  Error output from cabal2nix: 
$ nix-prefetch-url --unpack file:///home/runner/work/all-cabal-nixes/all-cabal-hashes/pms-domain-model/0.0.3.0/pms-domain-model.cabal
error: failed to open archive: Unrecognized archive format
$ nix-prefetch-url ../all-cabal-hashes/pms-domain-model/0.0.3.0/pms-domain-model.cabal
warning: error: unable to download '../all-cabal-hashes/pms-domain-model/0.0.3.0/pms-domain-model.cabal': Could not resolve hostname (6) Could not resolve host: ..; retrying in 320 ms
warning: error: unable to download '../all-cabal-hashes/pms-domain-model/0.0.3.0/pms-domain-model.cabal': Could not resolve hostname (6) Could not resolve host: ..; retrying in 612 ms
warning: error: unable to download '../all-cabal-hashes/pms-domain-model/0.0.3.0/pms-domain-model.cabal': Could not resolve hostname (6) Could not resolve host: ..; retrying in 1213 ms
warning: error: unable to download '../all-cabal-hashes/pms-domain-model/0.0.3.0/pms-domain-model.cabal': Could not resolve hostname (6) Could not resolve host: ..; retrying in 2620 ms
error: unable to download '../all-cabal-hashes/pms-domain-model/0.0.3.0/pms-domain-model.cabal': Could not resolve hostname (6) Could not resolve host: ..
$ nix-prefetch-url --unpack ../all-cabal-hashes/pms-domain-model/0.0.3.0/pms-domain-model.cabal
warning: error: unable to download '../all-cabal-hashes/pms-domain-model/0.0.3.0/pms-domain-model.cabal': Could not resolve hostname (6) Could not resolve host: ..; retrying in 288 ms
warning: error: unable to download '../all-cabal-hashes/pms-domain-model/0.0.3.0/pms-domain-model.cabal': Could not resolve hostname (6) Could not resolve host: ..; retrying in 553 ms
warning: error: unable to download '../all-cabal-hashes/pms-domain-model/0.0.3.0/pms-domain-model.cabal': Could not resolve hostname (6) Could not resolve host: ..; retrying in 1111 ms
warning: error: unable to download '../all-cabal-hashes/pms-domain-model/0.0.3.0/pms-domain-model.cabal': Could not resolve hostname (6) Could not resolve host: ..; retrying in 2183 ms
error: unable to download '../all-cabal-hashes/pms-domain-model/0.0.3.0/pms-domain-model.cabal': Could not resolve hostname (6) Could not resolve host: ..
** need a revision for VCS when the hash is given. skipping.
** need a revision for VCS when the hash is given. skipping.
** need a revision for VCS when the hash is given. skipping.
** need a revision for VCS when the hash is given. skipping.
cabal2nix: user error (Failed to fetch source. Does this source exist? Source {sourceUrl = "../all-cabal-hashes/pms-domain-model/0.0.3.0/pms-domain-model.cabal", sourceRevision = "", sourceHash = Guess "ff4f473837beb5c0435978d44df6d001c8f7d484d8c6e7111079a0c46a5c2858", sourceCabalDir = ""})


failed when running cabal2nix on ../all-cabal-hashes/pms-domain-model/0.0.4.0/pms-domain-model.cabal.  Error output from cabal2nix: 
$ nix-prefetch-url --unpack file:///home/runner/work/all-cabal-nixes/all-cabal-hashes/pms-domain-model/0.0.4.0/pms-domain-model.cabal
error: failed to open archive: Unrecognized archive format
$ nix-prefetch-url ../all-cabal-hashes/pms-domain-model/0.0.4.0/pms-domain-model.cabal
warning: error: unable to download '../all-cabal-hashes/pms-domain-model/0.0.4.0/pms-domain-model.cabal': Could not resolve hostname (6) Could not resolve host: ..; retrying in 260 ms
warning: error: unable to download '../all-cabal-hashes/pms-domain-model/0.0.4.0/pms-domain-model.cabal': Could not resolve hostname (6) Could not resolve host: ..; retrying in 616 ms
warning: error: unable to download '../all-cabal-hashes/pms-domain-model/0.0.4.0/pms-domain-model.cabal': Could not resolve hostname (6) Could not resolve host: ..; retrying in 1100 ms
warning: error: unable to download '../all-cabal-hashes/pms-domain-model/0.0.4.0/pms-domain-model.cabal': Could not resolve hostname (6) Could not resolve host: ..; retrying in 2493 ms
error: unable to download '../all-cabal-hashes/pms-domain-model/0.0.4.0/pms-domain-model.cabal': Could not resolve hostname (6) Could not resolve host: ..
$ nix-prefetch-url --unpack ../all-cabal-hashes/pms-domain-model/0.0.4.0/pms-domain-model.cabal
warning: error: unable to download '../all-cabal-hashes/pms-domain-model/0.0.4.0/pms-domain-model.cabal': Could not resolve hostname (6) Could not resolve host: ..; retrying in 272 ms
warning: error: unable to download '../all-cabal-hashes/pms-domain-model/0.0.4.0/pms-domain-model.cabal': Could not resolve hostname (6) Could not resolve host: ..; retrying in 628 ms
warning: error: unable to download '../all-cabal-hashes/pms-domain-model/0.0.4.0/pms-domain-model.cabal': Could not resolve hostname (6) Could not resolve host: ..; retrying in 1036 ms
warning: error: unable to download '../all-cabal-hashes/pms-domain-model/0.0.4.0/pms-domain-model.cabal': Could not resolve hostname (6) Could not resolve host: ..; retrying in 2271 ms
error: unable to download '../all-cabal-hashes/pms-domain-model/0.0.4.0/pms-domain-model.cabal': Could not resolve hostname (6) Could not resolve host: ..
** need a revision for VCS when the hash is given. skipping.
** need a revision for VCS when the hash is given. skipping.
** need a revision for VCS when the hash is given. skipping.
** need a revision for VCS when the hash is given. skipping.
cabal2nix: user error (Failed to fetch source. Does this source exist? Source {sourceUrl = "../all-cabal-hashes/pms-domain-model/0.0.4.0/pms-domain-model.cabal", sourceRevision = "", sourceHash = Guess "40a2e7810df9931923e541963a717e88d2f1ad75ea9d1c7be4aa39a107beabfb", sourceCabalDir = ""})


failed when running cabal2nix on ../all-cabal-hashes/pms-domain-model/0.0.5.0/pms-domain-model.cabal.  Error output from cabal2nix: 
$ nix-prefetch-url --unpack file:///home/runner/work/all-cabal-nixes/all-cabal-hashes/pms-domain-model/0.0.5.0/pms-domain-model.cabal
error: failed to open archive: Unrecognized archive format
$ nix-prefetch-url ../all-cabal-hashes/pms-domain-model/0.0.5.0/pms-domain-model.cabal
warning: error: unable to download '../all-cabal-hashes/pms-domain-model/0.0.5.0/pms-domain-model.cabal': Could not resolve hostname (6) Could not resolve host: ..; retrying in 296 ms
warning: error: unable to download '../all-cabal-hashes/pms-domain-model/0.0.5.0/pms-domain-model.cabal': Could not resolve hostname (6) Could not resolve host: ..; retrying in 513 ms
warning: error: unable to download '../all-cabal-hashes/pms-domain-model/0.0.5.0/pms-domain-model.cabal': Could not resolve hostname (6) Could not resolve host: ..; retrying in 1280 ms
warning: error: unable to download '../all-cabal-hashes/pms-domain-model/0.0.5.0/pms-domain-model.cabal': Could not resolve hostname (6) Could not resolve host: ..; retrying in 2223 ms
error: unable to download '../all-cabal-hashes/pms-domain-model/0.0.5.0/pms-domain-model.cabal': Could not resolve hostname (6) Could not resolve host: ..
$ nix-prefetch-url --unpack ../all-cabal-hashes/pms-domain-model/0.0.5.0/pms-domain-model.cabal
warning: error: unable to download '../all-cabal-hashes/pms-domain-model/0.0.5.0/pms-domain-model.cabal': Could not resolve hostname (6) Could not resolve host: ..; retrying in 335 ms
warning: error: unable to download '../all-cabal-hashes/pms-domain-model/0.0.5.0/pms-domain-model.cabal': Could not resolve hostname (6) Could not resolve host: ..; retrying in 641 ms
warning: error: unable to download '../all-cabal-hashes/pms-domain-model/0.0.5.0/pms-domain-model.cabal': Could not resolve hostname (6) Could not resolve host: ..; retrying in 1259 ms
warning: error: unable to download '../all-cabal-hashes/pms-domain-model/0.0.5.0/pms-domain-model.cabal': Could not resolve hostname (6) Could not resolve host: ..; retrying in 2514 ms
error: unable to download '../all-cabal-hashes/pms-domain-model/0.0.5.0/pms-domain-model.cabal': Could not resolve hostname (6) Could not resolve host: ..
** need a revision for VCS when the hash is given. skipping.
** need a revision for VCS when the hash is given. skipping.
** need a revision for VCS when the hash is given. skipping.
** need a revision for VCS when the hash is given. skipping.
cabal2nix: user error (Failed to fetch source. Does this source exist? Source {sourceUrl = "../all-cabal-hashes/pms-domain-model/0.0.5.0/pms-domain-model.cabal", sourceRevision = "", sourceHash = Guess "3ce1e663a4ee2af04c3459bd507c38f7e0839795a63577bbc159926e24010a7c", sourceCabalDir = ""})


failed when running cabal2nix on ../all-cabal-hashes/pms-domain-service/0.0.1.0/pms-domain-service.cabal.  Error output from cabal2nix: 
$ nix-prefetch-url --unpack file:///home/runner/work/all-cabal-nixes/all-cabal-hashes/pms-domain-service/0.0.1.0/pms-domain-service.cabal
error: failed to open archive: Unrecognized archive format
$ nix-prefetch-url ../all-cabal-hashes/pms-domain-service/0.0.1.0/pms-domain-service.cabal
warning: error: unable to download '../all-cabal-hashes/pms-domain-service/0.0.1.0/pms-domain-service.cabal': Could not resolve hostname (6) Could not resolve host: ..; retrying in 267 ms
warning: error: unable to download '../all-cabal-hashes/pms-domain-service/0.0.1.0/pms-domain-service.cabal': Could not resolve hostname (6) Could not resolve host: ..; retrying in 597 ms
warning: error: unable to download '../all-cabal-hashes/pms-domain-service/0.0.1.0/pms-domain-service.cabal': Could not resolve hostname (6) Could not resolve host: ..; retrying in 1233 ms
warning: error: unable to download '../all-cabal-hashes/pms-domain-service/0.0.1.0/pms-domain-service.cabal': Could not resolve hostname (6) Could not resolve host: ..; retrying in 2565 ms
error: unable to download '../all-cabal-hashes/pms-domain-service/0.0.1.0/pms-domain-service.cabal': Could not resolve hostname (6) Could not resolve host: ..
$ nix-prefetch-url --unpack ../all-cabal-hashes/pms-domain-service/0.0.1.0/pms-domain-service.cabal
warning: error: unable to download '../all-cabal-hashes/pms-domain-service/0.0.1.0/pms-domain-service.cabal': Could not resolve hostname (6) Could not resolve host: ..; retrying in 312 ms
warning: error: unable to download '../all-cabal-hashes/pms-domain-service/0.0.1.0/pms-domain-service.cabal': Could not resolve hostname (6) Could not resolve host: ..; retrying in 554 ms
warning: error: unable to download '../all-cabal-hashes/pms-domain-service/0.0.1.0/pms-domain-service.cabal': Could not resolve hostname (6) Could not resolve host: ..; retrying in 1257 ms
warning: error: unable to download '../all-cabal-hashes/pms-domain-service/0.0.1.0/pms-domain-service.cabal': Could not resolve hostname (6) Could not resolve host: ..; retrying in 2473 ms
error: unable to download '../all-cabal-hashes/pms-domain-service/0.0.1.0/pms-domain-service.cabal': Could not resolve hostname (6) Could not resolve host: ..
** need a revision for VCS when the hash is given. skipping.
** need a revision for VCS when the hash is given. skipping.
** need a revision for VCS when the hash is given. skipping.
** need a revision for VCS when the hash is given. skipping.
cabal2nix: user error (Failed to fetch source. Does this source exist? Source {sourceUrl = "../all-cabal-hashes/pms-domain-service/0.0.1.0/pms-domain-service.cabal", sourceRevision = "", sourceHash = Guess "703f209917ff462d48aa6b4a96b20bb31f4493d281476bc59118bc862b9bc751", sourceCabalDir = ""})


failed when running cabal2nix on ../all-cabal-hashes/pms-domain-service/0.0.2.0/pms-domain-service.cabal.  Error output from cabal2nix: 
$ nix-prefetch-url --unpack file:///home/runner/work/all-cabal-nixes/all-cabal-hashes/pms-domain-service/0.0.2.0/pms-domain-service.cabal
error: failed to open archive: Unrecognized archive format
$ nix-prefetch-url ../all-cabal-hashes/pms-domain-service/0.0.2.0/pms-domain-service.cabal
warning: error: unable to download '../all-cabal-hashes/pms-domain-service/0.0.2.0/pms-domain-service.cabal': Could not resolve hostname (6) Could not resolve host: ..; retrying in 271 ms
warning: error: unable to download '../all-cabal-hashes/pms-domain-service/0.0.2.0/pms-domain-service.cabal': Could not resolve hostname (6) Could not resolve host: ..; retrying in 500 ms
warning: error: unable to download '../all-cabal-hashes/pms-domain-service/0.0.2.0/pms-domain-service.cabal': Could not resolve hostname (6) Could not resolve host: ..; retrying in 1028 ms
warning: error: unable to download '../all-cabal-hashes/pms-domain-service/0.0.2.0/pms-domain-service.cabal': Could not resolve hostname (6) Could not resolve host: ..; retrying in 2761 ms
error: unable to download '../all-cabal-hashes/pms-domain-service/0.0.2.0/pms-domain-service.cabal': Could not resolve hostname (6) Could not resolve host: ..
$ nix-prefetch-url --unpack ../all-cabal-hashes/pms-domain-service/0.0.2.0/pms-domain-service.cabal
warning: error: unable to download '../all-cabal-hashes/pms-domain-service/0.0.2.0/pms-domain-service.cabal': Could not resolve hostname (6) Could not resolve host: ..; retrying in 273 ms
warning: error: unable to download '../all-cabal-hashes/pms-domain-service/0.0.2.0/pms-domain-service.cabal': Could not resolve hostname (6) Could not resolve host: ..; retrying in 705 ms
warning: error: unable to download '../all-cabal-hashes/pms-domain-service/0.0.2.0/pms-domain-service.cabal': Could not resolve hostname (6) Could not resolve host: ..; retrying in 1245 ms
warning: error: unable to download '../all-cabal-hashes/pms-domain-service/0.0.2.0/pms-domain-service.cabal': Could not resolve hostname (6) Could not resolve host: ..; retrying in 2066 ms
error: unable to download '../all-cabal-hashes/pms-domain-service/0.0.2.0/pms-domain-service.cabal': Could not resolve hostname (6) Could not resolve host: ..
** need a revision for VCS when the hash is given. skipping.
** need a revision for VCS when the hash is given. skipping.
** need a revision for VCS when the hash is given. skipping.
** need a revision for VCS when the hash is given. skipping.
cabal2nix: user error (Failed to fetch source. Does this source exist? Source {sourceUrl = "../all-cabal-hashes/pms-domain-service/0.0.2.0/pms-domain-service.cabal", sourceRevision = "", sourceHash = Guess "9baa6abc50ea863f617efdc0d7b343515062315a7f117e6b5099215efacd5cba", sourceCabalDir = ""})


failed when running cabal2nix on ../all-cabal-hashes/pms-domain-service/0.0.3.0/pms-domain-service.cabal.  Error output from cabal2nix: 
$ nix-prefetch-url --unpack file:///home/runner/work/all-cabal-nixes/all-cabal-hashes/pms-domain-service/0.0.3.0/pms-domain-service.cabal
error: failed to open archive: Unrecognized archive format
$ nix-prefetch-url ../all-cabal-hashes/pms-domain-service/0.0.3.0/pms-domain-service.cabal
warning: error: unable to download '../all-cabal-hashes/pms-domain-service/0.0.3.0/pms-domain-service.cabal': Could not resolve hostname (6) Could not resolve host: ..; retrying in 346 ms
warning: error: unable to download '../all-cabal-hashes/pms-domain-service/0.0.3.0/pms-domain-service.cabal': Could not resolve hostname (6) Could not resolve host: ..; retrying in 529 ms
warning: error: unable to download '../all-cabal-hashes/pms-domain-service/0.0.3.0/pms-domain-service.cabal': Could not resolve hostname (6) Could not resolve host: ..; retrying in 1092 ms
warning: error: unable to download '../all-cabal-hashes/pms-domain-service/0.0.3.0/pms-domain-service.cabal': Could not resolve hostname (6) Could not resolve host: ..; retrying in 2719 ms
error: unable to download '../all-cabal-hashes/pms-domain-service/0.0.3.0/pms-domain-service.cabal': Could not resolve hostname (6) Could not resolve host: ..
$ nix-prefetch-url --unpack ../all-cabal-hashes/pms-domain-service/0.0.3.0/pms-domain-service.cabal
warning: error: unable to download '../all-cabal-hashes/pms-domain-service/0.0.3.0/pms-domain-service.cabal': Could not resolve hostname (6) Could not resolve host: ..; retrying in 253 ms
warning: error: unable to download '../all-cabal-hashes/pms-domain-service/0.0.3.0/pms-domain-service.cabal': Could not resolve hostname (6) Could not resolve host: ..; retrying in 503 ms
warning: error: unable to download '../all-cabal-hashes/pms-domain-service/0.0.3.0/pms-domain-service.cabal': Could not resolve hostname (6) Could not resolve host: ..; retrying in 1171 ms
warning: error: unable to download '../all-cabal-hashes/pms-domain-service/0.0.3.0/pms-domain-service.cabal': Could not resolve hostname (6) Could not resolve host: ..; retrying in 2383 ms
error: unable to download '../all-cabal-hashes/pms-domain-service/0.0.3.0/pms-domain-service.cabal': Could not resolve hostname (6) Could not resolve host: ..
** need a revision for VCS when the hash is given. skipping.
** need a revision for VCS when the hash is given. skipping.
** need a revision for VCS when the hash is given. skipping.
** need a revision for VCS when the hash is given. skipping.
cabal2nix: user error (Failed to fetch source. Does this source exist? Source {sourceUrl = "../all-cabal-hashes/pms-domain-service/0.0.3.0/pms-domain-service.cabal", sourceRevision = "", sourceHash = Guess "b60c22f0dd0b9ff42930e15d3d605a98b288f35ea10c10485d06fe76234e7676", sourceCabalDir = ""})


failed when running cabal2nix on ../all-cabal-hashes/pms-domain-service/0.0.4.0/pms-domain-service.cabal.  Error output from cabal2nix: 
$ nix-prefetch-url --unpack file:///home/runner/work/all-cabal-nixes/all-cabal-hashes/pms-domain-service/0.0.4.0/pms-domain-service.cabal
error: failed to open archive: Unrecognized archive format
$ nix-prefetch-url ../all-cabal-hashes/pms-domain-service/0.0.4.0/pms-domain-service.cabal
warning: error: unable to download '../all-cabal-hashes/pms-domain-service/0.0.4.0/pms-domain-service.cabal': Could not resolve hostname (6) Could not resolve host: ..; retrying in 287 ms
warning: error: unable to download '../all-cabal-hashes/pms-domain-service/0.0.4.0/pms-domain-service.cabal': Could not resolve hostname (6) Could not resolve host: ..; retrying in 505 ms
warning: error: unable to download '../all-cabal-hashes/pms-domain-service/0.0.4.0/pms-domain-service.cabal': Could not resolve hostname (6) Could not resolve host: ..; retrying in 1214 ms
warning: error: unable to download '../all-cabal-hashes/pms-domain-service/0.0.4.0/pms-domain-service.cabal': Could not resolve hostname (6) Could not resolve host: ..; retrying in 2007 ms
error: unable to download '../all-cabal-hashes/pms-domain-service/0.0.4.0/pms-domain-service.cabal': Could not resolve hostname (6) Could not resolve host: ..
$ nix-prefetch-url --unpack ../all-cabal-hashes/pms-domain-service/0.0.4.0/pms-domain-service.cabal
warning: error: unable to download '../all-cabal-hashes/pms-domain-service/0.0.4.0/pms-domain-service.cabal': Could not resolve hostname (6) Could not resolve host: ..; retrying in 289 ms
warning: error: unable to download '../all-cabal-hashes/pms-domain-service/0.0.4.0/pms-domain-service.cabal': Could not resolve hostname (6) Could not resolve host: ..; retrying in 581 ms
warning: error: unable to download '../all-cabal-hashes/pms-domain-service/0.0.4.0/pms-domain-service.cabal': Could not resolve hostname (6) Could not resolve host: ..; retrying in 1338 ms
warning: error: unable to download '../all-cabal-hashes/pms-domain-service/0.0.4.0/pms-domain-service.cabal': Could not resolve hostname (6) Could not resolve host: ..; retrying in 2475 ms
error: unable to download '../all-cabal-hashes/pms-domain-service/0.0.4.0/pms-domain-service.cabal': Could not resolve hostname (6) Could not resolve host: ..
** need a revision for VCS when the hash is given. skipping.
** need a revision for VCS when the hash is given. skipping.
** need a revision for VCS when the hash is given. skipping.
** need a revision for VCS when the hash is given. skipping.
cabal2nix: user error (Failed to fetch source. Does this source exist? Source {sourceUrl = "../all-cabal-hashes/pms-domain-service/0.0.4.0/pms-domain-service.cabal", sourceRevision = "", sourceHash = Guess "d61333aff1cf8e783ad7f9a59d4ff61ea63bd153506a4366dcfe590173636aaa", sourceCabalDir = ""})


failed when running cabal2nix on ../all-cabal-hashes/pms-infra-cmdrun/0.0.1.0/pms-infra-cmdrun.cabal.  Error output from cabal2nix: 
$ nix-prefetch-url --unpack file:///home/runner/work/all-cabal-nixes/all-cabal-hashes/pms-infra-cmdrun/0.0.1.0/pms-infra-cmdrun.cabal
error: failed to open archive: Unrecognized archive format
$ nix-prefetch-url ../all-cabal-hashes/pms-infra-cmdrun/0.0.1.0/pms-infra-cmdrun.cabal
warning: error: unable to download '../all-cabal-hashes/pms-infra-cmdrun/0.0.1.0/pms-infra-cmdrun.cabal': Could not resolve hostname (6) Could not resolve host: ..; retrying in 333 ms
warning: error: unable to download '../all-cabal-hashes/pms-infra-cmdrun/0.0.1.0/pms-infra-cmdrun.cabal': Could not resolve hostname (6) Could not resolve host: ..; retrying in 565 ms
warning: error: unable to download '../all-cabal-hashes/pms-infra-cmdrun/0.0.1.0/pms-infra-cmdrun.cabal': Could not resolve hostname (6) Could not resolve host: ..; retrying in 1238 ms
warning: error: unable to download '../all-cabal-hashes/pms-infra-cmdrun/0.0.1.0/pms-infra-cmdrun.cabal': Could not resolve hostname (6) Could not resolve host: ..; retrying in 2150 ms
error: unable to download '../all-cabal-hashes/pms-infra-cmdrun/0.0.1.0/pms-infra-cmdrun.cabal': Could not resolve hostname (6) Could not resolve host: ..
$ nix-prefetch-url --unpack ../all-cabal-hashes/pms-infra-cmdrun/0.0.1.0/pms-infra-cmdrun.cabal
warning: error: unable to download '../all-cabal-hashes/pms-infra-cmdrun/0.0.1.0/pms-infra-cmdrun.cabal': Could not resolve hostname (6) Could not resolve host: ..; retrying in 292 ms
warning: error: unable to download '../all-cabal-hashes/pms-infra-cmdrun/0.0.1.0/pms-infra-cmdrun.cabal': Could not resolve hostname (6) Could not resolve host: ..; retrying in 645 ms
warning: error: unable to download '../all-cabal-hashes/pms-infra-cmdrun/0.0.1.0/pms-infra-cmdrun.cabal': Could not resolve hostname (6) Could not resolve host: ..; retrying in 1050 ms
warning: error: unable to download '../all-cabal-hashes/pms-infra-cmdrun/0.0.1.0/pms-infra-cmdrun.cabal': Could not resolve hostname (6) Could not resolve host: ..; retrying in 2258 ms
error: unable to download '../all-cabal-hashes/pms-infra-cmdrun/0.0.1.0/pms-infra-cmdrun.cabal': Could not resolve hostname (6) Could not resolve host: ..
** need a revision for VCS when the hash is given. skipping.
** need a revision for VCS when the hash is given. skipping.
** need a revision for VCS when the hash is given. skipping.
** need a revision for VCS when the hash is given. skipping.
cabal2nix: user error (Failed to fetch source. Does this source exist? Source {sourceUrl = "../all-cabal-hashes/pms-infra-cmdrun/0.0.1.0/pms-infra-cmdrun.cabal", sourceRevision = "", sourceHash = Guess "db88b354a35d86a087338c4d082f3c04b55446725d6a0524223fc3a68e1fae9b", sourceCabalDir = ""})


failed when running cabal2nix on ../all-cabal-hashes/pms-infra-cmdrun/0.0.2.0/pms-infra-cmdrun.cabal.  Error output from cabal2nix: 
$ nix-prefetch-url --unpack file:///home/runner/work/all-cabal-nixes/all-cabal-hashes/pms-infra-cmdrun/0.0.2.0/pms-infra-cmdrun.cabal
error: failed to open archive: Unrecognized archive format
$ nix-prefetch-url ../all-cabal-hashes/pms-infra-cmdrun/0.0.2.0/pms-infra-cmdrun.cabal
warning: error: unable to download '../all-cabal-hashes/pms-infra-cmdrun/0.0.2.0/pms-infra-cmdrun.cabal': Could not resolve hostname (6) Could not resolve host: ..; retrying in 298 ms
warning: error: unable to download '../all-cabal-hashes/pms-infra-cmdrun/0.0.2.0/pms-infra-cmdrun.cabal': Could not resolve hostname (6) Could not resolve host: ..; retrying in 554 ms
warning: error: unable to download '../all-cabal-hashes/pms-infra-cmdrun/0.0.2.0/pms-infra-cmdrun.cabal': Could not resolve hostname (6) Could not resolve host: ..; retrying in 1370 ms
warning: error: unable to download '../all-cabal-hashes/pms-infra-cmdrun/0.0.2.0/pms-infra-cmdrun.cabal': Could not resolve hostname (6) Could not resolve host: ..; retrying in 2129 ms
error: unable to download '../all-cabal-hashes/pms-infra-cmdrun/0.0.2.0/pms-infra-cmdrun.cabal': Could not resolve hostname (6) Could not resolve host: ..
$ nix-prefetch-url --unpack ../all-cabal-hashes/pms-infra-cmdrun/0.0.2.0/pms-infra-cmdrun.cabal
warning: error: unable to download '../all-cabal-hashes/pms-infra-cmdrun/0.0.2.0/pms-infra-cmdrun.cabal': Could not resolve hostname (6) Could not resolve host: ..; retrying in 285 ms
warning: error: unable to download '../all-cabal-hashes/pms-infra-cmdrun/0.0.2.0/pms-infra-cmdrun.cabal': Could not resolve hostname (6) Could not resolve host: ..; retrying in 674 ms
warning: error: unable to download '../all-cabal-hashes/pms-infra-cmdrun/0.0.2.0/pms-infra-cmdrun.cabal': Could not resolve hostname (6) Could not resolve host: ..; retrying in 1179 ms
warning: error: unable to download '../all-cabal-hashes/pms-infra-cmdrun/0.0.2.0/pms-infra-cmdrun.cabal': Could not resolve hostname (6) Could not resolve host: ..; retrying in 2406 ms
error: unable to download '../all-cabal-hashes/pms-infra-cmdrun/0.0.2.0/pms-infra-cmdrun.cabal': Could not resolve hostname (6) Could not resolve host: ..
** need a revision for VCS when the hash is given. skipping.
** need a revision for VCS when the hash is given. skipping.
** need a revision for VCS when the hash is given. skipping.
** need a revision for VCS when the hash is given. skipping.
cabal2nix: user error (Failed to fetch source. Does this source exist? Source {sourceUrl = "../all-cabal-hashes/pms-infra-cmdrun/0.0.2.0/pms-infra-cmdrun.cabal", sourceRevision = "", sourceHash = Guess "fe3fdf605125476238164638c17b1496ae1bf162f6b898889e04d45822839230", sourceCabalDir = ""})


failed when running cabal2nix on ../all-cabal-hashes/pms-infra-procspawn/0.0.1.0/pms-infra-procspawn.cabal.  Error output from cabal2nix: 
$ nix-prefetch-url --unpack file:///home/runner/work/all-cabal-nixes/all-cabal-hashes/pms-infra-procspawn/0.0.1.0/pms-infra-procspawn.cabal
error: failed to open archive: Unrecognized archive format
$ nix-prefetch-url ../all-cabal-hashes/pms-infra-procspawn/0.0.1.0/pms-infra-procspawn.cabal
warning: error: unable to download '../all-cabal-hashes/pms-infra-procspawn/0.0.1.0/pms-infra-procspawn.cabal': Could not resolve hostname (6) Could not resolve host: ..; retrying in 279 ms
warning: error: unable to download '../all-cabal-hashes/pms-infra-procspawn/0.0.1.0/pms-infra-procspawn.cabal': Could not resolve hostname (6) Could not resolve host: ..; retrying in 557 ms
warning: error: unable to download '../all-cabal-hashes/pms-infra-procspawn/0.0.1.0/pms-infra-procspawn.cabal': Could not resolve hostname (6) Could not resolve host: ..; retrying in 1144 ms
warning: error: unable to download '../all-cabal-hashes/pms-infra-procspawn/0.0.1.0/pms-infra-procspawn.cabal': Could not resolve hostname (6) Could not resolve host: ..; retrying in 2461 ms
error: unable to download '../all-cabal-hashes/pms-infra-procspawn/0.0.1.0/pms-infra-procspawn.cabal': Could not resolve hostname (6) Could not resolve host: ..
$ nix-prefetch-url --unpack ../all-cabal-hashes/pms-infra-procspawn/0.0.1.0/pms-infra-procspawn.cabal
warning: error: unable to download '../all-cabal-hashes/pms-infra-procspawn/0.0.1.0/pms-infra-procspawn.cabal': Could not resolve hostname (6) Could not resolve host: ..; retrying in 254 ms
warning: error: unable to download '../all-cabal-hashes/pms-infra-procspawn/0.0.1.0/pms-infra-procspawn.cabal': Could not resolve hostname (6) Could not resolve host: ..; retrying in 574 ms
warning: error: unable to download '../all-cabal-hashes/pms-infra-procspawn/0.0.1.0/pms-infra-procspawn.cabal': Could not resolve hostname (6) Could not resolve host: ..; retrying in 1392 ms
warning: error: unable to download '../all-cabal-hashes/pms-infra-procspawn/0.0.1.0/pms-infra-procspawn.cabal': Could not resolve hostname (6) Could not resolve host: ..; retrying in 2003 ms
error: unable to download '../all-cabal-hashes/pms-infra-procspawn/0.0.1.0/pms-infra-procspawn.cabal': Could not resolve hostname (6) Could not resolve host: ..
** need a revision for VCS when the hash is given. skipping.
** need a revision for VCS when the hash is given. skipping.
** need a revision for VCS when the hash is given. skipping.
** need a revision for VCS when the hash is given. skipping.
cabal2nix: user error (Failed to fetch source. Does this source exist? Source {sourceUrl = "../all-cabal-hashes/pms-infra-procspawn/0.0.1.0/pms-infra-procspawn.cabal", sourceRevision = "", sourceHash = Guess "0289dc56c414375faa4d3c694eed16d5e2ac75b599679fe605746b011128e0f1", sourceCabalDir = ""})


failed when running cabal2nix on ../all-cabal-hashes/pms-infra-socket/0.0.1.0/pms-infra-socket.cabal.  Error output from cabal2nix: 
$ nix-prefetch-url --unpack file:///home/runner/work/all-cabal-nixes/all-cabal-hashes/pms-infra-socket/0.0.1.0/pms-infra-socket.cabal
error: failed to open archive: Unrecognized archive format
$ nix-prefetch-url ../all-cabal-hashes/pms-infra-socket/0.0.1.0/pms-infra-socket.cabal
warning: error: unable to download '../all-cabal-hashes/pms-infra-socket/0.0.1.0/pms-infra-socket.cabal': Could not resolve hostname (6) Could not resolve host: ..; retrying in 278 ms
warning: error: unable to download '../all-cabal-hashes/pms-infra-socket/0.0.1.0/pms-infra-socket.cabal': Could not resolve hostname (6) Could not resolve host: ..; retrying in 528 ms
warning: error: unable to download '../all-cabal-hashes/pms-infra-socket/0.0.1.0/pms-infra-socket.cabal': Could not resolve hostname (6) Could not resolve host: ..; retrying in 1315 ms
warning: error: unable to download '../all-cabal-hashes/pms-infra-socket/0.0.1.0/pms-infra-socket.cabal': Could not resolve hostname (6) Could not resolve host: ..; retrying in 2743 ms
error: unable to download '../all-cabal-hashes/pms-infra-socket/0.0.1.0/pms-infra-socket.cabal': Could not resolve hostname (6) Could not resolve host: ..
$ nix-prefetch-url --unpack ../all-cabal-hashes/pms-infra-socket/0.0.1.0/pms-infra-socket.cabal
warning: error: unable to download '../all-cabal-hashes/pms-infra-socket/0.0.1.0/pms-infra-socket.cabal': Could not resolve hostname (6) Could not resolve host: ..; retrying in 251 ms
warning: error: unable to download '../all-cabal-hashes/pms-infra-socket/0.0.1.0/pms-infra-socket.cabal': Could not resolve hostname (6) Could not resolve host: ..; retrying in 530 ms
warning: error: unable to download '../all-cabal-hashes/pms-infra-socket/0.0.1.0/pms-infra-socket.cabal': Could not resolve hostname (6) Could not resolve host: ..; retrying in 1292 ms
warning: error: unable to download '../all-cabal-hashes/pms-infra-socket/0.0.1.0/pms-infra-socket.cabal': Could not resolve hostname (6) Could not resolve host: ..; retrying in 2062 ms
error: unable to download '../all-cabal-hashes/pms-infra-socket/0.0.1.0/pms-infra-socket.cabal': Could not resolve hostname (6) Could not resolve host: ..
** need a revision for VCS when the hash is given. skipping.
** need a revision for VCS when the hash is given. skipping.
** need a revision for VCS when the hash is given. skipping.
** need a revision for VCS when the hash is given. skipping.
cabal2nix: user error (Failed to fetch source. Does this source exist? Source {sourceUrl = "../all-cabal-hashes/pms-infra-socket/0.0.1.0/pms-infra-socket.cabal", sourceRevision = "", sourceHash = Guess "25e60ca1625e72035a1da0ed7fec180fe5ec69e66778d9449904301e34473f06", sourceCabalDir = ""})


failed when running cabal2nix on ../all-cabal-hashes/pms-infra-watch/0.0.1.0/pms-infra-watch.cabal.  Error output from cabal2nix: 
$ nix-prefetch-url --unpack file:///home/runner/work/all-cabal-nixes/all-cabal-hashes/pms-infra-watch/0.0.1.0/pms-infra-watch.cabal
error: failed to open archive: Unrecognized archive format
$ nix-prefetch-url ../all-cabal-hashes/pms-infra-watch/0.0.1.0/pms-infra-watch.cabal
warning: error: unable to download '../all-cabal-hashes/pms-infra-watch/0.0.1.0/pms-infra-watch.cabal': Could not resolve hostname (6) Could not resolve host: ..; retrying in 278 ms
warning: error: unable to download '../all-cabal-hashes/pms-infra-watch/0.0.1.0/pms-infra-watch.cabal': Could not resolve hostname (6) Could not resolve host: ..; retrying in 655 ms
warning: error: unable to download '../all-cabal-hashes/pms-infra-watch/0.0.1.0/pms-infra-watch.cabal': Could not resolve hostname (6) Could not resolve host: ..; retrying in 1307 ms
warning: error: unable to download '../all-cabal-hashes/pms-infra-watch/0.0.1.0/pms-infra-watch.cabal': Could not resolve hostname (6) Could not resolve host: ..; retrying in 2669 ms
error: unable to download '../all-cabal-hashes/pms-infra-watch/0.0.1.0/pms-infra-watch.cabal': Could not resolve hostname (6) Could not resolve host: ..
$ nix-prefetch-url --unpack ../all-cabal-hashes/pms-infra-watch/0.0.1.0/pms-infra-watch.cabal
warning: error: unable to download '../all-cabal-hashes/pms-infra-watch/0.0.1.0/pms-infra-watch.cabal': Could not resolve hostname (6) Could not resolve host: ..; retrying in 289 ms
warning: error: unable to download '../all-cabal-hashes/pms-infra-watch/0.0.1.0/pms-infra-watch.cabal': Could not resolve hostname (6) Could not resolve host: ..; retrying in 541 ms
warning: error: unable to download '../all-cabal-hashes/pms-infra-watch/0.0.1.0/pms-infra-watch.cabal': Could not resolve hostname (6) Could not resolve host: ..; retrying in 1386 ms
warning: error: unable to download '../all-cabal-hashes/pms-infra-watch/0.0.1.0/pms-infra-watch.cabal': Could not resolve hostname (6) Could not resolve host: ..; retrying in 2590 ms
error: unable to download '../all-cabal-hashes/pms-infra-watch/0.0.1.0/pms-infra-watch.cabal': Could not resolve hostname (6) Could not resolve host: ..
** need a revision for VCS when the hash is given. skipping.
** need a revision for VCS when the hash is given. skipping.
** need a revision for VCS when the hash is given. skipping.
** need a revision for VCS when the hash is given. skipping.
cabal2nix: user error (Failed to fetch source. Does this source exist? Source {sourceUrl = "../all-cabal-hashes/pms-infra-watch/0.0.1.0/pms-infra-watch.cabal", sourceRevision = "", sourceHash = Guess "5b532f2727789f7ac08e83dc5dc1b3948e9bdefe0b05e5bedb99e9f1941e13bf", sourceCabalDir = ""})


failed when running cabal2nix on ../all-cabal-hashes/pms-infra-watch/0.0.2.0/pms-infra-watch.cabal.  Error output from cabal2nix: 
$ nix-prefetch-url --unpack file:///home/runner/work/all-cabal-nixes/all-cabal-hashes/pms-infra-watch/0.0.2.0/pms-infra-watch.cabal
error: failed to open archive: Unrecognized archive format
$ nix-prefetch-url ../all-cabal-hashes/pms-infra-watch/0.0.2.0/pms-infra-watch.cabal
warning: error: unable to download '../all-cabal-hashes/pms-infra-watch/0.0.2.0/pms-infra-watch.cabal': Could not resolve hostname (6) Could not resolve host: ..; retrying in 299 ms
warning: error: unable to download '../all-cabal-hashes/pms-infra-watch/0.0.2.0/pms-infra-watch.cabal': Could not resolve hostname (6) Could not resolve host: ..; retrying in 637 ms
warning: error: unable to download '../all-cabal-hashes/pms-infra-watch/0.0.2.0/pms-infra-watch.cabal': Could not resolve hostname (6) Could not resolve host: ..; retrying in 1236 ms
warning: error: unable to download '../all-cabal-hashes/pms-infra-watch/0.0.2.0/pms-infra-watch.cabal': Could not resolve hostname (6) Could not resolve host: ..; retrying in 2339 ms
error: unable to download '../all-cabal-hashes/pms-infra-watch/0.0.2.0/pms-infra-watch.cabal': Could not resolve hostname (6) Could not resolve host: ..
$ nix-prefetch-url --unpack ../all-cabal-hashes/pms-infra-watch/0.0.2.0/pms-infra-watch.cabal
warning: error: unable to download '../all-cabal-hashes/pms-infra-watch/0.0.2.0/pms-infra-watch.cabal': Could not resolve hostname (6) Could not resolve host: ..; retrying in 306 ms
warning: error: unable to download '../all-cabal-hashes/pms-infra-watch/0.0.2.0/pms-infra-watch.cabal': Could not resolve hostname (6) Could not resolve host: ..; retrying in 556 ms
warning: error: unable to download '../all-cabal-hashes/pms-infra-watch/0.0.2.0/pms-infra-watch.cabal': Could not resolve hostname (6) Could not resolve host: ..; retrying in 1193 ms
warning: error: unable to download '../all-cabal-hashes/pms-infra-watch/0.0.2.0/pms-infra-watch.cabal': Could not resolve hostname (6) Could not resolve host: ..; retrying in 2290 ms
error: unable to download '../all-cabal-hashes/pms-infra-watch/0.0.2.0/pms-infra-watch.cabal': Could not resolve hostname (6) Could not resolve host: ..
** need a revision for VCS when the hash is given. skipping.
** need a revision for VCS when the hash is given. skipping.
** need a revision for VCS when the hash is given. skipping.
** need a revision for VCS when the hash is given. skipping.
cabal2nix: user error (Failed to fetch source. Does this source exist? Source {sourceUrl = "../all-cabal-hashes/pms-infra-watch/0.0.2.0/pms-infra-watch.cabal", sourceRevision = "", sourceHash = Guess "87a0e7a41040f714105244635a985de07bc0fd9293ba4a58a7fcbd11da445a47", sourceCabalDir = ""})


failed when running cabal2nix on ../all-cabal-hashes/pms-infra-watch/0.0.3.0/pms-infra-watch.cabal.  Error output from cabal2nix: 
$ nix-prefetch-url --unpack file:///home/runner/work/all-cabal-nixes/all-cabal-hashes/pms-infra-watch/0.0.3.0/pms-infra-watch.cabal
error: failed to open archive: Unrecognized archive format
$ nix-prefetch-url ../all-cabal-hashes/pms-infra-watch/0.0.3.0/pms-infra-watch.cabal
warning: error: unable to download '../all-cabal-hashes/pms-infra-watch/0.0.3.0/pms-infra-watch.cabal': Could not resolve hostname (6) Could not resolve host: ..; retrying in 295 ms
warning: error: unable to download '../all-cabal-hashes/pms-infra-watch/0.0.3.0/pms-infra-watch.cabal': Could not resolve hostname (6) Could not resolve host: ..; retrying in 506 ms
warning: error: unable to download '../all-cabal-hashes/pms-infra-watch/0.0.3.0/pms-infra-watch.cabal': Could not resolve hostname (6) Could not resolve host: ..; retrying in 1393 ms
warning: error: unable to download '../all-cabal-hashes/pms-infra-watch/0.0.3.0/pms-infra-watch.cabal': Could not resolve hostname (6) Could not resolve host: ..; retrying in 2665 ms
error: unable to download '../all-cabal-hashes/pms-infra-watch/0.0.3.0/pms-infra-watch.cabal': Could not resolve hostname (6) Could not resolve host: ..
$ nix-prefetch-url --unpack ../all-cabal-hashes/pms-infra-watch/0.0.3.0/pms-infra-watch.cabal
warning: error: unable to download '../all-cabal-hashes/pms-infra-watch/0.0.3.0/pms-infra-watch.cabal': Could not resolve hostname (6) Could not resolve host: ..; retrying in 345 ms
warning: error: unable to download '../all-cabal-hashes/pms-infra-watch/0.0.3.0/pms-infra-watch.cabal': Could not resolve hostname (6) Could not resolve host: ..; retrying in 560 ms
warning: error: unable to download '../all-cabal-hashes/pms-infra-watch/0.0.3.0/pms-infra-watch.cabal': Could not resolve hostname (6) Could not resolve host: ..; retrying in 1045 ms
warning: error: unable to download '../all-cabal-hashes/pms-infra-watch/0.0.3.0/pms-infra-watch.cabal': Could not resolve hostname (6) Could not resolve host: ..; retrying in 2643 ms
error: unable to download '../all-cabal-hashes/pms-infra-watch/0.0.3.0/pms-infra-watch.cabal': Could not resolve hostname (6) Could not resolve host: ..
** need a revision for VCS when the hash is given. skipping.
** need a revision for VCS when the hash is given. skipping.
** need a revision for VCS when the hash is given. skipping.
** need a revision for VCS when the hash is given. skipping.
cabal2nix: user error (Failed to fetch source. Does this source exist? Source {sourceUrl = "../all-cabal-hashes/pms-infra-watch/0.0.3.0/pms-infra-watch.cabal", sourceRevision = "", sourceHash = Guess "fdf66bedc43691757315ebbd9bcdad31294fc1e3e00e6d62def7dce47af39153", sourceCabalDir = ""})


failed when running cabal2nix on ../all-cabal-hashes/pms-infrastructure/0.0.1.0/pms-infrastructure.cabal.  Error output from cabal2nix: 
$ nix-prefetch-url --unpack file:///home/runner/work/all-cabal-nixes/all-cabal-hashes/pms-infrastructure/0.0.1.0/pms-infrastructure.cabal
error: failed to open archive: Unrecognized archive format
$ nix-prefetch-url ../all-cabal-hashes/pms-infrastructure/0.0.1.0/pms-infrastructure.cabal
warning: error: unable to download '../all-cabal-hashes/pms-infrastructure/0.0.1.0/pms-infrastructure.cabal': Could not resolve hostname (6) Could not resolve host: ..; retrying in 342 ms
warning: error: unable to download '../all-cabal-hashes/pms-infrastructure/0.0.1.0/pms-infrastructure.cabal': Could not resolve hostname (6) Could not resolve host: ..; retrying in 596 ms
warning: error: unable to download '../all-cabal-hashes/pms-infrastructure/0.0.1.0/pms-infrastructure.cabal': Could not resolve hostname (6) Could not resolve host: ..; retrying in 1378 ms
warning: error: unable to download '../all-cabal-hashes/pms-infrastructure/0.0.1.0/pms-infrastructure.cabal': Could not resolve hostname (6) Could not resolve host: ..; retrying in 2431 ms
error: unable to download '../all-cabal-hashes/pms-infrastructure/0.0.1.0/pms-infrastructure.cabal': Could not resolve hostname (6) Could not resolve host: ..
$ nix-prefetch-url --unpack ../all-cabal-hashes/pms-infrastructure/0.0.1.0/pms-infrastructure.cabal
warning: error: unable to download '../all-cabal-hashes/pms-infrastructure/0.0.1.0/pms-infrastructure.cabal': Could not resolve hostname (6) Could not resolve host: ..; retrying in 322 ms
warning: error: unable to download '../all-cabal-hashes/pms-infrastructure/0.0.1.0/pms-infrastructure.cabal': Could not resolve hostname (6) Could not resolve host: ..; retrying in 572 ms
warning: error: unable to download '../all-cabal-hashes/pms-infrastructure/0.0.1.0/pms-infrastructure.cabal': Could not resolve hostname (6) Could not resolve host: ..; retrying in 1268 ms
warning: error: unable to download '../all-cabal-hashes/pms-infrastructure/0.0.1.0/pms-infrastructure.cabal': Could not resolve hostname (6) Could not resolve host: ..; retrying in 2301 ms
error: unable to download '../all-cabal-hashes/pms-infrastructure/0.0.1.0/pms-infrastructure.cabal': Could not resolve hostname (6) Could not resolve host: ..
** need a revision for VCS when the hash is given. skipping.
** need a revision for VCS when the hash is given. skipping.
** need a revision for VCS when the hash is given. skipping.
** need a revision for VCS when the hash is given. skipping.
cabal2nix: user error (Failed to fetch source. Does this source exist? Source {sourceUrl = "../all-cabal-hashes/pms-infrastructure/0.0.1.0/pms-infrastructure.cabal", sourceRevision = "", sourceHash = Guess "bb196b9c6298526af8de4fba7df5c3f8bfa926da581272225eaf3c2e94b4c550", sourceCabalDir = ""})


failed when running cabal2nix on ../all-cabal-hashes/pms-infrastructure/0.0.2.0/pms-infrastructure.cabal.  Error output from cabal2nix: 
$ nix-prefetch-url --unpack file:///home/runner/work/all-cabal-nixes/all-cabal-hashes/pms-infrastructure/0.0.2.0/pms-infrastructure.cabal
error: failed to open archive: Unrecognized archive format
$ nix-prefetch-url ../all-cabal-hashes/pms-infrastructure/0.0.2.0/pms-infrastructure.cabal
warning: error: unable to download '../all-cabal-hashes/pms-infrastructure/0.0.2.0/pms-infrastructure.cabal': Could not resolve hostname (6) Could not resolve host: ..; retrying in 263 ms
warning: error: unable to download '../all-cabal-hashes/pms-infrastructure/0.0.2.0/pms-infrastructure.cabal': Could not resolve hostname (6) Could not resolve host: ..; retrying in 641 ms
warning: error: unable to download '../all-cabal-hashes/pms-infrastructure/0.0.2.0/pms-infrastructure.cabal': Could not resolve hostname (6) Could not resolve host: ..; retrying in 1317 ms
warning: error: unable to download '../all-cabal-hashes/pms-infrastructure/0.0.2.0/pms-infrastructure.cabal': Could not resolve hostname (6) Could not resolve host: ..; retrying in 2471 ms
error: unable to download '../all-cabal-hashes/pms-infrastructure/0.0.2.0/pms-infrastructure.cabal': Could not resolve hostname (6) Could not resolve host: ..
$ nix-prefetch-url --unpack ../all-cabal-hashes/pms-infrastructure/0.0.2.0/pms-infrastructure.cabal
warning: error: unable to download '../all-cabal-hashes/pms-infrastructure/0.0.2.0/pms-infrastructure.cabal': Could not resolve hostname (6) Could not resolve host: ..; retrying in 254 ms
warning: error: unable to download '../all-cabal-hashes/pms-infrastructure/0.0.2.0/pms-infrastructure.cabal': Could not resolve hostname (6) Could not resolve host: ..; retrying in 625 ms
warning: error: unable to download '../all-cabal-hashes/pms-infrastructure/0.0.2.0/pms-infrastructure.cabal': Could not resolve hostname (6) Could not resolve host: ..; retrying in 1314 ms
warning: error: unable to download '../all-cabal-hashes/pms-infrastructure/0.0.2.0/pms-infrastructure.cabal': Could not resolve hostname (6) Could not resolve host: ..; retrying in 2331 ms
error: unable to download '../all-cabal-hashes/pms-infrastructure/0.0.2.0/pms-infrastructure.cabal': Could not resolve hostname (6) Could not resolve host: ..
** need a revision for VCS when the hash is given. skipping.
** need a revision for VCS when the hash is given. skipping.
** need a revision for VCS when the hash is given. skipping.
** need a revision for VCS when the hash is given. skipping.
cabal2nix: user error (Failed to fetch source. Does this source exist? Source {sourceUrl = "../all-cabal-hashes/pms-infrastructure/0.0.2.0/pms-infrastructure.cabal", sourceRevision = "", sourceHash = Guess "1d55e06e288a7dd6cad40cbaf4ab53e50e44a605ef2015e75f83984d29bf406d", sourceCabalDir = ""})


failed when running cabal2nix on ../all-cabal-hashes/pms-infrastructure/0.0.3.0/pms-infrastructure.cabal.  Error output from cabal2nix: 
$ nix-prefetch-url --unpack file:///home/runner/work/all-cabal-nixes/all-cabal-hashes/pms-infrastructure/0.0.3.0/pms-infrastructure.cabal
error: failed to open archive: Unrecognized archive format
$ nix-prefetch-url ../all-cabal-hashes/pms-infrastructure/0.0.3.0/pms-infrastructure.cabal
warning: error: unable to download '../all-cabal-hashes/pms-infrastructure/0.0.3.0/pms-infrastructure.cabal': Could not resolve hostname (6) Could not resolve host: ..; retrying in 300 ms
warning: error: unable to download '../all-cabal-hashes/pms-infrastructure/0.0.3.0/pms-infrastructure.cabal': Could not resolve hostname (6) Could not resolve host: ..; retrying in 571 ms
warning: error: unable to download '../all-cabal-hashes/pms-infrastructure/0.0.3.0/pms-infrastructure.cabal': Could not resolve hostname (6) Could not resolve host: ..; retrying in 1373 ms
warning: error: unable to download '../all-cabal-hashes/pms-infrastructure/0.0.3.0/pms-infrastructure.cabal': Could not resolve hostname (6) Could not resolve host: ..; retrying in 2141 ms
error: unable to download '../all-cabal-hashes/pms-infrastructure/0.0.3.0/pms-infrastructure.cabal': Could not resolve hostname (6) Could not resolve host: ..
$ nix-prefetch-url --unpack ../all-cabal-hashes/pms-infrastructure/0.0.3.0/pms-infrastructure.cabal
warning: error: unable to download '../all-cabal-hashes/pms-infrastructure/0.0.3.0/pms-infrastructure.cabal': Could not resolve hostname (6) Could not resolve host: ..; retrying in 327 ms
warning: error: unable to download '../all-cabal-hashes/pms-infrastructure/0.0.3.0/pms-infrastructure.cabal': Could not resolve hostname (6) Could not resolve host: ..; retrying in 607 ms
warning: error: unable to download '../all-cabal-hashes/pms-infrastructure/0.0.3.0/pms-infrastructure.cabal': Could not resolve hostname (6) Could not resolve host: ..; retrying in 1347 ms
warning: error: unable to download '../all-cabal-hashes/pms-infrastructure/0.0.3.0/pms-infrastructure.cabal': Could not resolve hostname (6) Could not resolve host: ..; retrying in 2745 ms
error: unable to download '../all-cabal-hashes/pms-infrastructure/0.0.3.0/pms-infrastructure.cabal': Could not resolve hostname (6) Could not resolve host: ..
** need a revision for VCS when the hash is given. skipping.
** need a revision for VCS when the hash is given. skipping.
** need a revision for VCS when the hash is given. skipping.
** need a revision for VCS when the hash is given. skipping.
cabal2nix: user error (Failed to fetch source. Does this source exist? Source {sourceUrl = "../all-cabal-hashes/pms-infrastructure/0.0.3.0/pms-infrastructure.cabal", sourceRevision = "", sourceHash = Guess "0c85c6b9a631edd0626b1360dda06b2b5120466859199224fe997c54c9e33955", sourceCabalDir = ""})


failed when running cabal2nix on ../all-cabal-hashes/pms-infrastructure/0.0.4.0/pms-infrastructure.cabal.  Error output from cabal2nix: 
$ nix-prefetch-url --unpack file:///home/runner/work/all-cabal-nixes/all-cabal-hashes/pms-infrastructure/0.0.4.0/pms-infrastructure.cabal
error: failed to open archive: Unrecognized archive format
$ nix-prefetch-url ../all-cabal-hashes/pms-infrastructure/0.0.4.0/pms-infrastructure.cabal
warning: error: unable to download '../all-cabal-hashes/pms-infrastructure/0.0.4.0/pms-infrastructure.cabal': Could not resolve hostname (6) Could not resolve host: ..; retrying in 265 ms
warning: error: unable to download '../all-cabal-hashes/pms-infrastructure/0.0.4.0/pms-infrastructure.cabal': Could not resolve hostname (6) Could not resolve host: ..; retrying in 630 ms
warning: error: unable to download '../all-cabal-hashes/pms-infrastructure/0.0.4.0/pms-infrastructure.cabal': Could not resolve hostname (6) Could not resolve host: ..; retrying in 1169 ms
warning: error: unable to download '../all-cabal-hashes/pms-infrastructure/0.0.4.0/pms-infrastructure.cabal': Could not resolve hostname (6) Could not resolve host: ..; retrying in 2030 ms
error: unable to download '../all-cabal-hashes/pms-infrastructure/0.0.4.0/pms-infrastructure.cabal': Could not resolve hostname (6) Could not resolve host: ..
$ nix-prefetch-url --unpack ../all-cabal-hashes/pms-infrastructure/0.0.4.0/pms-infrastructure.cabal
warning: error: unable to download '../all-cabal-hashes/pms-infrastructure/0.0.4.0/pms-infrastructure.cabal': Could not resolve hostname (6) Could not resolve host: ..; retrying in 268 ms
warning: error: unable to download '../all-cabal-hashes/pms-infrastructure/0.0.4.0/pms-infrastructure.cabal': Could not resolve hostname (6) Could not resolve host: ..; retrying in 639 ms
warning: error: unable to download '../all-cabal-hashes/pms-infrastructure/0.0.4.0/pms-infrastructure.cabal': Could not resolve hostname (6) Could not resolve host: ..; retrying in 1018 ms
warning: error: unable to download '../all-cabal-hashes/pms-infrastructure/0.0.4.0/pms-infrastructure.cabal': Could not resolve hostname (6) Could not resolve host: ..; retrying in 2778 ms
error: unable to download '../all-cabal-hashes/pms-infrastructure/0.0.4.0/pms-infrastructure.cabal': Could not resolve hostname (6) Could not resolve host: ..
** need a revision for VCS when the hash is given. skipping.
** need a revision for VCS when the hash is given. skipping.
** need a revision for VCS when the hash is given. skipping.
** need a revision for VCS when the hash is given. skipping.
cabal2nix: user error (Failed to fetch source. Does this source exist? Source {sourceUrl = "../all-cabal-hashes/pms-infrastructure/0.0.4.0/pms-infrastructure.cabal", sourceRevision = "", sourceHash = Guess "3f4ed0daa0af25233d157123c483b9c569393def7f7d6384e0378768f4a35ced", sourceCabalDir = ""})


failed when running cabal2nix on ../all-cabal-hashes/pms-ui-notification/0.0.1.0/pms-ui-notification.cabal.  Error output from cabal2nix: 
$ nix-prefetch-url --unpack file:///home/runner/work/all-cabal-nixes/all-cabal-hashes/pms-ui-notification/0.0.1.0/pms-ui-notification.cabal
error: failed to open archive: Unrecognized archive format
$ nix-prefetch-url ../all-cabal-hashes/pms-ui-notification/0.0.1.0/pms-ui-notification.cabal
warning: error: unable to download '../all-cabal-hashes/pms-ui-notification/0.0.1.0/pms-ui-notification.cabal': Could not resolve hostname (6) Could not resolve host: ..; retrying in 277 ms
warning: error: unable to download '../all-cabal-hashes/pms-ui-notification/0.0.1.0/pms-ui-notification.cabal': Could not resolve hostname (6) Could not resolve host: ..; retrying in 651 ms
warning: error: unable to download '../all-cabal-hashes/pms-ui-notification/0.0.1.0/pms-ui-notification.cabal': Could not resolve hostname (6) Could not resolve host: ..; retrying in 1275 ms
warning: error: unable to download '../all-cabal-hashes/pms-ui-notification/0.0.1.0/pms-ui-notification.cabal': Could not resolve hostname (6) Could not resolve host: ..; retrying in 2487 ms
error: unable to download '../all-cabal-hashes/pms-ui-notification/0.0.1.0/pms-ui-notification.cabal': Could not resolve hostname (6) Could not resolve host: ..
$ nix-prefetch-url --unpack ../all-cabal-hashes/pms-ui-notification/0.0.1.0/pms-ui-notification.cabal
warning: error: unable to download '../all-cabal-hashes/pms-ui-notification/0.0.1.0/pms-ui-notification.cabal': Could not resolve hostname (6) Could not resolve host: ..; retrying in 269 ms
warning: error: unable to download '../all-cabal-hashes/pms-ui-notification/0.0.1.0/pms-ui-notification.cabal': Could not resolve hostname (6) Could not resolve host: ..; retrying in 638 ms
warning: error: unable to download '../all-cabal-hashes/pms-ui-notification/0.0.1.0/pms-ui-notification.cabal': Could not resolve hostname (6) Could not resolve host: ..; retrying in 1076 ms
warning: error: unable to download '../all-cabal-hashes/pms-ui-notification/0.0.1.0/pms-ui-notification.cabal': Could not resolve hostname (6) Could not resolve host: ..; retrying in 2162 ms
error: unable to download '../all-cabal-hashes/pms-ui-notification/0.0.1.0/pms-ui-notification.cabal': Could not resolve hostname (6) Could not resolve host: ..
** need a revision for VCS when the hash is given. skipping.
** need a revision for VCS when the hash is given. skipping.
** need a revision for VCS when the hash is given. skipping.
** need a revision for VCS when the hash is given. skipping.
cabal2nix: user error (Failed to fetch source. Does this source exist? Source {sourceUrl = "../all-cabal-hashes/pms-ui-notification/0.0.1.0/pms-ui-notification.cabal", sourceRevision = "", sourceHash = Guess "b1b14ce686af8f40a5b1dedaa46336403de588aa65bced96f78eb153b2b97d83", sourceCabalDir = ""})


failed when running cabal2nix on ../all-cabal-hashes/pms-ui-notification/0.0.2.0/pms-ui-notification.cabal.  Error output from cabal2nix: 
$ nix-prefetch-url --unpack file:///home/runner/work/all-cabal-nixes/all-cabal-hashes/pms-ui-notification/0.0.2.0/pms-ui-notification.cabal
error: failed to open archive: Unrecognized archive format
$ nix-prefetch-url ../all-cabal-hashes/pms-ui-notification/0.0.2.0/pms-ui-notification.cabal
warning: error: unable to download '../all-cabal-hashes/pms-ui-notification/0.0.2.0/pms-ui-notification.cabal': Could not resolve hostname (6) Could not resolve host: ..; retrying in 312 ms
warning: error: unable to download '../all-cabal-hashes/pms-ui-notification/0.0.2.0/pms-ui-notification.cabal': Could not resolve hostname (6) Could not resolve host: ..; retrying in 563 ms
warning: error: unable to download '../all-cabal-hashes/pms-ui-notification/0.0.2.0/pms-ui-notification.cabal': Could not resolve hostname (6) Could not resolve host: ..; retrying in 1164 ms
warning: error: unable to download '../all-cabal-hashes/pms-ui-notification/0.0.2.0/pms-ui-notification.cabal': Could not resolve hostname (6) Could not resolve host: ..; retrying in 2100 ms
error: unable to download '../all-cabal-hashes/pms-ui-notification/0.0.2.0/pms-ui-notification.cabal': Could not resolve hostname (6) Could not resolve host: ..
$ nix-prefetch-url --unpack ../all-cabal-hashes/pms-ui-notification/0.0.2.0/pms-ui-notification.cabal
warning: error: unable to download '../all-cabal-hashes/pms-ui-notification/0.0.2.0/pms-ui-notification.cabal': Could not resolve hostname (6) Could not resolve host: ..; retrying in 293 ms
warning: error: unable to download '../all-cabal-hashes/pms-ui-notification/0.0.2.0/pms-ui-notification.cabal': Could not resolve hostname (6) Could not resolve host: ..; retrying in 597 ms
warning: error: unable to download '../all-cabal-hashes/pms-ui-notification/0.0.2.0/pms-ui-notification.cabal': Could not resolve hostname (6) Could not resolve host: ..; retrying in 1408 ms
warning: error: unable to download '../all-cabal-hashes/pms-ui-notification/0.0.2.0/pms-ui-notification.cabal': Could not resolve hostname (6) Could not resolve host: ..; retrying in 2193 ms
error: unable to download '../all-cabal-hashes/pms-ui-notification/0.0.2.0/pms-ui-notification.cabal': Could not resolve hostname (6) Could not resolve host: ..
** need a revision for VCS when the hash is given. skipping.
** need a revision for VCS when the hash is given. skipping.
** need a revision for VCS when the hash is given. skipping.
** need a revision for VCS when the hash is given. skipping.
cabal2nix: user error (Failed to fetch source. Does this source exist? Source {sourceUrl = "../all-cabal-hashes/pms-ui-notification/0.0.2.0/pms-ui-notification.cabal", sourceRevision = "", sourceHash = Guess "ce5f45a4cad1f6fda0e8ade650070fdbce6d62e6d88f87153fab2e20053560c8", sourceCabalDir = ""})


failed when running cabal2nix on ../all-cabal-hashes/pms-ui-notification/0.0.3.0/pms-ui-notification.cabal.  Error output from cabal2nix: 
$ nix-prefetch-url --unpack file:///home/runner/work/all-cabal-nixes/all-cabal-hashes/pms-ui-notification/0.0.3.0/pms-ui-notification.cabal
error: failed to open archive: Unrecognized archive format
$ nix-prefetch-url ../all-cabal-hashes/pms-ui-notification/0.0.3.0/pms-ui-notification.cabal
warning: error: unable to download '../all-cabal-hashes/pms-ui-notification/0.0.3.0/pms-ui-notification.cabal': Could not resolve hostname (6) Could not resolve host: ..; retrying in 320 ms
warning: error: unable to download '../all-cabal-hashes/pms-ui-notification/0.0.3.0/pms-ui-notification.cabal': Could not resolve hostname (6) Could not resolve host: ..; retrying in 562 ms
warning: error: unable to download '../all-cabal-hashes/pms-ui-notification/0.0.3.0/pms-ui-notification.cabal': Could not resolve hostname (6) Could not resolve host: ..; retrying in 1120 ms
warning: error: unable to download '../all-cabal-hashes/pms-ui-notification/0.0.3.0/pms-ui-notification.cabal': Could not resolve hostname (6) Could not resolve host: ..; retrying in 2784 ms
error: unable to download '../all-cabal-hashes/pms-ui-notification/0.0.3.0/pms-ui-notification.cabal': Could not resolve hostname (6) Could not resolve host: ..
$ nix-prefetch-url --unpack ../all-cabal-hashes/pms-ui-notification/0.0.3.0/pms-ui-notification.cabal
warning: error: unable to download '../all-cabal-hashes/pms-ui-notification/0.0.3.0/pms-ui-notification.cabal': Could not resolve hostname (6) Could not resolve host: ..; retrying in 351 ms
warning: error: unable to download '../all-cabal-hashes/pms-ui-notification/0.0.3.0/pms-ui-notification.cabal': Could not resolve hostname (6) Could not resolve host: ..; retrying in 575 ms
warning: error: unable to download '../all-cabal-hashes/pms-ui-notification/0.0.3.0/pms-ui-notification.cabal': Could not resolve hostname (6) Could not resolve host: ..; retrying in 1221 ms
warning: error: unable to download '../all-cabal-hashes/pms-ui-notification/0.0.3.0/pms-ui-notification.cabal': Could not resolve hostname (6) Could not resolve host: ..; retrying in 2438 ms
error: unable to download '../all-cabal-hashes/pms-ui-notification/0.0.3.0/pms-ui-notification.cabal': Could not resolve hostname (6) Could not resolve host: ..
** need a revision for VCS when the hash is given. skipping.
** need a revision for VCS when the hash is given. skipping.
** need a revision for VCS when the hash is given. skipping.
** need a revision for VCS when the hash is given. skipping.
cabal2nix: user error (Failed to fetch source. Does this source exist? Source {sourceUrl = "../all-cabal-hashes/pms-ui-notification/0.0.3.0/pms-ui-notification.cabal", sourceRevision = "", sourceHash = Guess "a356f4bb48b18df4aaf412f354a1e289b2abc50025a09d0a8b0bbe8ab59a01bb", sourceCabalDir = ""})


failed when running cabal2nix on ../all-cabal-hashes/pms-ui-request/0.0.1.0/pms-ui-request.cabal.  Error output from cabal2nix: 
$ nix-prefetch-url --unpack file:///home/runner/work/all-cabal-nixes/all-cabal-hashes/pms-ui-request/0.0.1.0/pms-ui-request.cabal
error: failed to open archive: Unrecognized archive format
$ nix-prefetch-url ../all-cabal-hashes/pms-ui-request/0.0.1.0/pms-ui-request.cabal
warning: error: unable to download '../all-cabal-hashes/pms-ui-request/0.0.1.0/pms-ui-request.cabal': Could not resolve hostname (6) Could not resolve host: ..; retrying in 329 ms
warning: error: unable to download '../all-cabal-hashes/pms-ui-request/0.0.1.0/pms-ui-request.cabal': Could not resolve hostname (6) Could not resolve host: ..; retrying in 547 ms
warning: error: unable to download '../all-cabal-hashes/pms-ui-request/0.0.1.0/pms-ui-request.cabal': Could not resolve hostname (6) Could not resolve host: ..; retrying in 1296 ms
warning: error: unable to download '../all-cabal-hashes/pms-ui-request/0.0.1.0/pms-ui-request.cabal': Could not resolve hostname (6) Could not resolve host: ..; retrying in 2780 ms
error: unable to download '../all-cabal-hashes/pms-ui-request/0.0.1.0/pms-ui-request.cabal': Could not resolve hostname (6) Could not resolve host: ..
$ nix-prefetch-url --unpack ../all-cabal-hashes/pms-ui-request/0.0.1.0/pms-ui-request.cabal
warning: error: unable to download '../all-cabal-hashes/pms-ui-request/0.0.1.0/pms-ui-request.cabal': Could not resolve hostname (6) Could not resolve host: ..; retrying in 263 ms
warning: error: unable to download '../all-cabal-hashes/pms-ui-request/0.0.1.0/pms-ui-request.cabal': Could not resolve hostname (6) Could not resolve host: ..; retrying in 698 ms
warning: error: unable to download '../all-cabal-hashes/pms-ui-request/0.0.1.0/pms-ui-request.cabal': Could not resolve hostname (6) Could not resolve host: ..; retrying in 1288 ms
warning: error: unable to download '../all-cabal-hashes/pms-ui-request/0.0.1.0/pms-ui-request.cabal': Could not resolve hostname (6) Could not resolve host: ..; retrying in 2518 ms
error: unable to download '../all-cabal-hashes/pms-ui-request/0.0.1.0/pms-ui-request.cabal': Could not resolve hostname (6) Could not resolve host: ..
** need a revision for VCS when the hash is given. skipping.
** need a revision for VCS when the hash is given. skipping.
** need a revision for VCS when the hash is given. skipping.
** need a revision for VCS when the hash is given. skipping.
cabal2nix: user error (Failed to fetch source. Does this source exist? Source {sourceUrl = "../all-cabal-hashes/pms-ui-request/0.0.1.0/pms-ui-request.cabal", sourceRevision = "", sourceHash = Guess "7618cdbe7dd7e15073cea657a4c692d579b7d4f2beccc8cf68c5a84887c49ec0", sourceCabalDir = ""})


failed when running cabal2nix on ../all-cabal-hashes/pms-ui-request/0.0.2.0/pms-ui-request.cabal.  Error output from cabal2nix: 
$ nix-prefetch-url --unpack file:///home/runner/work/all-cabal-nixes/all-cabal-hashes/pms-ui-request/0.0.2.0/pms-ui-request.cabal
error: failed to open archive: Unrecognized archive format
$ nix-prefetch-url ../all-cabal-hashes/pms-ui-request/0.0.2.0/pms-ui-request.cabal
warning: error: unable to download '../all-cabal-hashes/pms-ui-request/0.0.2.0/pms-ui-request.cabal': Could not resolve hostname (6) Could not resolve host: ..; retrying in 285 ms
warning: error: unable to download '../all-cabal-hashes/pms-ui-request/0.0.2.0/pms-ui-request.cabal': Could not resolve hostname (6) Could not resolve host: ..; retrying in 527 ms
warning: error: unable to download '../all-cabal-hashes/pms-ui-request/0.0.2.0/pms-ui-request.cabal': Could not resolve hostname (6) Could not resolve host: ..; retrying in 1095 ms
warning: error: unable to download '../all-cabal-hashes/pms-ui-request/0.0.2.0/pms-ui-request.cabal': Could not resolve hostname (6) Could not resolve host: ..; retrying in 2088 ms
error: unable to download '../all-cabal-hashes/pms-ui-request/0.0.2.0/pms-ui-request.cabal': Could not resolve hostname (6) Could not resolve host: ..
$ nix-prefetch-url --unpack ../all-cabal-hashes/pms-ui-request/0.0.2.0/pms-ui-request.cabal
warning: error: unable to download '../all-cabal-hashes/pms-ui-request/0.0.2.0/pms-ui-request.cabal': Could not resolve hostname (6) Could not resolve host: ..; retrying in 250 ms
warning: error: unable to download '../all-cabal-hashes/pms-ui-request/0.0.2.0/pms-ui-request.cabal': Could not resolve hostname (6) Could not resolve host: ..; retrying in 549 ms
warning: error: unable to download '../all-cabal-hashes/pms-ui-request/0.0.2.0/pms-ui-request.cabal': Could not resolve hostname (6) Could not resolve host: ..; retrying in 1082 ms
warning: error: unable to download '../all-cabal-hashes/pms-ui-request/0.0.2.0/pms-ui-request.cabal': Could not resolve hostname (6) Could not resolve host: ..; retrying in 2296 ms
error: unable to download '../all-cabal-hashes/pms-ui-request/0.0.2.0/pms-ui-request.cabal': Could not resolve hostname (6) Could not resolve host: ..
** need a revision for VCS when the hash is given. skipping.
** need a revision for VCS when the hash is given. skipping.
** need a revision for VCS when the hash is given. skipping.
** need a revision for VCS when the hash is given. skipping.
cabal2nix: user error (Failed to fetch source. Does this source exist? Source {sourceUrl = "../all-cabal-hashes/pms-ui-request/0.0.2.0/pms-ui-request.cabal", sourceRevision = "", sourceHash = Guess "fc7eef3d9dc50da3b7665be6315fd38af838cea1782d59369fda894658365fc1", sourceCabalDir = ""})


failed when running cabal2nix on ../all-cabal-hashes/pms-ui-request/0.0.3.0/pms-ui-request.cabal.  Error output from cabal2nix: 
$ nix-prefetch-url --unpack file:///home/runner/work/all-cabal-nixes/all-cabal-hashes/pms-ui-request/0.0.3.0/pms-ui-request.cabal
error: failed to open archive: Unrecognized archive format
$ nix-prefetch-url ../all-cabal-hashes/pms-ui-request/0.0.3.0/pms-ui-request.cabal
warning: error: unable to download '../all-cabal-hashes/pms-ui-request/0.0.3.0/pms-ui-request.cabal': Could not resolve hostname (6) Could not resolve host: ..; retrying in 265 ms
warning: error: unable to download '../all-cabal-hashes/pms-ui-request/0.0.3.0/pms-ui-request.cabal': Could not resolve hostname (6) Could not resolve host: ..; retrying in 565 ms
warning: error: unable to download '../all-cabal-hashes/pms-ui-request/0.0.3.0/pms-ui-request.cabal': Could not resolve hostname (6) Could not resolve host: ..; retrying in 1054 ms
warning: error: unable to download '../all-cabal-hashes/pms-ui-request/0.0.3.0/pms-ui-request.cabal': Could not resolve hostname (6) Could not resolve host: ..; retrying in 2740 ms
error: unable to download '../all-cabal-hashes/pms-ui-request/0.0.3.0/pms-ui-request.cabal': Could not resolve hostname (6) Could not resolve host: ..
$ nix-prefetch-url --unpack ../all-cabal-hashes/pms-ui-request/0.0.3.0/pms-ui-request.cabal
warning: error: unable to download '../all-cabal-hashes/pms-ui-request/0.0.3.0/pms-ui-request.cabal': Could not resolve hostname (6) Could not resolve host: ..; retrying in 337 ms
warning: error: unable to download '../all-cabal-hashes/pms-ui-request/0.0.3.0/pms-ui-request.cabal': Could not resolve hostname (6) Could not resolve host: ..; retrying in 518 ms
warning: error: unable to download '../all-cabal-hashes/pms-ui-request/0.0.3.0/pms-ui-request.cabal': Could not resolve hostname (6) Could not resolve host: ..; retrying in 1050 ms
warning: error: unable to download '../all-cabal-hashes/pms-ui-request/0.0.3.0/pms-ui-request.cabal': Could not resolve hostname (6) Could not resolve host: ..; retrying in 2201 ms
error: unable to download '../all-cabal-hashes/pms-ui-request/0.0.3.0/pms-ui-request.cabal': Could not resolve hostname (6) Could not resolve host: ..
** need a revision for VCS when the hash is given. skipping.
** need a revision for VCS when the hash is given. skipping.
** need a revision for VCS when the hash is given. skipping.
** need a revision for VCS when the hash is given. skipping.
cabal2nix: user error (Failed to fetch source. Does this source exist? Source {sourceUrl = "../all-cabal-hashes/pms-ui-request/0.0.3.0/pms-ui-request.cabal", sourceRevision = "", sourceHash = Guess "edcdb54808919bd26bf44954247472b29a07d9a38c3d98f32800e85ce39cea99", sourceCabalDir = ""})


failed when running cabal2nix on ../all-cabal-hashes/pms-ui-request/0.0.4.0/pms-ui-request.cabal.  Error output from cabal2nix: 
$ nix-prefetch-url --unpack file:///home/runner/work/all-cabal-nixes/all-cabal-hashes/pms-ui-request/0.0.4.0/pms-ui-request.cabal
error: failed to open archive: Unrecognized archive format
$ nix-prefetch-url ../all-cabal-hashes/pms-ui-request/0.0.4.0/pms-ui-request.cabal
warning: error: unable to download '../all-cabal-hashes/pms-ui-request/0.0.4.0/pms-ui-request.cabal': Could not resolve hostname (6) Could not resolve host: ..; retrying in 328 ms
warning: error: unable to download '../all-cabal-hashes/pms-ui-request/0.0.4.0/pms-ui-request.cabal': Could not resolve hostname (6) Could not resolve host: ..; retrying in 536 ms
warning: error: unable to download '../all-cabal-hashes/pms-ui-request/0.0.4.0/pms-ui-request.cabal': Could not resolve hostname (6) Could not resolve host: ..; retrying in 1027 ms
warning: error: unable to download '../all-cabal-hashes/pms-ui-request/0.0.4.0/pms-ui-request.cabal': Could not resolve hostname (6) Could not resolve host: ..; retrying in 2282 ms
error: unable to download '../all-cabal-hashes/pms-ui-request/0.0.4.0/pms-ui-request.cabal': Could not resolve hostname (6) Could not resolve host: ..
$ nix-prefetch-url --unpack ../all-cabal-hashes/pms-ui-request/0.0.4.0/pms-ui-request.cabal
warning: error: unable to download '../all-cabal-hashes/pms-ui-request/0.0.4.0/pms-ui-request.cabal': Could not resolve hostname (6) Could not resolve host: ..; retrying in 282 ms
warning: error: unable to download '../all-cabal-hashes/pms-ui-request/0.0.4.0/pms-ui-request.cabal': Could not resolve hostname (6) Could not resolve host: ..; retrying in 600 ms
warning: error: unable to download '../all-cabal-hashes/pms-ui-request/0.0.4.0/pms-ui-request.cabal': Could not resolve hostname (6) Could not resolve host: ..; retrying in 1326 ms
warning: error: unable to download '../all-cabal-hashes/pms-ui-request/0.0.4.0/pms-ui-request.cabal': Could not resolve hostname (6) Could not resolve host: ..; retrying in 2674 ms
error: unable to download '../all-cabal-hashes/pms-ui-request/0.0.4.0/pms-ui-request.cabal': Could not resolve hostname (6) Could not resolve host: ..
** need a revision for VCS when the hash is given. skipping.
** need a revision for VCS when the hash is given. skipping.
** need a revision for VCS when the hash is given. skipping.
** need a revision for VCS when the hash is given. skipping.
cabal2nix: user error (Failed to fetch source. Does this source exist? Source {sourceUrl = "../all-cabal-hashes/pms-ui-request/0.0.4.0/pms-ui-request.cabal", sourceRevision = "", sourceHash = Guess "55191fa7a3f641c5cd15519e406c17395f1003d17e9e623eec6067097c13e4f9", sourceCabalDir = ""})


failed when running cabal2nix on ../all-cabal-hashes/pms-ui-response/0.0.1.0/pms-ui-response.cabal.  Error output from cabal2nix: 
$ nix-prefetch-url --unpack file:///home/runner/work/all-cabal-nixes/all-cabal-hashes/pms-ui-response/0.0.1.0/pms-ui-response.cabal
error: failed to open archive: Unrecognized archive format
$ nix-prefetch-url ../all-cabal-hashes/pms-ui-response/0.0.1.0/pms-ui-response.cabal
warning: error: unable to download '../all-cabal-hashes/pms-ui-response/0.0.1.0/pms-ui-response.cabal': Could not resolve hostname (6) Could not resolve host: ..; retrying in 288 ms
warning: error: unable to download '../all-cabal-hashes/pms-ui-response/0.0.1.0/pms-ui-response.cabal': Could not resolve hostname (6) Could not resolve host: ..; retrying in 598 ms
warning: error: unable to download '../all-cabal-hashes/pms-ui-response/0.0.1.0/pms-ui-response.cabal': Could not resolve hostname (6) Could not resolve host: ..; retrying in 1404 ms
warning: error: unable to download '../all-cabal-hashes/pms-ui-response/0.0.1.0/pms-ui-response.cabal': Could not resolve hostname (6) Could not resolve host: ..; retrying in 2234 ms
error: unable to download '../all-cabal-hashes/pms-ui-response/0.0.1.0/pms-ui-response.cabal': Could not resolve hostname (6) Could not resolve host: ..
$ nix-prefetch-url --unpack ../all-cabal-hashes/pms-ui-response/0.0.1.0/pms-ui-response.cabal
warning: error: unable to download '../all-cabal-hashes/pms-ui-response/0.0.1.0/pms-ui-response.cabal': Could not resolve hostname (6) Could not resolve host: ..; retrying in 299 ms
warning: error: unable to download '../all-cabal-hashes/pms-ui-response/0.0.1.0/pms-ui-response.cabal': Could not resolve hostname (6) Could not resolve host: ..; retrying in 568 ms
warning: error: unable to download '../all-cabal-hashes/pms-ui-response/0.0.1.0/pms-ui-response.cabal': Could not resolve hostname (6) Could not resolve host: ..; retrying in 1036 ms
warning: error: unable to download '../all-cabal-hashes/pms-ui-response/0.0.1.0/pms-ui-response.cabal': Could not resolve hostname (6) Could not resolve host: ..; retrying in 2461 ms
error: unable to download '../all-cabal-hashes/pms-ui-response/0.0.1.0/pms-ui-response.cabal': Could not resolve hostname (6) Could not resolve host: ..
** need a revision for VCS when the hash is given. skipping.
** need a revision for VCS when the hash is given. skipping.
** need a revision for VCS when the hash is given. skipping.
** need a revision for VCS when the hash is given. skipping.
cabal2nix: user error (Failed to fetch source. Does this source exist? Source {sourceUrl = "../all-cabal-hashes/pms-ui-response/0.0.1.0/pms-ui-response.cabal", sourceRevision = "", sourceHash = Guess "89403539635c869a3ea62bbbbd436f42121ccd2668095fbbdb5ae1e39f166325", sourceCabalDir = ""})


failed when running cabal2nix on ../all-cabal-hashes/pms-ui-response/0.0.2.0/pms-ui-response.cabal.  Error output from cabal2nix: 
$ nix-prefetch-url --unpack file:///home/runner/work/all-cabal-nixes/all-cabal-hashes/pms-ui-response/0.0.2.0/pms-ui-response.cabal
error: failed to open archive: Unrecognized archive format
$ nix-prefetch-url ../all-cabal-hashes/pms-ui-response/0.0.2.0/pms-ui-response.cabal
warning: error: unable to download '../all-cabal-hashes/pms-ui-response/0.0.2.0/pms-ui-response.cabal': Could not resolve hostname (6) Could not resolve host: ..; retrying in 278 ms
warning: error: unable to download '../all-cabal-hashes/pms-ui-response/0.0.2.0/pms-ui-response.cabal': Could not resolve hostname (6) Could not resolve host: ..; retrying in 647 ms
warning: error: unable to download '../all-cabal-hashes/pms-ui-response/0.0.2.0/pms-ui-response.cabal': Could not resolve hostname (6) Could not resolve host: ..; retrying in 1025 ms
warning: error: unable to download '../all-cabal-hashes/pms-ui-response/0.0.2.0/pms-ui-response.cabal': Could not resolve hostname (6) Could not resolve host: ..; retrying in 2126 ms
error: unable to download '../all-cabal-hashes/pms-ui-response/0.0.2.0/pms-ui-response.cabal': Could not resolve hostname (6) Could not resolve host: ..
$ nix-prefetch-url --unpack ../all-cabal-hashes/pms-ui-response/0.0.2.0/pms-ui-response.cabal
warning: error: unable to download '../all-cabal-hashes/pms-ui-response/0.0.2.0/pms-ui-response.cabal': Could not resolve hostname (6) Could not resolve host: ..; retrying in 315 ms
warning: error: unable to download '../all-cabal-hashes/pms-ui-response/0.0.2.0/pms-ui-response.cabal': Could not resolve hostname (6) Could not resolve host: ..; retrying in 584 ms
warning: error: unable to download '../all-cabal-hashes/pms-ui-response/0.0.2.0/pms-ui-response.cabal': Could not resolve hostname (6) Could not resolve host: ..; retrying in 1227 ms
warning: error: unable to download '../all-cabal-hashes/pms-ui-response/0.0.2.0/pms-ui-response.cabal': Could not resolve hostname (6) Could not resolve host: ..; retrying in 2583 ms
error: unable to download '../all-cabal-hashes/pms-ui-response/0.0.2.0/pms-ui-response.cabal': Could not resolve hostname (6) Could not resolve host: ..
** need a revision for VCS when the hash is given. skipping.
** need a revision for VCS when the hash is given. skipping.
** need a revision for VCS when the hash is given. skipping.
** need a revision for VCS when the hash is given. skipping.
cabal2nix: user error (Failed to fetch source. Does this source exist? Source {sourceUrl = "../all-cabal-hashes/pms-ui-response/0.0.2.0/pms-ui-response.cabal", sourceRevision = "", sourceHash = Guess "a3cb4bb9aead23ded31bb41aa6bdd5949d655747485b84d4c0a27e7bb5da3c2d", sourceCabalDir = ""})


failed when running cabal2nix on ../all-cabal-hashes/pms-ui-response/0.0.3.0/pms-ui-response.cabal.  Error output from cabal2nix: 
$ nix-prefetch-url --unpack file:///home/runner/work/all-cabal-nixes/all-cabal-hashes/pms-ui-response/0.0.3.0/pms-ui-response.cabal
error: failed to open archive: Unrecognized archive format
$ nix-prefetch-url ../all-cabal-hashes/pms-ui-response/0.0.3.0/pms-ui-response.cabal
warning: error: unable to download '../all-cabal-hashes/pms-ui-response/0.0.3.0/pms-ui-response.cabal': Could not resolve hostname (6) Could not resolve host: ..; retrying in 340 ms
warning: error: unable to download '../all-cabal-hashes/pms-ui-response/0.0.3.0/pms-ui-response.cabal': Could not resolve hostname (6) Could not resolve host: ..; retrying in 686 ms
warning: error: unable to download '../all-cabal-hashes/pms-ui-response/0.0.3.0/pms-ui-response.cabal': Could not resolve hostname (6) Could not resolve host: ..; retrying in 1094 ms
warning: error: unable to download '../all-cabal-hashes/pms-ui-response/0.0.3.0/pms-ui-response.cabal': Could not resolve hostname (6) Could not resolve host: ..; retrying in 2082 ms
error: unable to download '../all-cabal-hashes/pms-ui-response/0.0.3.0/pms-ui-response.cabal': Could not resolve hostname (6) Could not resolve host: ..
$ nix-prefetch-url --unpack ../all-cabal-hashes/pms-ui-response/0.0.3.0/pms-ui-response.cabal
warning: error: unable to download '../all-cabal-hashes/pms-ui-response/0.0.3.0/pms-ui-response.cabal': Could not resolve hostname (6) Could not resolve host: ..; retrying in 292 ms
warning: error: unable to download '../all-cabal-hashes/pms-ui-response/0.0.3.0/pms-ui-response.cabal': Could not resolve hostname (6) Could not resolve host: ..; retrying in 681 ms
warning: error: unable to download '../all-cabal-hashes/pms-ui-response/0.0.3.0/pms-ui-response.cabal': Could not resolve hostname (6) Could not resolve host: ..; retrying in 1008 ms
warning: error: unable to download '../all-cabal-hashes/pms-ui-response/0.0.3.0/pms-ui-response.cabal': Could not resolve hostname (6) Could not resolve host: ..; retrying in 2036 ms
error: unable to download '../all-cabal-hashes/pms-ui-response/0.0.3.0/pms-ui-response.cabal': Could not resolve hostname (6) Could not resolve host: ..
** need a revision for VCS when the hash is given. skipping.
** need a revision for VCS when the hash is given. skipping.
** need a revision for VCS when the hash is given. skipping.
** need a revision for VCS when the hash is given. skipping.
cabal2nix: user error (Failed to fetch source. Does this source exist? Source {sourceUrl = "../all-cabal-hashes/pms-ui-response/0.0.3.0/pms-ui-response.cabal", sourceRevision = "", sourceHash = Guess "c22d436aa81350fbab96035157755c91c5975bbd5ceae60c397a97c347030a09", sourceCabalDir = ""})


failed when running cabal2nix on ../all-cabal-hashes/pms-ui-response/0.0.4.0/pms-ui-response.cabal.  Error output from cabal2nix: 
$ nix-prefetch-url --unpack file:///home/runner/work/all-cabal-nixes/all-cabal-hashes/pms-ui-response/0.0.4.0/pms-ui-response.cabal
error: failed to open archive: Unrecognized archive format
$ nix-prefetch-url ../all-cabal-hashes/pms-ui-response/0.0.4.0/pms-ui-response.cabal
warning: error: unable to download '../all-cabal-hashes/pms-ui-response/0.0.4.0/pms-ui-response.cabal': Could not resolve hostname (6) Could not resolve host: ..; retrying in 251 ms
warning: error: unable to download '../all-cabal-hashes/pms-ui-response/0.0.4.0/pms-ui-response.cabal': Could not resolve hostname (6) Could not resolve host: ..; retrying in 581 ms
warning: error: unable to download '../all-cabal-hashes/pms-ui-response/0.0.4.0/pms-ui-response.cabal': Could not resolve hostname (6) Could not resolve host: ..; retrying in 1047 ms
warning: error: unable to download '../all-cabal-hashes/pms-ui-response/0.0.4.0/pms-ui-response.cabal': Could not resolve hostname (6) Could not resolve host: ..; retrying in 2093 ms
error: unable to download '../all-cabal-hashes/pms-ui-response/0.0.4.0/pms-ui-response.cabal': Could not resolve hostname (6) Could not resolve host: ..
$ nix-prefetch-url --unpack ../all-cabal-hashes/pms-ui-response/0.0.4.0/pms-ui-response.cabal
warning: error: unable to download '../all-cabal-hashes/pms-ui-response/0.0.4.0/pms-ui-response.cabal': Could not resolve hostname (6) Could not resolve host: ..; retrying in 321 ms
warning: error: unable to download '../all-cabal-hashes/pms-ui-response/0.0.4.0/pms-ui-response.cabal': Could not resolve hostname (6) Could not resolve host: ..; retrying in 541 ms
warning: error: unable to download '../all-cabal-hashes/pms-ui-response/0.0.4.0/pms-ui-response.cabal': Could not resolve hostname (6) Could not resolve host: ..; retrying in 1150 ms
warning: error: unable to download '../all-cabal-hashes/pms-ui-response/0.0.4.0/pms-ui-response.cabal': Could not resolve hostname (6) Could not resolve host: ..; retrying in 2731 ms
error: unable to download '../all-cabal-hashes/pms-ui-response/0.0.4.0/pms-ui-response.cabal': Could not resolve hostname (6) Could not resolve host: ..
** need a revision for VCS when the hash is given. skipping.
** need a revision for VCS when the hash is given. skipping.
** need a revision for VCS when the hash is given. skipping.
** need a revision for VCS when the hash is given. skipping.
cabal2nix: user error (Failed to fetch source. Does this source exist? Source {sourceUrl = "../all-cabal-hashes/pms-ui-response/0.0.4.0/pms-ui-response.cabal", sourceRevision = "", sourceHash = Guess "2ba416b6821752dd6c68f0c9d0d4263ba61292df4e1c6837f38a8c3d646b8500", sourceCabalDir = ""})


failed when running cabal2nix on ../all-cabal-hashes/pty-mcp-server/0.0.1.0/pty-mcp-server.cabal.  Error output from cabal2nix: 
$ nix-prefetch-url --unpack file:///home/runner/work/all-cabal-nixes/all-cabal-hashes/pty-mcp-server/0.0.1.0/pty-mcp-server.cabal
error: failed to open archive: Unrecognized archive format
$ nix-prefetch-url ../all-cabal-hashes/pty-mcp-server/0.0.1.0/pty-mcp-server.cabal
warning: error: unable to download '../all-cabal-hashes/pty-mcp-server/0.0.1.0/pty-mcp-server.cabal': Could not resolve hostname (6) Could not resolve host: ..; retrying in 277 ms
warning: error: unable to download '../all-cabal-hashes/pty-mcp-server/0.0.1.0/pty-mcp-server.cabal': Could not resolve hostname (6) Could not resolve host: ..; retrying in 641 ms
warning: error: unable to download '../all-cabal-hashes/pty-mcp-server/0.0.1.0/pty-mcp-server.cabal': Could not resolve hostname (6) Could not resolve host: ..; retrying in 1385 ms
warning: error: unable to download '../all-cabal-hashes/pty-mcp-server/0.0.1.0/pty-mcp-server.cabal': Could not resolve hostname (6) Could not resolve host: ..; retrying in 2086 ms
error: unable to download '../all-cabal-hashes/pty-mcp-server/0.0.1.0/pty-mcp-server.cabal': Could not resolve hostname (6) Could not resolve host: ..
$ nix-prefetch-url --unpack ../all-cabal-hashes/pty-mcp-server/0.0.1.0/pty-mcp-server.cabal
warning: error: unable to download '../all-cabal-hashes/pty-mcp-server/0.0.1.0/pty-mcp-server.cabal': Could not resolve hostname (6) Could not resolve host: ..; retrying in 351 ms
warning: error: unable to download '../all-cabal-hashes/pty-mcp-server/0.0.1.0/pty-mcp-server.cabal': Could not resolve hostname (6) Could not resolve host: ..; retrying in 511 ms
warning: error: unable to download '../all-cabal-hashes/pty-mcp-server/0.0.1.0/pty-mcp-server.cabal': Could not resolve hostname (6) Could not resolve host: ..; retrying in 1297 ms
warning: error: unable to download '../all-cabal-hashes/pty-mcp-server/0.0.1.0/pty-mcp-server.cabal': Could not resolve hostname (6) Could not resolve host: ..; retrying in 2486 ms
error: unable to download '../all-cabal-hashes/pty-mcp-server/0.0.1.0/pty-mcp-server.cabal': Could not resolve hostname (6) Could not resolve host: ..
** need a revision for VCS when the hash is given. skipping.
** need a revision for VCS when the hash is given. skipping.
** need a revision for VCS when the hash is given. skipping.
** need a revision for VCS when the hash is given. skipping.
cabal2nix: user error (Failed to fetch source. Does this source exist? Source {sourceUrl = "../all-cabal-hashes/pty-mcp-server/0.0.1.0/pty-mcp-server.cabal", sourceRevision = "", sourceHash = Guess "635ff0eea33b2cda1cfab8095c6beebdb1ecdb2f06b04053ce72a345281b9df4", sourceCabalDir = ""})


failed when running cabal2nix on ../all-cabal-hashes/pty-mcp-server/0.0.1.1/pty-mcp-server.cabal.  Error output from cabal2nix: 
$ nix-prefetch-url --unpack file:///home/runner/work/all-cabal-nixes/all-cabal-hashes/pty-mcp-server/0.0.1.1/pty-mcp-server.cabal
error: failed to open archive: Unrecognized archive format
$ nix-prefetch-url ../all-cabal-hashes/pty-mcp-server/0.0.1.1/pty-mcp-server.cabal
warning: error: unable to download '../all-cabal-hashes/pty-mcp-server/0.0.1.1/pty-mcp-server.cabal': Could not resolve hostname (6) Could not resolve host: ..; retrying in 321 ms
warning: error: unable to download '../all-cabal-hashes/pty-mcp-server/0.0.1.1/pty-mcp-server.cabal': Could not resolve hostname (6) Could not resolve host: ..; retrying in 501 ms
warning: error: unable to download '../all-cabal-hashes/pty-mcp-server/0.0.1.1/pty-mcp-server.cabal': Could not resolve hostname (6) Could not resolve host: ..; retrying in 1056 ms
warning: error: unable to download '../all-cabal-hashes/pty-mcp-server/0.0.1.1/pty-mcp-server.cabal': Could not resolve hostname (6) Could not resolve host: ..; retrying in 2144 ms
error: unable to download '../all-cabal-hashes/pty-mcp-server/0.0.1.1/pty-mcp-server.cabal': Could not resolve hostname (6) Could not resolve host: ..
$ nix-prefetch-url --unpack ../all-cabal-hashes/pty-mcp-server/0.0.1.1/pty-mcp-server.cabal
warning: error: unable to download '../all-cabal-hashes/pty-mcp-server/0.0.1.1/pty-mcp-server.cabal': Could not resolve hostname (6) Could not resolve host: ..; retrying in 310 ms
warning: error: unable to download '../all-cabal-hashes/pty-mcp-server/0.0.1.1/pty-mcp-server.cabal': Could not resolve hostname (6) Could not resolve host: ..; retrying in 613 ms
warning: error: unable to download '../all-cabal-hashes/pty-mcp-server/0.0.1.1/pty-mcp-server.cabal': Could not resolve hostname (6) Could not resolve host: ..; retrying in 1114 ms
warning: error: unable to download '../all-cabal-hashes/pty-mcp-server/0.0.1.1/pty-mcp-server.cabal': Could not resolve hostname (6) Could not resolve host: ..; retrying in 2554 ms
error: unable to download '../all-cabal-hashes/pty-mcp-server/0.0.1.1/pty-mcp-server.cabal': Could not resolve hostname (6) Could not resolve host: ..
** need a revision for VCS when the hash is given. skipping.
** need a revision for VCS when the hash is given. skipping.
** need a revision for VCS when the hash is given. skipping.
** need a revision for VCS when the hash is given. skipping.
cabal2nix: user error (Failed to fetch source. Does this source exist? Source {sourceUrl = "../all-cabal-hashes/pty-mcp-server/0.0.1.1/pty-mcp-server.cabal", sourceRevision = "", sourceHash = Guess "a4f18c7c4fb666fd4c70619d5b2fda87936e0e59811f36b1e592b21b34935756", sourceCabalDir = ""})


failed when running cabal2nix on ../all-cabal-hashes/pty-mcp-server/0.0.2.0/pty-mcp-server.cabal.  Error output from cabal2nix: 
$ nix-prefetch-url --unpack file:///home/runner/work/all-cabal-nixes/all-cabal-hashes/pty-mcp-server/0.0.2.0/pty-mcp-server.cabal
error: failed to open archive: Unrecognized archive format
$ nix-prefetch-url ../all-cabal-hashes/pty-mcp-server/0.0.2.0/pty-mcp-server.cabal
warning: error: unable to download '../all-cabal-hashes/pty-mcp-server/0.0.2.0/pty-mcp-server.cabal': Could not resolve hostname (6) Could not resolve host: ..; retrying in 353 ms
warning: error: unable to download '../all-cabal-hashes/pty-mcp-server/0.0.2.0/pty-mcp-server.cabal': Could not resolve hostname (6) Could not resolve host: ..; retrying in 575 ms
warning: error: unable to download '../all-cabal-hashes/pty-mcp-server/0.0.2.0/pty-mcp-server.cabal': Could not resolve hostname (6) Could not resolve host: ..; retrying in 1231 ms
warning: error: unable to download '../all-cabal-hashes/pty-mcp-server/0.0.2.0/pty-mcp-server.cabal': Could not resolve hostname (6) Could not resolve host: ..; retrying in 2804 ms
error: unable to download '../all-cabal-hashes/pty-mcp-server/0.0.2.0/pty-mcp-server.cabal': Could not resolve hostname (6) Could not resolve host: ..
$ nix-prefetch-url --unpack ../all-cabal-hashes/pty-mcp-server/0.0.2.0/pty-mcp-server.cabal
warning: error: unable to download '../all-cabal-hashes/pty-mcp-server/0.0.2.0/pty-mcp-server.cabal': Could not resolve hostname (6) Could not resolve host: ..; retrying in 319 ms
warning: error: unable to download '../all-cabal-hashes/pty-mcp-server/0.0.2.0/pty-mcp-server.cabal': Could not resolve hostname (6) Could not resolve host: ..; retrying in 541 ms
warning: error: unable to download '../all-cabal-hashes/pty-mcp-server/0.0.2.0/pty-mcp-server.cabal': Could not resolve hostname (6) Could not resolve host: ..; retrying in 1019 ms
warning: error: unable to download '../all-cabal-hashes/pty-mcp-server/0.0.2.0/pty-mcp-server.cabal': Could not resolve hostname (6) Could not resolve host: ..; retrying in 2381 ms
error: unable to download '../all-cabal-hashes/pty-mcp-server/0.0.2.0/pty-mcp-server.cabal': Could not resolve hostname (6) Could not resolve host: ..
** need a revision for VCS when the hash is given. skipping.
** need a revision for VCS when the hash is given. skipping.
** need a revision for VCS when the hash is given. skipping.
** need a revision for VCS when the hash is given. skipping.
cabal2nix: user error (Failed to fetch source. Does this source exist? Source {sourceUrl = "../all-cabal-hashes/pty-mcp-server/0.0.2.0/pty-mcp-server.cabal", sourceRevision = "", sourceHash = Guess "3dc489269b5ddcbca7d24f315473fe3e53544319bae5b5e57bc3e12fb688e135", sourceCabalDir = ""})


failed when running cabal2nix on ../all-cabal-hashes/pty-mcp-server/0.0.3.0/pty-mcp-server.cabal.  Error output from cabal2nix: 
$ nix-prefetch-url --unpack file:///home/runner/work/all-cabal-nixes/all-cabal-hashes/pty-mcp-server/0.0.3.0/pty-mcp-server.cabal
error: failed to open archive: Unrecognized archive format
$ nix-prefetch-url ../all-cabal-hashes/pty-mcp-server/0.0.3.0/pty-mcp-server.cabal
warning: error: unable to download '../all-cabal-hashes/pty-mcp-server/0.0.3.0/pty-mcp-server.cabal': Could not resolve hostname (6) Could not resolve host: ..; retrying in 285 ms
warning: error: unable to download '../all-cabal-hashes/pty-mcp-server/0.0.3.0/pty-mcp-server.cabal': Could not resolve hostname (6) Could not resolve host: ..; retrying in 699 ms
warning: error: unable to download '../all-cabal-hashes/pty-mcp-server/0.0.3.0/pty-mcp-server.cabal': Could not resolve hostname (6) Could not resolve host: ..; retrying in 1371 ms
warning: error: unable to download '../all-cabal-hashes/pty-mcp-server/0.0.3.0/pty-mcp-server.cabal': Could not resolve hostname (6) Could not resolve host: ..; retrying in 2251 ms
error: unable to download '../all-cabal-hashes/pty-mcp-server/0.0.3.0/pty-mcp-server.cabal': Could not resolve hostname (6) Could not resolve host: ..
$ nix-prefetch-url --unpack ../all-cabal-hashes/pty-mcp-server/0.0.3.0/pty-mcp-server.cabal
warning: error: unable to download '../all-cabal-hashes/pty-mcp-server/0.0.3.0/pty-mcp-server.cabal': Could not resolve hostname (6) Could not resolve host: ..; retrying in 251 ms
warning: error: unable to download '../all-cabal-hashes/pty-mcp-server/0.0.3.0/pty-mcp-server.cabal': Could not resolve hostname (6) Could not resolve host: ..; retrying in 506 ms
warning: error: unable to download '../all-cabal-hashes/pty-mcp-server/0.0.3.0/pty-mcp-server.cabal': Could not resolve hostname (6) Could not resolve host: ..; retrying in 1074 ms
warning: error: unable to download '../all-cabal-hashes/pty-mcp-server/0.0.3.0/pty-mcp-server.cabal': Could not resolve hostname (6) Could not resolve host: ..; retrying in 2027 ms
error: unable to download '../all-cabal-hashes/pty-mcp-server/0.0.3.0/pty-mcp-server.cabal': Could not resolve hostname (6) Could not resolve host: ..
** need a revision for VCS when the hash is given. skipping.
** need a revision for VCS when the hash is given. skipping.
** need a revision for VCS when the hash is given. skipping.
** need a revision for VCS when the hash is given. skipping.
cabal2nix: user error (Failed to fetch source. Does this source exist? Source {sourceUrl = "../all-cabal-hashes/pty-mcp-server/0.0.3.0/pty-mcp-server.cabal", sourceRevision = "", sourceHash = Guess "be2b5264be6b973bc7f1f859339add37f459c54be0cf446c766dc5b56a934e18", sourceCabalDir = ""})


failed when running cabal2nix on ../all-cabal-hashes/pty-mcp-server/0.0.4.0/pty-mcp-server.cabal.  Error output from cabal2nix: 
$ nix-prefetch-url --unpack file:///home/runner/work/all-cabal-nixes/all-cabal-hashes/pty-mcp-server/0.0.4.0/pty-mcp-server.cabal
error: failed to open archive: Unrecognized archive format
$ nix-prefetch-url ../all-cabal-hashes/pty-mcp-server/0.0.4.0/pty-mcp-server.cabal
warning: error: unable to download '../all-cabal-hashes/pty-mcp-server/0.0.4.0/pty-mcp-server.cabal': Could not resolve hostname (6) Could not resolve host: ..; retrying in 251 ms
warning: error: unable to download '../all-cabal-hashes/pty-mcp-server/0.0.4.0/pty-mcp-server.cabal': Could not resolve hostname (6) Could not resolve host: ..; retrying in 546 ms
warning: error: unable to download '../all-cabal-hashes/pty-mcp-server/0.0.4.0/pty-mcp-server.cabal': Could not resolve hostname (6) Could not resolve host: ..; retrying in 1042 ms
warning: error: unable to download '../all-cabal-hashes/pty-mcp-server/0.0.4.0/pty-mcp-server.cabal': Could not resolve hostname (6) Could not resolve host: ..; retrying in 2228 ms
error: unable to download '../all-cabal-hashes/pty-mcp-server/0.0.4.0/pty-mcp-server.cabal': Could not resolve hostname (6) Could not resolve host: ..
$ nix-prefetch-url --unpack ../all-cabal-hashes/pty-mcp-server/0.0.4.0/pty-mcp-server.cabal
warning: error: unable to download '../all-cabal-hashes/pty-mcp-server/0.0.4.0/pty-mcp-server.cabal': Could not resolve hostname (6) Could not resolve host: ..; retrying in 270 ms
warning: error: unable to download '../all-cabal-hashes/pty-mcp-server/0.0.4.0/pty-mcp-server.cabal': Could not resolve hostname (6) Could not resolve host: ..; retrying in 587 ms
warning: error: unable to download '../all-cabal-hashes/pty-mcp-server/0.0.4.0/pty-mcp-server.cabal': Could not resolve hostname (6) Could not resolve host: ..; retrying in 1101 ms
warning: error: unable to download '../all-cabal-hashes/pty-mcp-server/0.0.4.0/pty-mcp-server.cabal': Could not resolve hostname (6) Could not resolve host: ..; retrying in 2043 ms
error: unable to download '../all-cabal-hashes/pty-mcp-server/0.0.4.0/pty-mcp-server.cabal': Could not resolve hostname (6) Could not resolve host: ..
** need a revision for VCS when the hash is given. skipping.
** need a revision for VCS when the hash is given. skipping.
** need a revision for VCS when the hash is given. skipping.
** need a revision for VCS when the hash is given. skipping.
cabal2nix: user error (Failed to fetch source. Does this source exist? Source {sourceUrl = "../all-cabal-hashes/pty-mcp-server/0.0.4.0/pty-mcp-server.cabal", sourceRevision = "", sourceHash = Guess "c7bbc1e730eb4770fbf14545cb2d9774f9f73a199fa2aaac75f380cc64c6bfd8", sourceCabalDir = ""})


failed when running cabal2nix on ../all-cabal-hashes/pty-mcp-server/0.0.5.0/pty-mcp-server.cabal.  Error output from cabal2nix: 
$ nix-prefetch-url --unpack file:///home/runner/work/all-cabal-nixes/all-cabal-hashes/pty-mcp-server/0.0.5.0/pty-mcp-server.cabal
error: failed to open archive: Unrecognized archive format
$ nix-prefetch-url ../all-cabal-hashes/pty-mcp-server/0.0.5.0/pty-mcp-server.cabal
warning: error: unable to download '../all-cabal-hashes/pty-mcp-server/0.0.5.0/pty-mcp-server.cabal': Could not resolve hostname (6) Could not resolve host: ..; retrying in 293 ms
warning: error: unable to download '../all-cabal-hashes/pty-mcp-server/0.0.5.0/pty-mcp-server.cabal': Could not resolve hostname (6) Could not resolve host: ..; retrying in 618 ms
warning: error: unable to download '../all-cabal-hashes/pty-mcp-server/0.0.5.0/pty-mcp-server.cabal': Could not resolve hostname (6) Could not resolve host: ..; retrying in 1168 ms
warning: error: unable to download '../all-cabal-hashes/pty-mcp-server/0.0.5.0/pty-mcp-server.cabal': Could not resolve hostname (6) Could not resolve host: ..; retrying in 2443 ms
error: unable to download '../all-cabal-hashes/pty-mcp-server/0.0.5.0/pty-mcp-server.cabal': Could not resolve hostname (6) Could not resolve host: ..
$ nix-prefetch-url --unpack ../all-cabal-hashes/pty-mcp-server/0.0.5.0/pty-mcp-server.cabal
warning: error: unable to download '../all-cabal-hashes/pty-mcp-server/0.0.5.0/pty-mcp-server.cabal': Could not resolve hostname (6) Could not resolve host: ..; retrying in 279 ms
warning: error: unable to download '../all-cabal-hashes/pty-mcp-server/0.0.5.0/pty-mcp-server.cabal': Could not resolve hostname (6) Could not resolve host: ..; retrying in 667 ms
warning: error: unable to download '../all-cabal-hashes/pty-mcp-server/0.0.5.0/pty-mcp-server.cabal': Could not resolve hostname (6) Could not resolve host: ..; retrying in 1316 ms
warning: error: unable to download '../all-cabal-hashes/pty-mcp-server/0.0.5.0/pty-mcp-server.cabal': Could not resolve hostname (6) Could not resolve host: ..; retrying in 2175 ms
error: unable to download '../all-cabal-hashes/pty-mcp-server/0.0.5.0/pty-mcp-server.cabal': Could not resolve hostname (6) Could not resolve host: ..
** need a revision for VCS when the hash is given. skipping.
** need a revision for VCS when the hash is given. skipping.
** need a revision for VCS when the hash is given. skipping.
** need a revision for VCS when the hash is given. skipping.
cabal2nix: user error (Failed to fetch source. Does this source exist? Source {sourceUrl = "../all-cabal-hashes/pty-mcp-server/0.0.5.0/pty-mcp-server.cabal", sourceRevision = "", sourceHash = Guess "78f2088f5b8ecc0a8f9ee2a85798c35c0db74faa83ab52c79f327ec7d01d2a6f", sourceCabalDir = ""})


failed when running cabal2nix on ../all-cabal-hashes/webdriver-precore/0.0.0.2/webdriver-precore.cabal.  Error output from cabal2nix: 
$ nix-prefetch-url --unpack file:///home/runner/work/all-cabal-nixes/all-cabal-hashes/webdriver-precore/0.0.0.2/webdriver-precore.cabal
error: failed to open archive: Unrecognized archive format
$ nix-prefetch-url ../all-cabal-hashes/webdriver-precore/0.0.0.2/webdriver-precore.cabal
warning: error: unable to download '../all-cabal-hashes/webdriver-precore/0.0.0.2/webdriver-precore.cabal': Could not resolve hostname (6) Could not resolve host: ..; retrying in 286 ms
warning: error: unable to download '../all-cabal-hashes/webdriver-precore/0.0.0.2/webdriver-precore.cabal': Could not resolve hostname (6) Could not resolve host: ..; retrying in 553 ms
warning: error: unable to download '../all-cabal-hashes/webdriver-precore/0.0.0.2/webdriver-precore.cabal': Could not resolve hostname (6) Could not resolve host: ..; retrying in 1301 ms
warning: error: unable to download '../all-cabal-hashes/webdriver-precore/0.0.0.2/webdriver-precore.cabal': Could not resolve hostname (6) Could not resolve host: ..; retrying in 2724 ms
error: unable to download '../all-cabal-hashes/webdriver-precore/0.0.0.2/webdriver-precore.cabal': Could not resolve hostname (6) Could not resolve host: ..
$ nix-prefetch-url --unpack ../all-cabal-hashes/webdriver-precore/0.0.0.2/webdriver-precore.cabal
warning: error: unable to download '../all-cabal-hashes/webdriver-precore/0.0.0.2/webdriver-precore.cabal': Could not resolve hostname (6) Could not resolve host: ..; retrying in 269 ms
warning: error: unable to download '../all-cabal-hashes/webdriver-precore/0.0.0.2/webdriver-precore.cabal': Could not resolve hostname (6) Could not resolve host: ..; retrying in 563 ms
warning: error: unable to download '../all-cabal-hashes/webdriver-precore/0.0.0.2/webdriver-precore.cabal': Could not resolve hostname (6) Could not resolve host: ..; retrying in 1255 ms
warning: error: unable to download '../all-cabal-hashes/webdriver-precore/0.0.0.2/webdriver-precore.cabal': Could not resolve hostname (6) Could not resolve host: ..; retrying in 2536 ms
error: unable to download '../all-cabal-hashes/webdriver-precore/0.0.0.2/webdriver-precore.cabal': Could not resolve hostname (6) Could not resolve host: ..
** need a revision for VCS when the hash is given. skipping.
** need a revision for VCS when the hash is given. skipping.
** need a revision for VCS when the hash is given. skipping.
** need a revision for VCS when the hash is given. skipping.
cabal2nix: user error (Failed to fetch source. Does this source exist? Source {sourceUrl = "../all-cabal-hashes/webdriver-precore/0.0.0.2/webdriver-precore.cabal", sourceRevision = "", sourceHash = Guess "9844b935e0886b8ff182fdd772217b8f2a3a06b5d9755c087101c620a976be44", sourceCabalDir = ""})


failed when running cabal2nix on ../all-cabal-hashes/webdriver-precore/0.0.0.3/webdriver-precore.cabal.  Error output from cabal2nix: 
$ nix-prefetch-url --unpack file:///home/runner/work/all-cabal-nixes/all-cabal-hashes/webdriver-precore/0.0.0.3/webdriver-precore.cabal
error: failed to open archive: Unrecognized archive format
$ nix-prefetch-url ../all-cabal-hashes/webdriver-precore/0.0.0.3/webdriver-precore.cabal
warning: error: unable to download '../all-cabal-hashes/webdriver-precore/0.0.0.3/webdriver-precore.cabal': Could not resolve hostname (6) Could not resolve host: ..; retrying in 301 ms
warning: error: unable to download '../all-cabal-hashes/webdriver-precore/0.0.0.3/webdriver-precore.cabal': Could not resolve hostname (6) Could not resolve host: ..; retrying in 577 ms
warning: error: unable to download '../all-cabal-hashes/webdriver-precore/0.0.0.3/webdriver-precore.cabal': Could not resolve hostname (6) Could not resolve host: ..; retrying in 1154 ms
warning: error: unable to download '../all-cabal-hashes/webdriver-precore/0.0.0.3/webdriver-precore.cabal': Could not resolve hostname (6) Could not resolve host: ..; retrying in 2653 ms
error: unable to download '../all-cabal-hashes/webdriver-precore/0.0.0.3/webdriver-precore.cabal': Could not resolve hostname (6) Could not resolve host: ..
$ nix-prefetch-url --unpack ../all-cabal-hashes/webdriver-precore/0.0.0.3/webdriver-precore.cabal
warning: error: unable to download '../all-cabal-hashes/webdriver-precore/0.0.0.3/webdriver-precore.cabal': Could not resolve hostname (6) Could not resolve host: ..; retrying in 292 ms
warning: error: unable to download '../all-cabal-hashes/webdriver-precore/0.0.0.3/webdriver-precore.cabal': Could not resolve hostname (6) Could not resolve host: ..; retrying in 648 ms
warning: error: unable to download '../all-cabal-hashes/webdriver-precore/0.0.0.3/webdriver-precore.cabal': Could not resolve hostname (6) Could not resolve host: ..; retrying in 1344 ms
warning: error: unable to download '../all-cabal-hashes/webdriver-precore/0.0.0.3/webdriver-precore.cabal': Could not resolve hostname (6) Could not resolve host: ..; retrying in 2581 ms
error: unable to download '../all-cabal-hashes/webdriver-precore/0.0.0.3/webdriver-precore.cabal': Could not resolve hostname (6) Could not resolve host: ..
** need a revision for VCS when the hash is given. skipping.
** need a revision for VCS when the hash is given. skipping.
** need a revision for VCS when the hash is given. skipping.
** need a revision for VCS when the hash is given. skipping.
cabal2nix: user error (Failed to fetch source. Does this source exist? Source {sourceUrl = "../all-cabal-hashes/webdriver-precore/0.0.0.3/webdriver-precore.cabal", sourceRevision = "", sourceHash = Guess "d2fbb310ec170e5456ff3106c922d222a1942e1363a8d70f71d39d4516ea492f", sourceCabalDir = ""})


failed when running cabal2nix on ../all-cabal-hashes/webdriver-precore/0.0.0.4/webdriver-precore.cabal.  Error output from cabal2nix: 
$ nix-prefetch-url --unpack file:///home/runner/work/all-cabal-nixes/all-cabal-hashes/webdriver-precore/0.0.0.4/webdriver-precore.cabal
error: failed to open archive: Unrecognized archive format
$ nix-prefetch-url ../all-cabal-hashes/webdriver-precore/0.0.0.4/webdriver-precore.cabal
warning: error: unable to download '../all-cabal-hashes/webdriver-precore/0.0.0.4/webdriver-precore.cabal': Could not resolve hostname (6) Could not resolve host: ..; retrying in 260 ms
warning: error: unable to download '../all-cabal-hashes/webdriver-precore/0.0.0.4/webdriver-precore.cabal': Could not resolve hostname (6) Could not resolve host: ..; retrying in 502 ms
warning: error: unable to download '../all-cabal-hashes/webdriver-precore/0.0.0.4/webdriver-precore.cabal': Could not resolve hostname (6) Could not resolve host: ..; retrying in 1335 ms
warning: error: unable to download '../all-cabal-hashes/webdriver-precore/0.0.0.4/webdriver-precore.cabal': Could not resolve hostname (6) Could not resolve host: ..; retrying in 2335 ms
error: unable to download '../all-cabal-hashes/webdriver-precore/0.0.0.4/webdriver-precore.cabal': Could not resolve hostname (6) Could not resolve host: ..
$ nix-prefetch-url --unpack ../all-cabal-hashes/webdriver-precore/0.0.0.4/webdriver-precore.cabal
warning: error: unable to download '../all-cabal-hashes/webdriver-precore/0.0.0.4/webdriver-precore.cabal': Could not resolve hostname (6) Could not resolve host: ..; retrying in 257 ms
warning: error: unable to download '../all-cabal-hashes/webdriver-precore/0.0.0.4/webdriver-precore.cabal': Could not resolve hostname (6) Could not resolve host: ..; retrying in 512 ms
warning: error: unable to download '../all-cabal-hashes/webdriver-precore/0.0.0.4/webdriver-precore.cabal': Could not resolve hostname (6) Could not resolve host: ..; retrying in 1407 ms
warning: error: unable to download '../all-cabal-hashes/webdriver-precore/0.0.0.4/webdriver-precore.cabal': Could not resolve hostname (6) Could not resolve host: ..; retrying in 2436 ms
error: unable to download '../all-cabal-hashes/webdriver-precore/0.0.0.4/webdriver-precore.cabal': Could not resolve hostname (6) Could not resolve host: ..
** need a revision for VCS when the hash is given. skipping.
** need a revision for VCS when the hash is given. skipping.
** need a revision for VCS when the hash is given. skipping.
** need a revision for VCS when the hash is given. skipping.
cabal2nix: user error (Failed to fetch source. Does this source exist? Source {sourceUrl = "../all-cabal-hashes/webdriver-precore/0.0.0.4/webdriver-precore.cabal", sourceRevision = "", sourceHash = Guess "ac1d24d31c1336f95fa6ec14befe958fb7c3196b5a5ca9473f813c0b5514e495", sourceCabalDir = ""})


