failed when running sed to get sha256 on ../all-cabal-hashes/hermes/1.3.4.3/hermes.json.  Error output from sed: 
sed: can't read ../all-cabal-hashes/hermes/1.3.4.3/hermes.json: No such file or directory


failed when running cabal2nix on ../all-cabal-hashes/palindromes/1.0/palindromes.cabal.  Error output from cabal2nix: 
$ nix-prefetch-url --unpack file:///home/runner/work/all-cabal-nixes/all-cabal-hashes/palindromes/1.0/palindromes.cabal
error: failed to open archive: Unrecognized archive format
$ nix-prefetch-url ../all-cabal-hashes/palindromes/1.0/palindromes.cabal
warning: error: unable to download '../all-cabal-hashes/palindromes/1.0/palindromes.cabal': Could not resolve hostname (6) Could not resolve host: ..; retrying in 345 ms
warning: error: unable to download '../all-cabal-hashes/palindromes/1.0/palindromes.cabal': Could not resolve hostname (6) Could not resolve host: ..; retrying in 587 ms
warning: error: unable to download '../all-cabal-hashes/palindromes/1.0/palindromes.cabal': Could not resolve hostname (6) Could not resolve host: ..; retrying in 1289 ms
warning: error: unable to download '../all-cabal-hashes/palindromes/1.0/palindromes.cabal': Could not resolve hostname (6) Could not resolve host: ..; retrying in 2263 ms
error: unable to download '../all-cabal-hashes/palindromes/1.0/palindromes.cabal': Could not resolve hostname (6) Could not resolve host: ..
$ nix-prefetch-url --unpack ../all-cabal-hashes/palindromes/1.0/palindromes.cabal
warning: error: unable to download '../all-cabal-hashes/palindromes/1.0/palindromes.cabal': Could not resolve hostname (6) Could not resolve host: ..; retrying in 319 ms
warning: error: unable to download '../all-cabal-hashes/palindromes/1.0/palindromes.cabal': Could not resolve hostname (6) Could not resolve host: ..; retrying in 622 ms
warning: error: unable to download '../all-cabal-hashes/palindromes/1.0/palindromes.cabal': Could not resolve hostname (6) Could not resolve host: ..; retrying in 1222 ms
warning: error: unable to download '../all-cabal-hashes/palindromes/1.0/palindromes.cabal': Could not resolve hostname (6) Could not resolve host: ..; retrying in 2521 ms
error: unable to download '../all-cabal-hashes/palindromes/1.0/palindromes.cabal': Could not resolve hostname (6) Could not resolve host: ..
** need a revision for VCS when the hash is given. skipping.
** need a revision for VCS when the hash is given. skipping.
** need a revision for VCS when the hash is given. skipping.
** need a revision for VCS when the hash is given. skipping.
cabal2nix: user error (Failed to fetch source. Does this source exist? Source {sourceUrl = "../all-cabal-hashes/palindromes/1.0/palindromes.cabal", sourceRevision = "", sourceHash = Guess "814e47cbcfbb122113ee3fd395df68e8b4cde79476640869c22eb737a1a2f2d1", sourceCabalDir = ""})


failed when running cabal2nix on ../all-cabal-hashes/pms-application-service/0.0.1.0/pms-application-service.cabal.  Error output from cabal2nix: 
$ nix-prefetch-url --unpack file:///home/runner/work/all-cabal-nixes/all-cabal-hashes/pms-application-service/0.0.1.0/pms-application-service.cabal
error: failed to open archive: Unrecognized archive format
$ nix-prefetch-url ../all-cabal-hashes/pms-application-service/0.0.1.0/pms-application-service.cabal
warning: error: unable to download '../all-cabal-hashes/pms-application-service/0.0.1.0/pms-application-service.cabal': Could not resolve hostname (6) Could not resolve host: ..; retrying in 254 ms
warning: error: unable to download '../all-cabal-hashes/pms-application-service/0.0.1.0/pms-application-service.cabal': Could not resolve hostname (6) Could not resolve host: ..; retrying in 573 ms
warning: error: unable to download '../all-cabal-hashes/pms-application-service/0.0.1.0/pms-application-service.cabal': Could not resolve hostname (6) Could not resolve host: ..; retrying in 1326 ms
warning: error: unable to download '../all-cabal-hashes/pms-application-service/0.0.1.0/pms-application-service.cabal': Could not resolve hostname (6) Could not resolve host: ..; retrying in 2713 ms
error: unable to download '../all-cabal-hashes/pms-application-service/0.0.1.0/pms-application-service.cabal': Could not resolve hostname (6) Could not resolve host: ..
$ nix-prefetch-url --unpack ../all-cabal-hashes/pms-application-service/0.0.1.0/pms-application-service.cabal
warning: error: unable to download '../all-cabal-hashes/pms-application-service/0.0.1.0/pms-application-service.cabal': Could not resolve hostname (6) Could not resolve host: ..; retrying in 268 ms
warning: error: unable to download '../all-cabal-hashes/pms-application-service/0.0.1.0/pms-application-service.cabal': Could not resolve hostname (6) Could not resolve host: ..; retrying in 629 ms
warning: error: unable to download '../all-cabal-hashes/pms-application-service/0.0.1.0/pms-application-service.cabal': Could not resolve hostname (6) Could not resolve host: ..; retrying in 1056 ms
warning: error: unable to download '../all-cabal-hashes/pms-application-service/0.0.1.0/pms-application-service.cabal': Could not resolve hostname (6) Could not resolve host: ..; retrying in 2780 ms
error: unable to download '../all-cabal-hashes/pms-application-service/0.0.1.0/pms-application-service.cabal': Could not resolve hostname (6) Could not resolve host: ..
** need a revision for VCS when the hash is given. skipping.
** need a revision for VCS when the hash is given. skipping.
** need a revision for VCS when the hash is given. skipping.
** need a revision for VCS when the hash is given. skipping.
cabal2nix: user error (Failed to fetch source. Does this source exist? Source {sourceUrl = "../all-cabal-hashes/pms-application-service/0.0.1.0/pms-application-service.cabal", sourceRevision = "", sourceHash = Guess "4a548fd1094a46aa45751b8075e9aafb2f733fbf0a77ec563da5802190b3de66", sourceCabalDir = ""})


failed when running cabal2nix on ../all-cabal-hashes/pms-application-service/0.0.2.0/pms-application-service.cabal.  Error output from cabal2nix: 
$ nix-prefetch-url --unpack file:///home/runner/work/all-cabal-nixes/all-cabal-hashes/pms-application-service/0.0.2.0/pms-application-service.cabal
error: failed to open archive: Unrecognized archive format
$ nix-prefetch-url ../all-cabal-hashes/pms-application-service/0.0.2.0/pms-application-service.cabal
warning: error: unable to download '../all-cabal-hashes/pms-application-service/0.0.2.0/pms-application-service.cabal': Could not resolve hostname (6) Could not resolve host: ..; retrying in 273 ms
warning: error: unable to download '../all-cabal-hashes/pms-application-service/0.0.2.0/pms-application-service.cabal': Could not resolve hostname (6) Could not resolve host: ..; retrying in 649 ms
warning: error: unable to download '../all-cabal-hashes/pms-application-service/0.0.2.0/pms-application-service.cabal': Could not resolve hostname (6) Could not resolve host: ..; retrying in 1310 ms
warning: error: unable to download '../all-cabal-hashes/pms-application-service/0.0.2.0/pms-application-service.cabal': Could not resolve hostname (6) Could not resolve host: ..; retrying in 2240 ms
error: unable to download '../all-cabal-hashes/pms-application-service/0.0.2.0/pms-application-service.cabal': Could not resolve hostname (6) Could not resolve host: ..
$ nix-prefetch-url --unpack ../all-cabal-hashes/pms-application-service/0.0.2.0/pms-application-service.cabal
warning: error: unable to download '../all-cabal-hashes/pms-application-service/0.0.2.0/pms-application-service.cabal': Could not resolve hostname (6) Could not resolve host: ..; retrying in 258 ms
warning: error: unable to download '../all-cabal-hashes/pms-application-service/0.0.2.0/pms-application-service.cabal': Could not resolve hostname (6) Could not resolve host: ..; retrying in 514 ms
warning: error: unable to download '../all-cabal-hashes/pms-application-service/0.0.2.0/pms-application-service.cabal': Could not resolve hostname (6) Could not resolve host: ..; retrying in 1179 ms
warning: error: unable to download '../all-cabal-hashes/pms-application-service/0.0.2.0/pms-application-service.cabal': Could not resolve hostname (6) Could not resolve host: ..; retrying in 2255 ms
error: unable to download '../all-cabal-hashes/pms-application-service/0.0.2.0/pms-application-service.cabal': Could not resolve hostname (6) Could not resolve host: ..
** need a revision for VCS when the hash is given. skipping.
** need a revision for VCS when the hash is given. skipping.
** need a revision for VCS when the hash is given. skipping.
** need a revision for VCS when the hash is given. skipping.
cabal2nix: user error (Failed to fetch source. Does this source exist? Source {sourceUrl = "../all-cabal-hashes/pms-application-service/0.0.2.0/pms-application-service.cabal", sourceRevision = "", sourceHash = Guess "3ebfd24d0694780b7cf6e7c31729ae15239253fbf846ada8c453dc3875d512ba", sourceCabalDir = ""})


failed when running cabal2nix on ../all-cabal-hashes/pms-application-service/0.0.3.0/pms-application-service.cabal.  Error output from cabal2nix: 
$ nix-prefetch-url --unpack file:///home/runner/work/all-cabal-nixes/all-cabal-hashes/pms-application-service/0.0.3.0/pms-application-service.cabal
error: failed to open archive: Unrecognized archive format
$ nix-prefetch-url ../all-cabal-hashes/pms-application-service/0.0.3.0/pms-application-service.cabal
warning: error: unable to download '../all-cabal-hashes/pms-application-service/0.0.3.0/pms-application-service.cabal': Could not resolve hostname (6) Could not resolve host: ..; retrying in 251 ms
warning: error: unable to download '../all-cabal-hashes/pms-application-service/0.0.3.0/pms-application-service.cabal': Could not resolve hostname (6) Could not resolve host: ..; retrying in 648 ms
warning: error: unable to download '../all-cabal-hashes/pms-application-service/0.0.3.0/pms-application-service.cabal': Could not resolve hostname (6) Could not resolve host: ..; retrying in 1014 ms
warning: error: unable to download '../all-cabal-hashes/pms-application-service/0.0.3.0/pms-application-service.cabal': Could not resolve hostname (6) Could not resolve host: ..; retrying in 2383 ms
error: unable to download '../all-cabal-hashes/pms-application-service/0.0.3.0/pms-application-service.cabal': Could not resolve hostname (6) Could not resolve host: ..
$ nix-prefetch-url --unpack ../all-cabal-hashes/pms-application-service/0.0.3.0/pms-application-service.cabal
warning: error: unable to download '../all-cabal-hashes/pms-application-service/0.0.3.0/pms-application-service.cabal': Could not resolve hostname (6) Could not resolve host: ..; retrying in 302 ms
warning: error: unable to download '../all-cabal-hashes/pms-application-service/0.0.3.0/pms-application-service.cabal': Could not resolve hostname (6) Could not resolve host: ..; retrying in 652 ms
warning: error: unable to download '../all-cabal-hashes/pms-application-service/0.0.3.0/pms-application-service.cabal': Could not resolve hostname (6) Could not resolve host: ..; retrying in 1406 ms
warning: error: unable to download '../all-cabal-hashes/pms-application-service/0.0.3.0/pms-application-service.cabal': Could not resolve hostname (6) Could not resolve host: ..; retrying in 2777 ms
error: unable to download '../all-cabal-hashes/pms-application-service/0.0.3.0/pms-application-service.cabal': Could not resolve hostname (6) Could not resolve host: ..
** need a revision for VCS when the hash is given. skipping.
** need a revision for VCS when the hash is given. skipping.
** need a revision for VCS when the hash is given. skipping.
** need a revision for VCS when the hash is given. skipping.
cabal2nix: user error (Failed to fetch source. Does this source exist? Source {sourceUrl = "../all-cabal-hashes/pms-application-service/0.0.3.0/pms-application-service.cabal", sourceRevision = "", sourceHash = Guess "9ed12347fc4105806bc58c659863732ecd2f7b9d9ee6d01a8e6e6ddaaf86eb30", sourceCabalDir = ""})


failed when running cabal2nix on ../all-cabal-hashes/pms-domain-model/0.0.1.0/pms-domain-model.cabal.  Error output from cabal2nix: 
$ nix-prefetch-url --unpack file:///home/runner/work/all-cabal-nixes/all-cabal-hashes/pms-domain-model/0.0.1.0/pms-domain-model.cabal
error: failed to open archive: Unrecognized archive format
$ nix-prefetch-url ../all-cabal-hashes/pms-domain-model/0.0.1.0/pms-domain-model.cabal
warning: error: unable to download '../all-cabal-hashes/pms-domain-model/0.0.1.0/pms-domain-model.cabal': Could not resolve hostname (6) Could not resolve host: ..; retrying in 335 ms
warning: error: unable to download '../all-cabal-hashes/pms-domain-model/0.0.1.0/pms-domain-model.cabal': Could not resolve hostname (6) Could not resolve host: ..; retrying in 661 ms
warning: error: unable to download '../all-cabal-hashes/pms-domain-model/0.0.1.0/pms-domain-model.cabal': Could not resolve hostname (6) Could not resolve host: ..; retrying in 1287 ms
warning: error: unable to download '../all-cabal-hashes/pms-domain-model/0.0.1.0/pms-domain-model.cabal': Could not resolve hostname (6) Could not resolve host: ..; retrying in 2807 ms
error: unable to download '../all-cabal-hashes/pms-domain-model/0.0.1.0/pms-domain-model.cabal': Could not resolve hostname (6) Could not resolve host: ..
$ nix-prefetch-url --unpack ../all-cabal-hashes/pms-domain-model/0.0.1.0/pms-domain-model.cabal
warning: error: unable to download '../all-cabal-hashes/pms-domain-model/0.0.1.0/pms-domain-model.cabal': Could not resolve hostname (6) Could not resolve host: ..; retrying in 262 ms
warning: error: unable to download '../all-cabal-hashes/pms-domain-model/0.0.1.0/pms-domain-model.cabal': Could not resolve hostname (6) Could not resolve host: ..; retrying in 579 ms
warning: error: unable to download '../all-cabal-hashes/pms-domain-model/0.0.1.0/pms-domain-model.cabal': Could not resolve hostname (6) Could not resolve host: ..; retrying in 1263 ms
warning: error: unable to download '../all-cabal-hashes/pms-domain-model/0.0.1.0/pms-domain-model.cabal': Could not resolve hostname (6) Could not resolve host: ..; retrying in 2548 ms
error: unable to download '../all-cabal-hashes/pms-domain-model/0.0.1.0/pms-domain-model.cabal': Could not resolve hostname (6) Could not resolve host: ..
** need a revision for VCS when the hash is given. skipping.
** need a revision for VCS when the hash is given. skipping.
** need a revision for VCS when the hash is given. skipping.
** need a revision for VCS when the hash is given. skipping.
cabal2nix: user error (Failed to fetch source. Does this source exist? Source {sourceUrl = "../all-cabal-hashes/pms-domain-model/0.0.1.0/pms-domain-model.cabal", sourceRevision = "", sourceHash = Guess "eab06c217fc4887b72455d8280c22696d08086b46d890f1e83dfcaad1a2669ca", sourceCabalDir = ""})


failed when running cabal2nix on ../all-cabal-hashes/pms-domain-model/0.0.1.1/pms-domain-model.cabal.  Error output from cabal2nix: 
$ nix-prefetch-url --unpack file:///home/runner/work/all-cabal-nixes/all-cabal-hashes/pms-domain-model/0.0.1.1/pms-domain-model.cabal
error: failed to open archive: Unrecognized archive format
$ nix-prefetch-url ../all-cabal-hashes/pms-domain-model/0.0.1.1/pms-domain-model.cabal
warning: error: unable to download '../all-cabal-hashes/pms-domain-model/0.0.1.1/pms-domain-model.cabal': Could not resolve hostname (6) Could not resolve host: ..; retrying in 299 ms
warning: error: unable to download '../all-cabal-hashes/pms-domain-model/0.0.1.1/pms-domain-model.cabal': Could not resolve hostname (6) Could not resolve host: ..; retrying in 639 ms
warning: error: unable to download '../all-cabal-hashes/pms-domain-model/0.0.1.1/pms-domain-model.cabal': Could not resolve hostname (6) Could not resolve host: ..; retrying in 1343 ms
warning: error: unable to download '../all-cabal-hashes/pms-domain-model/0.0.1.1/pms-domain-model.cabal': Could not resolve hostname (6) Could not resolve host: ..; retrying in 2293 ms
error: unable to download '../all-cabal-hashes/pms-domain-model/0.0.1.1/pms-domain-model.cabal': Could not resolve hostname (6) Could not resolve host: ..
$ nix-prefetch-url --unpack ../all-cabal-hashes/pms-domain-model/0.0.1.1/pms-domain-model.cabal
warning: error: unable to download '../all-cabal-hashes/pms-domain-model/0.0.1.1/pms-domain-model.cabal': Could not resolve hostname (6) Could not resolve host: ..; retrying in 350 ms
warning: error: unable to download '../all-cabal-hashes/pms-domain-model/0.0.1.1/pms-domain-model.cabal': Could not resolve hostname (6) Could not resolve host: ..; retrying in 556 ms
warning: error: unable to download '../all-cabal-hashes/pms-domain-model/0.0.1.1/pms-domain-model.cabal': Could not resolve hostname (6) Could not resolve host: ..; retrying in 1199 ms
warning: error: unable to download '../all-cabal-hashes/pms-domain-model/0.0.1.1/pms-domain-model.cabal': Could not resolve hostname (6) Could not resolve host: ..; retrying in 2631 ms
error: unable to download '../all-cabal-hashes/pms-domain-model/0.0.1.1/pms-domain-model.cabal': Could not resolve hostname (6) Could not resolve host: ..
** need a revision for VCS when the hash is given. skipping.
** need a revision for VCS when the hash is given. skipping.
** need a revision for VCS when the hash is given. skipping.
** need a revision for VCS when the hash is given. skipping.
cabal2nix: user error (Failed to fetch source. Does this source exist? Source {sourceUrl = "../all-cabal-hashes/pms-domain-model/0.0.1.1/pms-domain-model.cabal", sourceRevision = "", sourceHash = Guess "e95dea05747e94ff99b4ff75942c6c7b7d6bce3e0ed00fe3e4475660a760a717", sourceCabalDir = ""})


failed when running cabal2nix on ../all-cabal-hashes/pms-domain-model/0.0.2.0/pms-domain-model.cabal.  Error output from cabal2nix: 
$ nix-prefetch-url --unpack file:///home/runner/work/all-cabal-nixes/all-cabal-hashes/pms-domain-model/0.0.2.0/pms-domain-model.cabal
error: failed to open archive: Unrecognized archive format
$ nix-prefetch-url ../all-cabal-hashes/pms-domain-model/0.0.2.0/pms-domain-model.cabal
warning: error: unable to download '../all-cabal-hashes/pms-domain-model/0.0.2.0/pms-domain-model.cabal': Could not resolve hostname (6) Could not resolve host: ..; retrying in 277 ms
warning: error: unable to download '../all-cabal-hashes/pms-domain-model/0.0.2.0/pms-domain-model.cabal': Could not resolve hostname (6) Could not resolve host: ..; retrying in 678 ms
warning: error: unable to download '../all-cabal-hashes/pms-domain-model/0.0.2.0/pms-domain-model.cabal': Could not resolve hostname (6) Could not resolve host: ..; retrying in 1180 ms
warning: error: unable to download '../all-cabal-hashes/pms-domain-model/0.0.2.0/pms-domain-model.cabal': Could not resolve hostname (6) Could not resolve host: ..; retrying in 2085 ms
error: unable to download '../all-cabal-hashes/pms-domain-model/0.0.2.0/pms-domain-model.cabal': Could not resolve hostname (6) Could not resolve host: ..
$ nix-prefetch-url --unpack ../all-cabal-hashes/pms-domain-model/0.0.2.0/pms-domain-model.cabal
warning: error: unable to download '../all-cabal-hashes/pms-domain-model/0.0.2.0/pms-domain-model.cabal': Could not resolve hostname (6) Could not resolve host: ..; retrying in 297 ms
warning: error: unable to download '../all-cabal-hashes/pms-domain-model/0.0.2.0/pms-domain-model.cabal': Could not resolve hostname (6) Could not resolve host: ..; retrying in 598 ms
warning: error: unable to download '../all-cabal-hashes/pms-domain-model/0.0.2.0/pms-domain-model.cabal': Could not resolve hostname (6) Could not resolve host: ..; retrying in 1172 ms
warning: error: unable to download '../all-cabal-hashes/pms-domain-model/0.0.2.0/pms-domain-model.cabal': Could not resolve hostname (6) Could not resolve host: ..; retrying in 2066 ms
error: unable to download '../all-cabal-hashes/pms-domain-model/0.0.2.0/pms-domain-model.cabal': Could not resolve hostname (6) Could not resolve host: ..
** need a revision for VCS when the hash is given. skipping.
** need a revision for VCS when the hash is given. skipping.
** need a revision for VCS when the hash is given. skipping.
** need a revision for VCS when the hash is given. skipping.
cabal2nix: user error (Failed to fetch source. Does this source exist? Source {sourceUrl = "../all-cabal-hashes/pms-domain-model/0.0.2.0/pms-domain-model.cabal", sourceRevision = "", sourceHash = Guess "c32c6f47f16376b78f1456486db1a903985959e586030c02cb2a1692dffcd6d9", sourceCabalDir = ""})


failed when running cabal2nix on ../all-cabal-hashes/pms-domain-model/0.0.3.0/pms-domain-model.cabal.  Error output from cabal2nix: 
$ nix-prefetch-url --unpack file:///home/runner/work/all-cabal-nixes/all-cabal-hashes/pms-domain-model/0.0.3.0/pms-domain-model.cabal
error: failed to open archive: Unrecognized archive format
$ nix-prefetch-url ../all-cabal-hashes/pms-domain-model/0.0.3.0/pms-domain-model.cabal
warning: error: unable to download '../all-cabal-hashes/pms-domain-model/0.0.3.0/pms-domain-model.cabal': Could not resolve hostname (6) Could not resolve host: ..; retrying in 279 ms
warning: error: unable to download '../all-cabal-hashes/pms-domain-model/0.0.3.0/pms-domain-model.cabal': Could not resolve hostname (6) Could not resolve host: ..; retrying in 567 ms
warning: error: unable to download '../all-cabal-hashes/pms-domain-model/0.0.3.0/pms-domain-model.cabal': Could not resolve hostname (6) Could not resolve host: ..; retrying in 1293 ms
warning: error: unable to download '../all-cabal-hashes/pms-domain-model/0.0.3.0/pms-domain-model.cabal': Could not resolve hostname (6) Could not resolve host: ..; retrying in 2807 ms
error: unable to download '../all-cabal-hashes/pms-domain-model/0.0.3.0/pms-domain-model.cabal': Could not resolve hostname (6) Could not resolve host: ..
$ nix-prefetch-url --unpack ../all-cabal-hashes/pms-domain-model/0.0.3.0/pms-domain-model.cabal
warning: error: unable to download '../all-cabal-hashes/pms-domain-model/0.0.3.0/pms-domain-model.cabal': Could not resolve hostname (6) Could not resolve host: ..; retrying in 276 ms
warning: error: unable to download '../all-cabal-hashes/pms-domain-model/0.0.3.0/pms-domain-model.cabal': Could not resolve hostname (6) Could not resolve host: ..; retrying in 639 ms
warning: error: unable to download '../all-cabal-hashes/pms-domain-model/0.0.3.0/pms-domain-model.cabal': Could not resolve hostname (6) Could not resolve host: ..; retrying in 1184 ms
warning: error: unable to download '../all-cabal-hashes/pms-domain-model/0.0.3.0/pms-domain-model.cabal': Could not resolve hostname (6) Could not resolve host: ..; retrying in 2644 ms
error: unable to download '../all-cabal-hashes/pms-domain-model/0.0.3.0/pms-domain-model.cabal': Could not resolve hostname (6) Could not resolve host: ..
** need a revision for VCS when the hash is given. skipping.
** need a revision for VCS when the hash is given. skipping.
** need a revision for VCS when the hash is given. skipping.
** need a revision for VCS when the hash is given. skipping.
cabal2nix: user error (Failed to fetch source. Does this source exist? Source {sourceUrl = "../all-cabal-hashes/pms-domain-model/0.0.3.0/pms-domain-model.cabal", sourceRevision = "", sourceHash = Guess "ff4f473837beb5c0435978d44df6d001c8f7d484d8c6e7111079a0c46a5c2858", sourceCabalDir = ""})


failed when running cabal2nix on ../all-cabal-hashes/pms-domain-service/0.0.1.0/pms-domain-service.cabal.  Error output from cabal2nix: 
$ nix-prefetch-url --unpack file:///home/runner/work/all-cabal-nixes/all-cabal-hashes/pms-domain-service/0.0.1.0/pms-domain-service.cabal
error: failed to open archive: Unrecognized archive format
$ nix-prefetch-url ../all-cabal-hashes/pms-domain-service/0.0.1.0/pms-domain-service.cabal
warning: error: unable to download '../all-cabal-hashes/pms-domain-service/0.0.1.0/pms-domain-service.cabal': Could not resolve hostname (6) Could not resolve host: ..; retrying in 314 ms
warning: error: unable to download '../all-cabal-hashes/pms-domain-service/0.0.1.0/pms-domain-service.cabal': Could not resolve hostname (6) Could not resolve host: ..; retrying in 600 ms
warning: error: unable to download '../all-cabal-hashes/pms-domain-service/0.0.1.0/pms-domain-service.cabal': Could not resolve hostname (6) Could not resolve host: ..; retrying in 1227 ms
warning: error: unable to download '../all-cabal-hashes/pms-domain-service/0.0.1.0/pms-domain-service.cabal': Could not resolve hostname (6) Could not resolve host: ..; retrying in 2176 ms
error: unable to download '../all-cabal-hashes/pms-domain-service/0.0.1.0/pms-domain-service.cabal': Could not resolve hostname (6) Could not resolve host: ..
$ nix-prefetch-url --unpack ../all-cabal-hashes/pms-domain-service/0.0.1.0/pms-domain-service.cabal
warning: error: unable to download '../all-cabal-hashes/pms-domain-service/0.0.1.0/pms-domain-service.cabal': Could not resolve hostname (6) Could not resolve host: ..; retrying in 338 ms
warning: error: unable to download '../all-cabal-hashes/pms-domain-service/0.0.1.0/pms-domain-service.cabal': Could not resolve hostname (6) Could not resolve host: ..; retrying in 666 ms
warning: error: unable to download '../all-cabal-hashes/pms-domain-service/0.0.1.0/pms-domain-service.cabal': Could not resolve hostname (6) Could not resolve host: ..; retrying in 1096 ms
warning: error: unable to download '../all-cabal-hashes/pms-domain-service/0.0.1.0/pms-domain-service.cabal': Could not resolve hostname (6) Could not resolve host: ..; retrying in 2750 ms
error: unable to download '../all-cabal-hashes/pms-domain-service/0.0.1.0/pms-domain-service.cabal': Could not resolve hostname (6) Could not resolve host: ..
** need a revision for VCS when the hash is given. skipping.
** need a revision for VCS when the hash is given. skipping.
** need a revision for VCS when the hash is given. skipping.
** need a revision for VCS when the hash is given. skipping.
cabal2nix: user error (Failed to fetch source. Does this source exist? Source {sourceUrl = "../all-cabal-hashes/pms-domain-service/0.0.1.0/pms-domain-service.cabal", sourceRevision = "", sourceHash = Guess "703f209917ff462d48aa6b4a96b20bb31f4493d281476bc59118bc862b9bc751", sourceCabalDir = ""})


failed when running cabal2nix on ../all-cabal-hashes/pms-domain-service/0.0.2.0/pms-domain-service.cabal.  Error output from cabal2nix: 
$ nix-prefetch-url --unpack file:///home/runner/work/all-cabal-nixes/all-cabal-hashes/pms-domain-service/0.0.2.0/pms-domain-service.cabal
error: failed to open archive: Unrecognized archive format
$ nix-prefetch-url ../all-cabal-hashes/pms-domain-service/0.0.2.0/pms-domain-service.cabal
warning: error: unable to download '../all-cabal-hashes/pms-domain-service/0.0.2.0/pms-domain-service.cabal': Could not resolve hostname (6) Could not resolve host: ..; retrying in 262 ms
warning: error: unable to download '../all-cabal-hashes/pms-domain-service/0.0.2.0/pms-domain-service.cabal': Could not resolve hostname (6) Could not resolve host: ..; retrying in 596 ms
warning: error: unable to download '../all-cabal-hashes/pms-domain-service/0.0.2.0/pms-domain-service.cabal': Could not resolve hostname (6) Could not resolve host: ..; retrying in 1254 ms
warning: error: unable to download '../all-cabal-hashes/pms-domain-service/0.0.2.0/pms-domain-service.cabal': Could not resolve hostname (6) Could not resolve host: ..; retrying in 2079 ms
error: unable to download '../all-cabal-hashes/pms-domain-service/0.0.2.0/pms-domain-service.cabal': Could not resolve hostname (6) Could not resolve host: ..
$ nix-prefetch-url --unpack ../all-cabal-hashes/pms-domain-service/0.0.2.0/pms-domain-service.cabal
warning: error: unable to download '../all-cabal-hashes/pms-domain-service/0.0.2.0/pms-domain-service.cabal': Could not resolve hostname (6) Could not resolve host: ..; retrying in 341 ms
warning: error: unable to download '../all-cabal-hashes/pms-domain-service/0.0.2.0/pms-domain-service.cabal': Could not resolve hostname (6) Could not resolve host: ..; retrying in 654 ms
warning: error: unable to download '../all-cabal-hashes/pms-domain-service/0.0.2.0/pms-domain-service.cabal': Could not resolve hostname (6) Could not resolve host: ..; retrying in 1299 ms
warning: error: unable to download '../all-cabal-hashes/pms-domain-service/0.0.2.0/pms-domain-service.cabal': Could not resolve hostname (6) Could not resolve host: ..; retrying in 2276 ms
error: unable to download '../all-cabal-hashes/pms-domain-service/0.0.2.0/pms-domain-service.cabal': Could not resolve hostname (6) Could not resolve host: ..
** need a revision for VCS when the hash is given. skipping.
** need a revision for VCS when the hash is given. skipping.
** need a revision for VCS when the hash is given. skipping.
** need a revision for VCS when the hash is given. skipping.
cabal2nix: user error (Failed to fetch source. Does this source exist? Source {sourceUrl = "../all-cabal-hashes/pms-domain-service/0.0.2.0/pms-domain-service.cabal", sourceRevision = "", sourceHash = Guess "9baa6abc50ea863f617efdc0d7b343515062315a7f117e6b5099215efacd5cba", sourceCabalDir = ""})


failed when running cabal2nix on ../all-cabal-hashes/pms-infra-cmdrun/0.0.1.0/pms-infra-cmdrun.cabal.  Error output from cabal2nix: 
$ nix-prefetch-url --unpack file:///home/runner/work/all-cabal-nixes/all-cabal-hashes/pms-infra-cmdrun/0.0.1.0/pms-infra-cmdrun.cabal
error: failed to open archive: Unrecognized archive format
$ nix-prefetch-url ../all-cabal-hashes/pms-infra-cmdrun/0.0.1.0/pms-infra-cmdrun.cabal
warning: error: unable to download '../all-cabal-hashes/pms-infra-cmdrun/0.0.1.0/pms-infra-cmdrun.cabal': Could not resolve hostname (6) Could not resolve host: ..; retrying in 279 ms
warning: error: unable to download '../all-cabal-hashes/pms-infra-cmdrun/0.0.1.0/pms-infra-cmdrun.cabal': Could not resolve hostname (6) Could not resolve host: ..; retrying in 548 ms
warning: error: unable to download '../all-cabal-hashes/pms-infra-cmdrun/0.0.1.0/pms-infra-cmdrun.cabal': Could not resolve hostname (6) Could not resolve host: ..; retrying in 1007 ms
warning: error: unable to download '../all-cabal-hashes/pms-infra-cmdrun/0.0.1.0/pms-infra-cmdrun.cabal': Could not resolve hostname (6) Could not resolve host: ..; retrying in 2301 ms
error: unable to download '../all-cabal-hashes/pms-infra-cmdrun/0.0.1.0/pms-infra-cmdrun.cabal': Could not resolve hostname (6) Could not resolve host: ..
$ nix-prefetch-url --unpack ../all-cabal-hashes/pms-infra-cmdrun/0.0.1.0/pms-infra-cmdrun.cabal
warning: error: unable to download '../all-cabal-hashes/pms-infra-cmdrun/0.0.1.0/pms-infra-cmdrun.cabal': Could not resolve hostname (6) Could not resolve host: ..; retrying in 331 ms
warning: error: unable to download '../all-cabal-hashes/pms-infra-cmdrun/0.0.1.0/pms-infra-cmdrun.cabal': Could not resolve hostname (6) Could not resolve host: ..; retrying in 517 ms
warning: error: unable to download '../all-cabal-hashes/pms-infra-cmdrun/0.0.1.0/pms-infra-cmdrun.cabal': Could not resolve hostname (6) Could not resolve host: ..; retrying in 1046 ms
warning: error: unable to download '../all-cabal-hashes/pms-infra-cmdrun/0.0.1.0/pms-infra-cmdrun.cabal': Could not resolve hostname (6) Could not resolve host: ..; retrying in 2272 ms
error: unable to download '../all-cabal-hashes/pms-infra-cmdrun/0.0.1.0/pms-infra-cmdrun.cabal': Could not resolve hostname (6) Could not resolve host: ..
** need a revision for VCS when the hash is given. skipping.
** need a revision for VCS when the hash is given. skipping.
** need a revision for VCS when the hash is given. skipping.
** need a revision for VCS when the hash is given. skipping.
cabal2nix: user error (Failed to fetch source. Does this source exist? Source {sourceUrl = "../all-cabal-hashes/pms-infra-cmdrun/0.0.1.0/pms-infra-cmdrun.cabal", sourceRevision = "", sourceHash = Guess "db88b354a35d86a087338c4d082f3c04b55446725d6a0524223fc3a68e1fae9b", sourceCabalDir = ""})


failed when running cabal2nix on ../all-cabal-hashes/pms-infra-watch/0.0.1.0/pms-infra-watch.cabal.  Error output from cabal2nix: 
$ nix-prefetch-url --unpack file:///home/runner/work/all-cabal-nixes/all-cabal-hashes/pms-infra-watch/0.0.1.0/pms-infra-watch.cabal
error: failed to open archive: Unrecognized archive format
$ nix-prefetch-url ../all-cabal-hashes/pms-infra-watch/0.0.1.0/pms-infra-watch.cabal
warning: error: unable to download '../all-cabal-hashes/pms-infra-watch/0.0.1.0/pms-infra-watch.cabal': Could not resolve hostname (6) Could not resolve host: ..; retrying in 322 ms
warning: error: unable to download '../all-cabal-hashes/pms-infra-watch/0.0.1.0/pms-infra-watch.cabal': Could not resolve hostname (6) Could not resolve host: ..; retrying in 636 ms
warning: error: unable to download '../all-cabal-hashes/pms-infra-watch/0.0.1.0/pms-infra-watch.cabal': Could not resolve hostname (6) Could not resolve host: ..; retrying in 1346 ms
warning: error: unable to download '../all-cabal-hashes/pms-infra-watch/0.0.1.0/pms-infra-watch.cabal': Could not resolve hostname (6) Could not resolve host: ..; retrying in 2289 ms
error: unable to download '../all-cabal-hashes/pms-infra-watch/0.0.1.0/pms-infra-watch.cabal': Could not resolve hostname (6) Could not resolve host: ..
$ nix-prefetch-url --unpack ../all-cabal-hashes/pms-infra-watch/0.0.1.0/pms-infra-watch.cabal
warning: error: unable to download '../all-cabal-hashes/pms-infra-watch/0.0.1.0/pms-infra-watch.cabal': Could not resolve hostname (6) Could not resolve host: ..; retrying in 257 ms
warning: error: unable to download '../all-cabal-hashes/pms-infra-watch/0.0.1.0/pms-infra-watch.cabal': Could not resolve hostname (6) Could not resolve host: ..; retrying in 521 ms
warning: error: unable to download '../all-cabal-hashes/pms-infra-watch/0.0.1.0/pms-infra-watch.cabal': Could not resolve hostname (6) Could not resolve host: ..; retrying in 1169 ms
warning: error: unable to download '../all-cabal-hashes/pms-infra-watch/0.0.1.0/pms-infra-watch.cabal': Could not resolve hostname (6) Could not resolve host: ..; retrying in 2045 ms
error: unable to download '../all-cabal-hashes/pms-infra-watch/0.0.1.0/pms-infra-watch.cabal': Could not resolve hostname (6) Could not resolve host: ..
** need a revision for VCS when the hash is given. skipping.
** need a revision for VCS when the hash is given. skipping.
** need a revision for VCS when the hash is given. skipping.
** need a revision for VCS when the hash is given. skipping.
cabal2nix: user error (Failed to fetch source. Does this source exist? Source {sourceUrl = "../all-cabal-hashes/pms-infra-watch/0.0.1.0/pms-infra-watch.cabal", sourceRevision = "", sourceHash = Guess "5b532f2727789f7ac08e83dc5dc1b3948e9bdefe0b05e5bedb99e9f1941e13bf", sourceCabalDir = ""})


failed when running cabal2nix on ../all-cabal-hashes/pms-infrastructure/0.0.1.0/pms-infrastructure.cabal.  Error output from cabal2nix: 
$ nix-prefetch-url --unpack file:///home/runner/work/all-cabal-nixes/all-cabal-hashes/pms-infrastructure/0.0.1.0/pms-infrastructure.cabal
error: failed to open archive: Unrecognized archive format
$ nix-prefetch-url ../all-cabal-hashes/pms-infrastructure/0.0.1.0/pms-infrastructure.cabal
warning: error: unable to download '../all-cabal-hashes/pms-infrastructure/0.0.1.0/pms-infrastructure.cabal': Could not resolve hostname (6) Could not resolve host: ..; retrying in 266 ms
warning: error: unable to download '../all-cabal-hashes/pms-infrastructure/0.0.1.0/pms-infrastructure.cabal': Could not resolve hostname (6) Could not resolve host: ..; retrying in 669 ms
warning: error: unable to download '../all-cabal-hashes/pms-infrastructure/0.0.1.0/pms-infrastructure.cabal': Could not resolve hostname (6) Could not resolve host: ..; retrying in 1253 ms
warning: error: unable to download '../all-cabal-hashes/pms-infrastructure/0.0.1.0/pms-infrastructure.cabal': Could not resolve hostname (6) Could not resolve host: ..; retrying in 2701 ms
error: unable to download '../all-cabal-hashes/pms-infrastructure/0.0.1.0/pms-infrastructure.cabal': Could not resolve hostname (6) Could not resolve host: ..
$ nix-prefetch-url --unpack ../all-cabal-hashes/pms-infrastructure/0.0.1.0/pms-infrastructure.cabal
warning: error: unable to download '../all-cabal-hashes/pms-infrastructure/0.0.1.0/pms-infrastructure.cabal': Could not resolve hostname (6) Could not resolve host: ..; retrying in 284 ms
warning: error: unable to download '../all-cabal-hashes/pms-infrastructure/0.0.1.0/pms-infrastructure.cabal': Could not resolve hostname (6) Could not resolve host: ..; retrying in 514 ms
warning: error: unable to download '../all-cabal-hashes/pms-infrastructure/0.0.1.0/pms-infrastructure.cabal': Could not resolve hostname (6) Could not resolve host: ..; retrying in 1078 ms
warning: error: unable to download '../all-cabal-hashes/pms-infrastructure/0.0.1.0/pms-infrastructure.cabal': Could not resolve hostname (6) Could not resolve host: ..; retrying in 2292 ms
error: unable to download '../all-cabal-hashes/pms-infrastructure/0.0.1.0/pms-infrastructure.cabal': Could not resolve hostname (6) Could not resolve host: ..
** need a revision for VCS when the hash is given. skipping.
** need a revision for VCS when the hash is given. skipping.
** need a revision for VCS when the hash is given. skipping.
** need a revision for VCS when the hash is given. skipping.
cabal2nix: user error (Failed to fetch source. Does this source exist? Source {sourceUrl = "../all-cabal-hashes/pms-infrastructure/0.0.1.0/pms-infrastructure.cabal", sourceRevision = "", sourceHash = Guess "bb196b9c6298526af8de4fba7df5c3f8bfa926da581272225eaf3c2e94b4c550", sourceCabalDir = ""})


failed when running cabal2nix on ../all-cabal-hashes/pms-infrastructure/0.0.2.0/pms-infrastructure.cabal.  Error output from cabal2nix: 
$ nix-prefetch-url --unpack file:///home/runner/work/all-cabal-nixes/all-cabal-hashes/pms-infrastructure/0.0.2.0/pms-infrastructure.cabal
error: failed to open archive: Unrecognized archive format
$ nix-prefetch-url ../all-cabal-hashes/pms-infrastructure/0.0.2.0/pms-infrastructure.cabal
warning: error: unable to download '../all-cabal-hashes/pms-infrastructure/0.0.2.0/pms-infrastructure.cabal': Could not resolve hostname (6) Could not resolve host: ..; retrying in 256 ms
warning: error: unable to download '../all-cabal-hashes/pms-infrastructure/0.0.2.0/pms-infrastructure.cabal': Could not resolve hostname (6) Could not resolve host: ..; retrying in 592 ms
warning: error: unable to download '../all-cabal-hashes/pms-infrastructure/0.0.2.0/pms-infrastructure.cabal': Could not resolve hostname (6) Could not resolve host: ..; retrying in 1163 ms
warning: error: unable to download '../all-cabal-hashes/pms-infrastructure/0.0.2.0/pms-infrastructure.cabal': Could not resolve hostname (6) Could not resolve host: ..; retrying in 2281 ms
error: unable to download '../all-cabal-hashes/pms-infrastructure/0.0.2.0/pms-infrastructure.cabal': Could not resolve hostname (6) Could not resolve host: ..
$ nix-prefetch-url --unpack ../all-cabal-hashes/pms-infrastructure/0.0.2.0/pms-infrastructure.cabal
warning: error: unable to download '../all-cabal-hashes/pms-infrastructure/0.0.2.0/pms-infrastructure.cabal': Could not resolve hostname (6) Could not resolve host: ..; retrying in 303 ms
warning: error: unable to download '../all-cabal-hashes/pms-infrastructure/0.0.2.0/pms-infrastructure.cabal': Could not resolve hostname (6) Could not resolve host: ..; retrying in 698 ms
warning: error: unable to download '../all-cabal-hashes/pms-infrastructure/0.0.2.0/pms-infrastructure.cabal': Could not resolve hostname (6) Could not resolve host: ..; retrying in 1385 ms
warning: error: unable to download '../all-cabal-hashes/pms-infrastructure/0.0.2.0/pms-infrastructure.cabal': Could not resolve hostname (6) Could not resolve host: ..; retrying in 2253 ms
error: unable to download '../all-cabal-hashes/pms-infrastructure/0.0.2.0/pms-infrastructure.cabal': Could not resolve hostname (6) Could not resolve host: ..
** need a revision for VCS when the hash is given. skipping.
** need a revision for VCS when the hash is given. skipping.
** need a revision for VCS when the hash is given. skipping.
** need a revision for VCS when the hash is given. skipping.
cabal2nix: user error (Failed to fetch source. Does this source exist? Source {sourceUrl = "../all-cabal-hashes/pms-infrastructure/0.0.2.0/pms-infrastructure.cabal", sourceRevision = "", sourceHash = Guess "1d55e06e288a7dd6cad40cbaf4ab53e50e44a605ef2015e75f83984d29bf406d", sourceCabalDir = ""})


failed when running cabal2nix on ../all-cabal-hashes/pms-infrastructure/0.0.3.0/pms-infrastructure.cabal.  Error output from cabal2nix: 
$ nix-prefetch-url --unpack file:///home/runner/work/all-cabal-nixes/all-cabal-hashes/pms-infrastructure/0.0.3.0/pms-infrastructure.cabal
error: failed to open archive: Unrecognized archive format
$ nix-prefetch-url ../all-cabal-hashes/pms-infrastructure/0.0.3.0/pms-infrastructure.cabal
warning: error: unable to download '../all-cabal-hashes/pms-infrastructure/0.0.3.0/pms-infrastructure.cabal': Could not resolve hostname (6) Could not resolve host: ..; retrying in 325 ms
warning: error: unable to download '../all-cabal-hashes/pms-infrastructure/0.0.3.0/pms-infrastructure.cabal': Could not resolve hostname (6) Could not resolve host: ..; retrying in 516 ms
warning: error: unable to download '../all-cabal-hashes/pms-infrastructure/0.0.3.0/pms-infrastructure.cabal': Could not resolve hostname (6) Could not resolve host: ..; retrying in 1011 ms
warning: error: unable to download '../all-cabal-hashes/pms-infrastructure/0.0.3.0/pms-infrastructure.cabal': Could not resolve hostname (6) Could not resolve host: ..; retrying in 2068 ms
error: unable to download '../all-cabal-hashes/pms-infrastructure/0.0.3.0/pms-infrastructure.cabal': Could not resolve hostname (6) Could not resolve host: ..
$ nix-prefetch-url --unpack ../all-cabal-hashes/pms-infrastructure/0.0.3.0/pms-infrastructure.cabal
warning: error: unable to download '../all-cabal-hashes/pms-infrastructure/0.0.3.0/pms-infrastructure.cabal': Could not resolve hostname (6) Could not resolve host: ..; retrying in 257 ms
warning: error: unable to download '../all-cabal-hashes/pms-infrastructure/0.0.3.0/pms-infrastructure.cabal': Could not resolve hostname (6) Could not resolve host: ..; retrying in 539 ms
warning: error: unable to download '../all-cabal-hashes/pms-infrastructure/0.0.3.0/pms-infrastructure.cabal': Could not resolve hostname (6) Could not resolve host: ..; retrying in 1016 ms
warning: error: unable to download '../all-cabal-hashes/pms-infrastructure/0.0.3.0/pms-infrastructure.cabal': Could not resolve hostname (6) Could not resolve host: ..; retrying in 2072 ms
error: unable to download '../all-cabal-hashes/pms-infrastructure/0.0.3.0/pms-infrastructure.cabal': Could not resolve hostname (6) Could not resolve host: ..
** need a revision for VCS when the hash is given. skipping.
** need a revision for VCS when the hash is given. skipping.
** need a revision for VCS when the hash is given. skipping.
** need a revision for VCS when the hash is given. skipping.
cabal2nix: user error (Failed to fetch source. Does this source exist? Source {sourceUrl = "../all-cabal-hashes/pms-infrastructure/0.0.3.0/pms-infrastructure.cabal", sourceRevision = "", sourceHash = Guess "0c85c6b9a631edd0626b1360dda06b2b5120466859199224fe997c54c9e33955", sourceCabalDir = ""})


failed when running cabal2nix on ../all-cabal-hashes/pms-ui-notification/0.0.1.0/pms-ui-notification.cabal.  Error output from cabal2nix: 
$ nix-prefetch-url --unpack file:///home/runner/work/all-cabal-nixes/all-cabal-hashes/pms-ui-notification/0.0.1.0/pms-ui-notification.cabal
error: failed to open archive: Unrecognized archive format
$ nix-prefetch-url ../all-cabal-hashes/pms-ui-notification/0.0.1.0/pms-ui-notification.cabal
warning: error: unable to download '../all-cabal-hashes/pms-ui-notification/0.0.1.0/pms-ui-notification.cabal': Could not resolve hostname (6) Could not resolve host: ..; retrying in 273 ms
warning: error: unable to download '../all-cabal-hashes/pms-ui-notification/0.0.1.0/pms-ui-notification.cabal': Could not resolve hostname (6) Could not resolve host: ..; retrying in 547 ms
warning: error: unable to download '../all-cabal-hashes/pms-ui-notification/0.0.1.0/pms-ui-notification.cabal': Could not resolve hostname (6) Could not resolve host: ..; retrying in 1009 ms
warning: error: unable to download '../all-cabal-hashes/pms-ui-notification/0.0.1.0/pms-ui-notification.cabal': Could not resolve hostname (6) Could not resolve host: ..; retrying in 2065 ms
error: unable to download '../all-cabal-hashes/pms-ui-notification/0.0.1.0/pms-ui-notification.cabal': Could not resolve hostname (6) Could not resolve host: ..
$ nix-prefetch-url --unpack ../all-cabal-hashes/pms-ui-notification/0.0.1.0/pms-ui-notification.cabal
warning: error: unable to download '../all-cabal-hashes/pms-ui-notification/0.0.1.0/pms-ui-notification.cabal': Could not resolve hostname (6) Could not resolve host: ..; retrying in 272 ms
warning: error: unable to download '../all-cabal-hashes/pms-ui-notification/0.0.1.0/pms-ui-notification.cabal': Could not resolve hostname (6) Could not resolve host: ..; retrying in 520 ms
warning: error: unable to download '../all-cabal-hashes/pms-ui-notification/0.0.1.0/pms-ui-notification.cabal': Could not resolve hostname (6) Could not resolve host: ..; retrying in 1223 ms
warning: error: unable to download '../all-cabal-hashes/pms-ui-notification/0.0.1.0/pms-ui-notification.cabal': Could not resolve hostname (6) Could not resolve host: ..; retrying in 2263 ms
error: unable to download '../all-cabal-hashes/pms-ui-notification/0.0.1.0/pms-ui-notification.cabal': Could not resolve hostname (6) Could not resolve host: ..
** need a revision for VCS when the hash is given. skipping.
** need a revision for VCS when the hash is given. skipping.
** need a revision for VCS when the hash is given. skipping.
** need a revision for VCS when the hash is given. skipping.
cabal2nix: user error (Failed to fetch source. Does this source exist? Source {sourceUrl = "../all-cabal-hashes/pms-ui-notification/0.0.1.0/pms-ui-notification.cabal", sourceRevision = "", sourceHash = Guess "b1b14ce686af8f40a5b1dedaa46336403de588aa65bced96f78eb153b2b97d83", sourceCabalDir = ""})


failed when running cabal2nix on ../all-cabal-hashes/pms-ui-request/0.0.1.0/pms-ui-request.cabal.  Error output from cabal2nix: 
$ nix-prefetch-url --unpack file:///home/runner/work/all-cabal-nixes/all-cabal-hashes/pms-ui-request/0.0.1.0/pms-ui-request.cabal
error: failed to open archive: Unrecognized archive format
$ nix-prefetch-url ../all-cabal-hashes/pms-ui-request/0.0.1.0/pms-ui-request.cabal
warning: error: unable to download '../all-cabal-hashes/pms-ui-request/0.0.1.0/pms-ui-request.cabal': Could not resolve hostname (6) Could not resolve host: ..; retrying in 321 ms
warning: error: unable to download '../all-cabal-hashes/pms-ui-request/0.0.1.0/pms-ui-request.cabal': Could not resolve hostname (6) Could not resolve host: ..; retrying in 647 ms
warning: error: unable to download '../all-cabal-hashes/pms-ui-request/0.0.1.0/pms-ui-request.cabal': Could not resolve hostname (6) Could not resolve host: ..; retrying in 1006 ms
warning: error: unable to download '../all-cabal-hashes/pms-ui-request/0.0.1.0/pms-ui-request.cabal': Could not resolve hostname (6) Could not resolve host: ..; retrying in 2244 ms
error: unable to download '../all-cabal-hashes/pms-ui-request/0.0.1.0/pms-ui-request.cabal': Could not resolve hostname (6) Could not resolve host: ..
$ nix-prefetch-url --unpack ../all-cabal-hashes/pms-ui-request/0.0.1.0/pms-ui-request.cabal
warning: error: unable to download '../all-cabal-hashes/pms-ui-request/0.0.1.0/pms-ui-request.cabal': Could not resolve hostname (6) Could not resolve host: ..; retrying in 305 ms
warning: error: unable to download '../all-cabal-hashes/pms-ui-request/0.0.1.0/pms-ui-request.cabal': Could not resolve hostname (6) Could not resolve host: ..; retrying in 581 ms
warning: error: unable to download '../all-cabal-hashes/pms-ui-request/0.0.1.0/pms-ui-request.cabal': Could not resolve hostname (6) Could not resolve host: ..; retrying in 1345 ms
warning: error: unable to download '../all-cabal-hashes/pms-ui-request/0.0.1.0/pms-ui-request.cabal': Could not resolve hostname (6) Could not resolve host: ..; retrying in 2352 ms
error: unable to download '../all-cabal-hashes/pms-ui-request/0.0.1.0/pms-ui-request.cabal': Could not resolve hostname (6) Could not resolve host: ..
** need a revision for VCS when the hash is given. skipping.
** need a revision for VCS when the hash is given. skipping.
** need a revision for VCS when the hash is given. skipping.
** need a revision for VCS when the hash is given. skipping.
cabal2nix: user error (Failed to fetch source. Does this source exist? Source {sourceUrl = "../all-cabal-hashes/pms-ui-request/0.0.1.0/pms-ui-request.cabal", sourceRevision = "", sourceHash = Guess "7618cdbe7dd7e15073cea657a4c692d579b7d4f2beccc8cf68c5a84887c49ec0", sourceCabalDir = ""})


failed when running cabal2nix on ../all-cabal-hashes/pms-ui-request/0.0.2.0/pms-ui-request.cabal.  Error output from cabal2nix: 
$ nix-prefetch-url --unpack file:///home/runner/work/all-cabal-nixes/all-cabal-hashes/pms-ui-request/0.0.2.0/pms-ui-request.cabal
error: failed to open archive: Unrecognized archive format
$ nix-prefetch-url ../all-cabal-hashes/pms-ui-request/0.0.2.0/pms-ui-request.cabal
warning: error: unable to download '../all-cabal-hashes/pms-ui-request/0.0.2.0/pms-ui-request.cabal': Could not resolve hostname (6) Could not resolve host: ..; retrying in 325 ms
warning: error: unable to download '../all-cabal-hashes/pms-ui-request/0.0.2.0/pms-ui-request.cabal': Could not resolve hostname (6) Could not resolve host: ..; retrying in 584 ms
warning: error: unable to download '../all-cabal-hashes/pms-ui-request/0.0.2.0/pms-ui-request.cabal': Could not resolve hostname (6) Could not resolve host: ..; retrying in 1297 ms
warning: error: unable to download '../all-cabal-hashes/pms-ui-request/0.0.2.0/pms-ui-request.cabal': Could not resolve hostname (6) Could not resolve host: ..; retrying in 2765 ms
error: unable to download '../all-cabal-hashes/pms-ui-request/0.0.2.0/pms-ui-request.cabal': Could not resolve hostname (6) Could not resolve host: ..
$ nix-prefetch-url --unpack ../all-cabal-hashes/pms-ui-request/0.0.2.0/pms-ui-request.cabal
warning: error: unable to download '../all-cabal-hashes/pms-ui-request/0.0.2.0/pms-ui-request.cabal': Could not resolve hostname (6) Could not resolve host: ..; retrying in 301 ms
warning: error: unable to download '../all-cabal-hashes/pms-ui-request/0.0.2.0/pms-ui-request.cabal': Could not resolve hostname (6) Could not resolve host: ..; retrying in 625 ms
warning: error: unable to download '../all-cabal-hashes/pms-ui-request/0.0.2.0/pms-ui-request.cabal': Could not resolve hostname (6) Could not resolve host: ..; retrying in 1162 ms
warning: error: unable to download '../all-cabal-hashes/pms-ui-request/0.0.2.0/pms-ui-request.cabal': Could not resolve hostname (6) Could not resolve host: ..; retrying in 2549 ms
error: unable to download '../all-cabal-hashes/pms-ui-request/0.0.2.0/pms-ui-request.cabal': Could not resolve hostname (6) Could not resolve host: ..
** need a revision for VCS when the hash is given. skipping.
** need a revision for VCS when the hash is given. skipping.
** need a revision for VCS when the hash is given. skipping.
** need a revision for VCS when the hash is given. skipping.
cabal2nix: user error (Failed to fetch source. Does this source exist? Source {sourceUrl = "../all-cabal-hashes/pms-ui-request/0.0.2.0/pms-ui-request.cabal", sourceRevision = "", sourceHash = Guess "fc7eef3d9dc50da3b7665be6315fd38af838cea1782d59369fda894658365fc1", sourceCabalDir = ""})


failed when running cabal2nix on ../all-cabal-hashes/pms-ui-response/0.0.1.0/pms-ui-response.cabal.  Error output from cabal2nix: 
$ nix-prefetch-url --unpack file:///home/runner/work/all-cabal-nixes/all-cabal-hashes/pms-ui-response/0.0.1.0/pms-ui-response.cabal
error: failed to open archive: Unrecognized archive format
$ nix-prefetch-url ../all-cabal-hashes/pms-ui-response/0.0.1.0/pms-ui-response.cabal
warning: error: unable to download '../all-cabal-hashes/pms-ui-response/0.0.1.0/pms-ui-response.cabal': Could not resolve hostname (6) Could not resolve host: ..; retrying in 269 ms
warning: error: unable to download '../all-cabal-hashes/pms-ui-response/0.0.1.0/pms-ui-response.cabal': Could not resolve hostname (6) Could not resolve host: ..; retrying in 566 ms
warning: error: unable to download '../all-cabal-hashes/pms-ui-response/0.0.1.0/pms-ui-response.cabal': Could not resolve hostname (6) Could not resolve host: ..; retrying in 1171 ms
warning: error: unable to download '../all-cabal-hashes/pms-ui-response/0.0.1.0/pms-ui-response.cabal': Could not resolve hostname (6) Could not resolve host: ..; retrying in 2016 ms
error: unable to download '../all-cabal-hashes/pms-ui-response/0.0.1.0/pms-ui-response.cabal': Could not resolve hostname (6) Could not resolve host: ..
$ nix-prefetch-url --unpack ../all-cabal-hashes/pms-ui-response/0.0.1.0/pms-ui-response.cabal
warning: error: unable to download '../all-cabal-hashes/pms-ui-response/0.0.1.0/pms-ui-response.cabal': Could not resolve hostname (6) Could not resolve host: ..; retrying in 267 ms
warning: error: unable to download '../all-cabal-hashes/pms-ui-response/0.0.1.0/pms-ui-response.cabal': Could not resolve hostname (6) Could not resolve host: ..; retrying in 525 ms
warning: error: unable to download '../all-cabal-hashes/pms-ui-response/0.0.1.0/pms-ui-response.cabal': Could not resolve hostname (6) Could not resolve host: ..; retrying in 1142 ms
warning: error: unable to download '../all-cabal-hashes/pms-ui-response/0.0.1.0/pms-ui-response.cabal': Could not resolve hostname (6) Could not resolve host: ..; retrying in 2732 ms
error: unable to download '../all-cabal-hashes/pms-ui-response/0.0.1.0/pms-ui-response.cabal': Could not resolve hostname (6) Could not resolve host: ..
** need a revision for VCS when the hash is given. skipping.
** need a revision for VCS when the hash is given. skipping.
** need a revision for VCS when the hash is given. skipping.
** need a revision for VCS when the hash is given. skipping.
cabal2nix: user error (Failed to fetch source. Does this source exist? Source {sourceUrl = "../all-cabal-hashes/pms-ui-response/0.0.1.0/pms-ui-response.cabal", sourceRevision = "", sourceHash = Guess "89403539635c869a3ea62bbbbd436f42121ccd2668095fbbdb5ae1e39f166325", sourceCabalDir = ""})


failed when running cabal2nix on ../all-cabal-hashes/pms-ui-response/0.0.2.0/pms-ui-response.cabal.  Error output from cabal2nix: 
$ nix-prefetch-url --unpack file:///home/runner/work/all-cabal-nixes/all-cabal-hashes/pms-ui-response/0.0.2.0/pms-ui-response.cabal
error: failed to open archive: Unrecognized archive format
$ nix-prefetch-url ../all-cabal-hashes/pms-ui-response/0.0.2.0/pms-ui-response.cabal
warning: error: unable to download '../all-cabal-hashes/pms-ui-response/0.0.2.0/pms-ui-response.cabal': Could not resolve hostname (6) Could not resolve host: ..; retrying in 278 ms
warning: error: unable to download '../all-cabal-hashes/pms-ui-response/0.0.2.0/pms-ui-response.cabal': Could not resolve hostname (6) Could not resolve host: ..; retrying in 569 ms
warning: error: unable to download '../all-cabal-hashes/pms-ui-response/0.0.2.0/pms-ui-response.cabal': Could not resolve hostname (6) Could not resolve host: ..; retrying in 1152 ms
warning: error: unable to download '../all-cabal-hashes/pms-ui-response/0.0.2.0/pms-ui-response.cabal': Could not resolve hostname (6) Could not resolve host: ..; retrying in 2073 ms
error: unable to download '../all-cabal-hashes/pms-ui-response/0.0.2.0/pms-ui-response.cabal': Could not resolve hostname (6) Could not resolve host: ..
$ nix-prefetch-url --unpack ../all-cabal-hashes/pms-ui-response/0.0.2.0/pms-ui-response.cabal
warning: error: unable to download '../all-cabal-hashes/pms-ui-response/0.0.2.0/pms-ui-response.cabal': Could not resolve hostname (6) Could not resolve host: ..; retrying in 277 ms
warning: error: unable to download '../all-cabal-hashes/pms-ui-response/0.0.2.0/pms-ui-response.cabal': Could not resolve hostname (6) Could not resolve host: ..; retrying in 620 ms
warning: error: unable to download '../all-cabal-hashes/pms-ui-response/0.0.2.0/pms-ui-response.cabal': Could not resolve hostname (6) Could not resolve host: ..; retrying in 1011 ms
warning: error: unable to download '../all-cabal-hashes/pms-ui-response/0.0.2.0/pms-ui-response.cabal': Could not resolve hostname (6) Could not resolve host: ..; retrying in 2619 ms
error: unable to download '../all-cabal-hashes/pms-ui-response/0.0.2.0/pms-ui-response.cabal': Could not resolve hostname (6) Could not resolve host: ..
** need a revision for VCS when the hash is given. skipping.
** need a revision for VCS when the hash is given. skipping.
** need a revision for VCS when the hash is given. skipping.
** need a revision for VCS when the hash is given. skipping.
cabal2nix: user error (Failed to fetch source. Does this source exist? Source {sourceUrl = "../all-cabal-hashes/pms-ui-response/0.0.2.0/pms-ui-response.cabal", sourceRevision = "", sourceHash = Guess "a3cb4bb9aead23ded31bb41aa6bdd5949d655747485b84d4c0a27e7bb5da3c2d", sourceCabalDir = ""})


failed when running cabal2nix on ../all-cabal-hashes/pty-mcp-server/0.0.1.0/pty-mcp-server.cabal.  Error output from cabal2nix: 
$ nix-prefetch-url --unpack file:///home/runner/work/all-cabal-nixes/all-cabal-hashes/pty-mcp-server/0.0.1.0/pty-mcp-server.cabal
error: failed to open archive: Unrecognized archive format
$ nix-prefetch-url ../all-cabal-hashes/pty-mcp-server/0.0.1.0/pty-mcp-server.cabal
warning: error: unable to download '../all-cabal-hashes/pty-mcp-server/0.0.1.0/pty-mcp-server.cabal': Could not resolve hostname (6) Could not resolve host: ..; retrying in 323 ms
warning: error: unable to download '../all-cabal-hashes/pty-mcp-server/0.0.1.0/pty-mcp-server.cabal': Could not resolve hostname (6) Could not resolve host: ..; retrying in 643 ms
warning: error: unable to download '../all-cabal-hashes/pty-mcp-server/0.0.1.0/pty-mcp-server.cabal': Could not resolve hostname (6) Could not resolve host: ..; retrying in 1001 ms
warning: error: unable to download '../all-cabal-hashes/pty-mcp-server/0.0.1.0/pty-mcp-server.cabal': Could not resolve hostname (6) Could not resolve host: ..; retrying in 2527 ms
error: unable to download '../all-cabal-hashes/pty-mcp-server/0.0.1.0/pty-mcp-server.cabal': Could not resolve hostname (6) Could not resolve host: ..
$ nix-prefetch-url --unpack ../all-cabal-hashes/pty-mcp-server/0.0.1.0/pty-mcp-server.cabal
warning: error: unable to download '../all-cabal-hashes/pty-mcp-server/0.0.1.0/pty-mcp-server.cabal': Could not resolve hostname (6) Could not resolve host: ..; retrying in 274 ms
warning: error: unable to download '../all-cabal-hashes/pty-mcp-server/0.0.1.0/pty-mcp-server.cabal': Could not resolve hostname (6) Could not resolve host: ..; retrying in 634 ms
warning: error: unable to download '../all-cabal-hashes/pty-mcp-server/0.0.1.0/pty-mcp-server.cabal': Could not resolve hostname (6) Could not resolve host: ..; retrying in 1327 ms
warning: error: unable to download '../all-cabal-hashes/pty-mcp-server/0.0.1.0/pty-mcp-server.cabal': Could not resolve hostname (6) Could not resolve host: ..; retrying in 2040 ms
error: unable to download '../all-cabal-hashes/pty-mcp-server/0.0.1.0/pty-mcp-server.cabal': Could not resolve hostname (6) Could not resolve host: ..
** need a revision for VCS when the hash is given. skipping.
** need a revision for VCS when the hash is given. skipping.
** need a revision for VCS when the hash is given. skipping.
** need a revision for VCS when the hash is given. skipping.
cabal2nix: user error (Failed to fetch source. Does this source exist? Source {sourceUrl = "../all-cabal-hashes/pty-mcp-server/0.0.1.0/pty-mcp-server.cabal", sourceRevision = "", sourceHash = Guess "635ff0eea33b2cda1cfab8095c6beebdb1ecdb2f06b04053ce72a345281b9df4", sourceCabalDir = ""})


failed when running cabal2nix on ../all-cabal-hashes/pty-mcp-server/0.0.1.1/pty-mcp-server.cabal.  Error output from cabal2nix: 
$ nix-prefetch-url --unpack file:///home/runner/work/all-cabal-nixes/all-cabal-hashes/pty-mcp-server/0.0.1.1/pty-mcp-server.cabal
error: failed to open archive: Unrecognized archive format
$ nix-prefetch-url ../all-cabal-hashes/pty-mcp-server/0.0.1.1/pty-mcp-server.cabal
warning: error: unable to download '../all-cabal-hashes/pty-mcp-server/0.0.1.1/pty-mcp-server.cabal': Could not resolve hostname (6) Could not resolve host: ..; retrying in 264 ms
warning: error: unable to download '../all-cabal-hashes/pty-mcp-server/0.0.1.1/pty-mcp-server.cabal': Could not resolve hostname (6) Could not resolve host: ..; retrying in 654 ms
warning: error: unable to download '../all-cabal-hashes/pty-mcp-server/0.0.1.1/pty-mcp-server.cabal': Could not resolve hostname (6) Could not resolve host: ..; retrying in 1347 ms
warning: error: unable to download '../all-cabal-hashes/pty-mcp-server/0.0.1.1/pty-mcp-server.cabal': Could not resolve hostname (6) Could not resolve host: ..; retrying in 2181 ms
error: unable to download '../all-cabal-hashes/pty-mcp-server/0.0.1.1/pty-mcp-server.cabal': Could not resolve hostname (6) Could not resolve host: ..
$ nix-prefetch-url --unpack ../all-cabal-hashes/pty-mcp-server/0.0.1.1/pty-mcp-server.cabal
warning: error: unable to download '../all-cabal-hashes/pty-mcp-server/0.0.1.1/pty-mcp-server.cabal': Could not resolve hostname (6) Could not resolve host: ..; retrying in 279 ms
warning: error: unable to download '../all-cabal-hashes/pty-mcp-server/0.0.1.1/pty-mcp-server.cabal': Could not resolve hostname (6) Could not resolve host: ..; retrying in 688 ms
warning: error: unable to download '../all-cabal-hashes/pty-mcp-server/0.0.1.1/pty-mcp-server.cabal': Could not resolve hostname (6) Could not resolve host: ..; retrying in 1112 ms
warning: error: unable to download '../all-cabal-hashes/pty-mcp-server/0.0.1.1/pty-mcp-server.cabal': Could not resolve hostname (6) Could not resolve host: ..; retrying in 2163 ms
error: unable to download '../all-cabal-hashes/pty-mcp-server/0.0.1.1/pty-mcp-server.cabal': Could not resolve hostname (6) Could not resolve host: ..
** need a revision for VCS when the hash is given. skipping.
** need a revision for VCS when the hash is given. skipping.
** need a revision for VCS when the hash is given. skipping.
** need a revision for VCS when the hash is given. skipping.
cabal2nix: user error (Failed to fetch source. Does this source exist? Source {sourceUrl = "../all-cabal-hashes/pty-mcp-server/0.0.1.1/pty-mcp-server.cabal", sourceRevision = "", sourceHash = Guess "a4f18c7c4fb666fd4c70619d5b2fda87936e0e59811f36b1e592b21b34935756", sourceCabalDir = ""})


failed when running cabal2nix on ../all-cabal-hashes/pty-mcp-server/0.0.2.0/pty-mcp-server.cabal.  Error output from cabal2nix: 
$ nix-prefetch-url --unpack file:///home/runner/work/all-cabal-nixes/all-cabal-hashes/pty-mcp-server/0.0.2.0/pty-mcp-server.cabal
error: failed to open archive: Unrecognized archive format
$ nix-prefetch-url ../all-cabal-hashes/pty-mcp-server/0.0.2.0/pty-mcp-server.cabal
warning: error: unable to download '../all-cabal-hashes/pty-mcp-server/0.0.2.0/pty-mcp-server.cabal': Could not resolve hostname (6) Could not resolve host: ..; retrying in 259 ms
warning: error: unable to download '../all-cabal-hashes/pty-mcp-server/0.0.2.0/pty-mcp-server.cabal': Could not resolve hostname (6) Could not resolve host: ..; retrying in 624 ms
warning: error: unable to download '../all-cabal-hashes/pty-mcp-server/0.0.2.0/pty-mcp-server.cabal': Could not resolve hostname (6) Could not resolve host: ..; retrying in 1412 ms
warning: error: unable to download '../all-cabal-hashes/pty-mcp-server/0.0.2.0/pty-mcp-server.cabal': Could not resolve hostname (6) Could not resolve host: ..; retrying in 2680 ms
error: unable to download '../all-cabal-hashes/pty-mcp-server/0.0.2.0/pty-mcp-server.cabal': Could not resolve hostname (6) Could not resolve host: ..
$ nix-prefetch-url --unpack ../all-cabal-hashes/pty-mcp-server/0.0.2.0/pty-mcp-server.cabal
warning: error: unable to download '../all-cabal-hashes/pty-mcp-server/0.0.2.0/pty-mcp-server.cabal': Could not resolve hostname (6) Could not resolve host: ..; retrying in 291 ms
warning: error: unable to download '../all-cabal-hashes/pty-mcp-server/0.0.2.0/pty-mcp-server.cabal': Could not resolve hostname (6) Could not resolve host: ..; retrying in 647 ms
warning: error: unable to download '../all-cabal-hashes/pty-mcp-server/0.0.2.0/pty-mcp-server.cabal': Could not resolve hostname (6) Could not resolve host: ..; retrying in 1218 ms
warning: error: unable to download '../all-cabal-hashes/pty-mcp-server/0.0.2.0/pty-mcp-server.cabal': Could not resolve hostname (6) Could not resolve host: ..; retrying in 2635 ms
error: unable to download '../all-cabal-hashes/pty-mcp-server/0.0.2.0/pty-mcp-server.cabal': Could not resolve hostname (6) Could not resolve host: ..
** need a revision for VCS when the hash is given. skipping.
** need a revision for VCS when the hash is given. skipping.
** need a revision for VCS when the hash is given. skipping.
** need a revision for VCS when the hash is given. skipping.
cabal2nix: user error (Failed to fetch source. Does this source exist? Source {sourceUrl = "../all-cabal-hashes/pty-mcp-server/0.0.2.0/pty-mcp-server.cabal", sourceRevision = "", sourceHash = Guess "3dc489269b5ddcbca7d24f315473fe3e53544319bae5b5e57bc3e12fb688e135", sourceCabalDir = ""})


failed when running cabal2nix on ../all-cabal-hashes/pty-mcp-server/0.0.3.0/pty-mcp-server.cabal.  Error output from cabal2nix: 
$ nix-prefetch-url --unpack file:///home/runner/work/all-cabal-nixes/all-cabal-hashes/pty-mcp-server/0.0.3.0/pty-mcp-server.cabal
error: failed to open archive: Unrecognized archive format
$ nix-prefetch-url ../all-cabal-hashes/pty-mcp-server/0.0.3.0/pty-mcp-server.cabal
warning: error: unable to download '../all-cabal-hashes/pty-mcp-server/0.0.3.0/pty-mcp-server.cabal': Could not resolve hostname (6) Could not resolve host: ..; retrying in 342 ms
warning: error: unable to download '../all-cabal-hashes/pty-mcp-server/0.0.3.0/pty-mcp-server.cabal': Could not resolve hostname (6) Could not resolve host: ..; retrying in 634 ms
warning: error: unable to download '../all-cabal-hashes/pty-mcp-server/0.0.3.0/pty-mcp-server.cabal': Could not resolve hostname (6) Could not resolve host: ..; retrying in 1235 ms
warning: error: unable to download '../all-cabal-hashes/pty-mcp-server/0.0.3.0/pty-mcp-server.cabal': Could not resolve hostname (6) Could not resolve host: ..; retrying in 2047 ms
error: unable to download '../all-cabal-hashes/pty-mcp-server/0.0.3.0/pty-mcp-server.cabal': Could not resolve hostname (6) Could not resolve host: ..
$ nix-prefetch-url --unpack ../all-cabal-hashes/pty-mcp-server/0.0.3.0/pty-mcp-server.cabal
warning: error: unable to download '../all-cabal-hashes/pty-mcp-server/0.0.3.0/pty-mcp-server.cabal': Could not resolve hostname (6) Could not resolve host: ..; retrying in 316 ms
warning: error: unable to download '../all-cabal-hashes/pty-mcp-server/0.0.3.0/pty-mcp-server.cabal': Could not resolve hostname (6) Could not resolve host: ..; retrying in 508 ms
warning: error: unable to download '../all-cabal-hashes/pty-mcp-server/0.0.3.0/pty-mcp-server.cabal': Could not resolve hostname (6) Could not resolve host: ..; retrying in 1210 ms
warning: error: unable to download '../all-cabal-hashes/pty-mcp-server/0.0.3.0/pty-mcp-server.cabal': Could not resolve hostname (6) Could not resolve host: ..; retrying in 2797 ms
error: unable to download '../all-cabal-hashes/pty-mcp-server/0.0.3.0/pty-mcp-server.cabal': Could not resolve hostname (6) Could not resolve host: ..
** need a revision for VCS when the hash is given. skipping.
** need a revision for VCS when the hash is given. skipping.
** need a revision for VCS when the hash is given. skipping.
** need a revision for VCS when the hash is given. skipping.
cabal2nix: user error (Failed to fetch source. Does this source exist? Source {sourceUrl = "../all-cabal-hashes/pty-mcp-server/0.0.3.0/pty-mcp-server.cabal", sourceRevision = "", sourceHash = Guess "be2b5264be6b973bc7f1f859339add37f459c54be0cf446c766dc5b56a934e18", sourceCabalDir = ""})


failed when running cabal2nix on ../all-cabal-hashes/webdriver-precore/0.0.0.2/webdriver-precore.cabal.  Error output from cabal2nix: 
$ nix-prefetch-url --unpack file:///home/runner/work/all-cabal-nixes/all-cabal-hashes/webdriver-precore/0.0.0.2/webdriver-precore.cabal
error: failed to open archive: Unrecognized archive format
$ nix-prefetch-url ../all-cabal-hashes/webdriver-precore/0.0.0.2/webdriver-precore.cabal
warning: error: unable to download '../all-cabal-hashes/webdriver-precore/0.0.0.2/webdriver-precore.cabal': Could not resolve hostname (6) Could not resolve host: ..; retrying in 309 ms
warning: error: unable to download '../all-cabal-hashes/webdriver-precore/0.0.0.2/webdriver-precore.cabal': Could not resolve hostname (6) Could not resolve host: ..; retrying in 520 ms
warning: error: unable to download '../all-cabal-hashes/webdriver-precore/0.0.0.2/webdriver-precore.cabal': Could not resolve hostname (6) Could not resolve host: ..; retrying in 1166 ms
warning: error: unable to download '../all-cabal-hashes/webdriver-precore/0.0.0.2/webdriver-precore.cabal': Could not resolve hostname (6) Could not resolve host: ..; retrying in 2085 ms
error: unable to download '../all-cabal-hashes/webdriver-precore/0.0.0.2/webdriver-precore.cabal': Could not resolve hostname (6) Could not resolve host: ..
$ nix-prefetch-url --unpack ../all-cabal-hashes/webdriver-precore/0.0.0.2/webdriver-precore.cabal
warning: error: unable to download '../all-cabal-hashes/webdriver-precore/0.0.0.2/webdriver-precore.cabal': Could not resolve hostname (6) Could not resolve host: ..; retrying in 317 ms
warning: error: unable to download '../all-cabal-hashes/webdriver-precore/0.0.0.2/webdriver-precore.cabal': Could not resolve hostname (6) Could not resolve host: ..; retrying in 651 ms
warning: error: unable to download '../all-cabal-hashes/webdriver-precore/0.0.0.2/webdriver-precore.cabal': Could not resolve hostname (6) Could not resolve host: ..; retrying in 1114 ms
warning: error: unable to download '../all-cabal-hashes/webdriver-precore/0.0.0.2/webdriver-precore.cabal': Could not resolve hostname (6) Could not resolve host: ..; retrying in 2685 ms
error: unable to download '../all-cabal-hashes/webdriver-precore/0.0.0.2/webdriver-precore.cabal': Could not resolve hostname (6) Could not resolve host: ..
** need a revision for VCS when the hash is given. skipping.
** need a revision for VCS when the hash is given. skipping.
** need a revision for VCS when the hash is given. skipping.
** need a revision for VCS when the hash is given. skipping.
cabal2nix: user error (Failed to fetch source. Does this source exist? Source {sourceUrl = "../all-cabal-hashes/webdriver-precore/0.0.0.2/webdriver-precore.cabal", sourceRevision = "", sourceHash = Guess "9844b935e0886b8ff182fdd772217b8f2a3a06b5d9755c087101c620a976be44", sourceCabalDir = ""})


failed when running cabal2nix on ../all-cabal-hashes/webdriver-precore/0.0.0.3/webdriver-precore.cabal.  Error output from cabal2nix: 
$ nix-prefetch-url --unpack file:///home/runner/work/all-cabal-nixes/all-cabal-hashes/webdriver-precore/0.0.0.3/webdriver-precore.cabal
error: failed to open archive: Unrecognized archive format
$ nix-prefetch-url ../all-cabal-hashes/webdriver-precore/0.0.0.3/webdriver-precore.cabal
warning: error: unable to download '../all-cabal-hashes/webdriver-precore/0.0.0.3/webdriver-precore.cabal': Could not resolve hostname (6) Could not resolve host: ..; retrying in 277 ms
warning: error: unable to download '../all-cabal-hashes/webdriver-precore/0.0.0.3/webdriver-precore.cabal': Could not resolve hostname (6) Could not resolve host: ..; retrying in 568 ms
warning: error: unable to download '../all-cabal-hashes/webdriver-precore/0.0.0.3/webdriver-precore.cabal': Could not resolve hostname (6) Could not resolve host: ..; retrying in 1246 ms
warning: error: unable to download '../all-cabal-hashes/webdriver-precore/0.0.0.3/webdriver-precore.cabal': Could not resolve hostname (6) Could not resolve host: ..; retrying in 2446 ms
error: unable to download '../all-cabal-hashes/webdriver-precore/0.0.0.3/webdriver-precore.cabal': Could not resolve hostname (6) Could not resolve host: ..
$ nix-prefetch-url --unpack ../all-cabal-hashes/webdriver-precore/0.0.0.3/webdriver-precore.cabal
warning: error: unable to download '../all-cabal-hashes/webdriver-precore/0.0.0.3/webdriver-precore.cabal': Could not resolve hostname (6) Could not resolve host: ..; retrying in 288 ms
warning: error: unable to download '../all-cabal-hashes/webdriver-precore/0.0.0.3/webdriver-precore.cabal': Could not resolve hostname (6) Could not resolve host: ..; retrying in 502 ms
warning: error: unable to download '../all-cabal-hashes/webdriver-precore/0.0.0.3/webdriver-precore.cabal': Could not resolve hostname (6) Could not resolve host: ..; retrying in 1184 ms
warning: error: unable to download '../all-cabal-hashes/webdriver-precore/0.0.0.3/webdriver-precore.cabal': Could not resolve hostname (6) Could not resolve host: ..; retrying in 2096 ms
error: unable to download '../all-cabal-hashes/webdriver-precore/0.0.0.3/webdriver-precore.cabal': Could not resolve hostname (6) Could not resolve host: ..
** need a revision for VCS when the hash is given. skipping.
** need a revision for VCS when the hash is given. skipping.
** need a revision for VCS when the hash is given. skipping.
** need a revision for VCS when the hash is given. skipping.
cabal2nix: user error (Failed to fetch source. Does this source exist? Source {sourceUrl = "../all-cabal-hashes/webdriver-precore/0.0.0.3/webdriver-precore.cabal", sourceRevision = "", sourceHash = Guess "d2fbb310ec170e5456ff3106c922d222a1942e1363a8d70f71d39d4516ea492f", sourceCabalDir = ""})


failed when running cabal2nix on ../all-cabal-hashes/webdriver-precore/0.0.0.4/webdriver-precore.cabal.  Error output from cabal2nix: 
$ nix-prefetch-url --unpack file:///home/runner/work/all-cabal-nixes/all-cabal-hashes/webdriver-precore/0.0.0.4/webdriver-precore.cabal
error: failed to open archive: Unrecognized archive format
$ nix-prefetch-url ../all-cabal-hashes/webdriver-precore/0.0.0.4/webdriver-precore.cabal
warning: error: unable to download '../all-cabal-hashes/webdriver-precore/0.0.0.4/webdriver-precore.cabal': Could not resolve hostname (6) Could not resolve host: ..; retrying in 328 ms
warning: error: unable to download '../all-cabal-hashes/webdriver-precore/0.0.0.4/webdriver-precore.cabal': Could not resolve hostname (6) Could not resolve host: ..; retrying in 689 ms
warning: error: unable to download '../all-cabal-hashes/webdriver-precore/0.0.0.4/webdriver-precore.cabal': Could not resolve hostname (6) Could not resolve host: ..; retrying in 1126 ms
warning: error: unable to download '../all-cabal-hashes/webdriver-precore/0.0.0.4/webdriver-precore.cabal': Could not resolve hostname (6) Could not resolve host: ..; retrying in 2052 ms
error: unable to download '../all-cabal-hashes/webdriver-precore/0.0.0.4/webdriver-precore.cabal': Could not resolve hostname (6) Could not resolve host: ..
$ nix-prefetch-url --unpack ../all-cabal-hashes/webdriver-precore/0.0.0.4/webdriver-precore.cabal
warning: error: unable to download '../all-cabal-hashes/webdriver-precore/0.0.0.4/webdriver-precore.cabal': Could not resolve hostname (6) Could not resolve host: ..; retrying in 336 ms
warning: error: unable to download '../all-cabal-hashes/webdriver-precore/0.0.0.4/webdriver-precore.cabal': Could not resolve hostname (6) Could not resolve host: ..; retrying in 634 ms
warning: error: unable to download '../all-cabal-hashes/webdriver-precore/0.0.0.4/webdriver-precore.cabal': Could not resolve hostname (6) Could not resolve host: ..; retrying in 1125 ms
warning: error: unable to download '../all-cabal-hashes/webdriver-precore/0.0.0.4/webdriver-precore.cabal': Could not resolve hostname (6) Could not resolve host: ..; retrying in 2546 ms
error: unable to download '../all-cabal-hashes/webdriver-precore/0.0.0.4/webdriver-precore.cabal': Could not resolve hostname (6) Could not resolve host: ..
** need a revision for VCS when the hash is given. skipping.
** need a revision for VCS when the hash is given. skipping.
** need a revision for VCS when the hash is given. skipping.
** need a revision for VCS when the hash is given. skipping.
cabal2nix: user error (Failed to fetch source. Does this source exist? Source {sourceUrl = "../all-cabal-hashes/webdriver-precore/0.0.0.4/webdriver-precore.cabal", sourceRevision = "", sourceHash = Guess "ac1d24d31c1336f95fa6ec14befe958fb7c3196b5a5ca9473f813c0b5514e495", sourceCabalDir = ""})


