failed when running sed to get sha256 on ../all-cabal-hashes/hermes/1.3.4.3/hermes.json.  Error output from sed: 
sed: can't read ../all-cabal-hashes/hermes/1.3.4.3/hermes.json: No such file or directory


failed when running cabal2nix on ../all-cabal-hashes/pms-application-service/0.0.1.0/pms-application-service.cabal.  Error output from cabal2nix: 
$ nix-prefetch-url --unpack file:///home/runner/work/all-cabal-nixes/all-cabal-hashes/pms-application-service/0.0.1.0/pms-application-service.cabal
error: failed to open archive: Unrecognized archive format
$ nix-prefetch-url ../all-cabal-hashes/pms-application-service/0.0.1.0/pms-application-service.cabal
warning: error: unable to download '../all-cabal-hashes/pms-application-service/0.0.1.0/pms-application-service.cabal': Could not resolve hostname (6) Could not resolve host: ..; retrying in 310 ms
warning: error: unable to download '../all-cabal-hashes/pms-application-service/0.0.1.0/pms-application-service.cabal': Could not resolve hostname (6) Could not resolve host: ..; retrying in 541 ms
warning: error: unable to download '../all-cabal-hashes/pms-application-service/0.0.1.0/pms-application-service.cabal': Could not resolve hostname (6) Could not resolve host: ..; retrying in 1191 ms
warning: error: unable to download '../all-cabal-hashes/pms-application-service/0.0.1.0/pms-application-service.cabal': Could not resolve hostname (6) Could not resolve host: ..; retrying in 2324 ms
error: unable to download '../all-cabal-hashes/pms-application-service/0.0.1.0/pms-application-service.cabal': Could not resolve hostname (6) Could not resolve host: ..
$ nix-prefetch-url --unpack ../all-cabal-hashes/pms-application-service/0.0.1.0/pms-application-service.cabal
warning: error: unable to download '../all-cabal-hashes/pms-application-service/0.0.1.0/pms-application-service.cabal': Could not resolve hostname (6) Could not resolve host: ..; retrying in 313 ms
warning: error: unable to download '../all-cabal-hashes/pms-application-service/0.0.1.0/pms-application-service.cabal': Could not resolve hostname (6) Could not resolve host: ..; retrying in 681 ms
warning: error: unable to download '../all-cabal-hashes/pms-application-service/0.0.1.0/pms-application-service.cabal': Could not resolve hostname (6) Could not resolve host: ..; retrying in 1042 ms
warning: error: unable to download '../all-cabal-hashes/pms-application-service/0.0.1.0/pms-application-service.cabal': Could not resolve hostname (6) Could not resolve host: ..; retrying in 2332 ms
error: unable to download '../all-cabal-hashes/pms-application-service/0.0.1.0/pms-application-service.cabal': Could not resolve hostname (6) Could not resolve host: ..
** need a revision for VCS when the hash is given. skipping.
** need a revision for VCS when the hash is given. skipping.
** need a revision for VCS when the hash is given. skipping.
** need a revision for VCS when the hash is given. skipping.
cabal2nix: user error (Failed to fetch source. Does this source exist? Source {sourceUrl = "../all-cabal-hashes/pms-application-service/0.0.1.0/pms-application-service.cabal", sourceRevision = "", sourceHash = Guess "4a548fd1094a46aa45751b8075e9aafb2f733fbf0a77ec563da5802190b3de66", sourceCabalDir = ""})


failed when running cabal2nix on ../all-cabal-hashes/pms-domain-model/0.0.1.0/pms-domain-model.cabal.  Error output from cabal2nix: 
$ nix-prefetch-url --unpack file:///home/runner/work/all-cabal-nixes/all-cabal-hashes/pms-domain-model/0.0.1.0/pms-domain-model.cabal
error: failed to open archive: Unrecognized archive format
$ nix-prefetch-url ../all-cabal-hashes/pms-domain-model/0.0.1.0/pms-domain-model.cabal
warning: error: unable to download '../all-cabal-hashes/pms-domain-model/0.0.1.0/pms-domain-model.cabal': Could not resolve hostname (6) Could not resolve host: ..; retrying in 278 ms
warning: error: unable to download '../all-cabal-hashes/pms-domain-model/0.0.1.0/pms-domain-model.cabal': Could not resolve hostname (6) Could not resolve host: ..; retrying in 607 ms
warning: error: unable to download '../all-cabal-hashes/pms-domain-model/0.0.1.0/pms-domain-model.cabal': Could not resolve hostname (6) Could not resolve host: ..; retrying in 1132 ms
warning: error: unable to download '../all-cabal-hashes/pms-domain-model/0.0.1.0/pms-domain-model.cabal': Could not resolve hostname (6) Could not resolve host: ..; retrying in 2103 ms
error: unable to download '../all-cabal-hashes/pms-domain-model/0.0.1.0/pms-domain-model.cabal': Could not resolve hostname (6) Could not resolve host: ..
$ nix-prefetch-url --unpack ../all-cabal-hashes/pms-domain-model/0.0.1.0/pms-domain-model.cabal
warning: error: unable to download '../all-cabal-hashes/pms-domain-model/0.0.1.0/pms-domain-model.cabal': Could not resolve hostname (6) Could not resolve host: ..; retrying in 254 ms
warning: error: unable to download '../all-cabal-hashes/pms-domain-model/0.0.1.0/pms-domain-model.cabal': Could not resolve hostname (6) Could not resolve host: ..; retrying in 503 ms
warning: error: unable to download '../all-cabal-hashes/pms-domain-model/0.0.1.0/pms-domain-model.cabal': Could not resolve hostname (6) Could not resolve host: ..; retrying in 1044 ms
warning: error: unable to download '../all-cabal-hashes/pms-domain-model/0.0.1.0/pms-domain-model.cabal': Could not resolve hostname (6) Could not resolve host: ..; retrying in 2025 ms
error: unable to download '../all-cabal-hashes/pms-domain-model/0.0.1.0/pms-domain-model.cabal': Could not resolve hostname (6) Could not resolve host: ..
** need a revision for VCS when the hash is given. skipping.
** need a revision for VCS when the hash is given. skipping.
** need a revision for VCS when the hash is given. skipping.
** need a revision for VCS when the hash is given. skipping.
cabal2nix: user error (Failed to fetch source. Does this source exist? Source {sourceUrl = "../all-cabal-hashes/pms-domain-model/0.0.1.0/pms-domain-model.cabal", sourceRevision = "", sourceHash = Guess "eab06c217fc4887b72455d8280c22696d08086b46d890f1e83dfcaad1a2669ca", sourceCabalDir = ""})


failed when running cabal2nix on ../all-cabal-hashes/pms-domain-model/0.0.1.1/pms-domain-model.cabal.  Error output from cabal2nix: 
$ nix-prefetch-url --unpack file:///home/runner/work/all-cabal-nixes/all-cabal-hashes/pms-domain-model/0.0.1.1/pms-domain-model.cabal
error: failed to open archive: Unrecognized archive format
$ nix-prefetch-url ../all-cabal-hashes/pms-domain-model/0.0.1.1/pms-domain-model.cabal
warning: error: unable to download '../all-cabal-hashes/pms-domain-model/0.0.1.1/pms-domain-model.cabal': Could not resolve hostname (6) Could not resolve host: ..; retrying in 344 ms
warning: error: unable to download '../all-cabal-hashes/pms-domain-model/0.0.1.1/pms-domain-model.cabal': Could not resolve hostname (6) Could not resolve host: ..; retrying in 533 ms
warning: error: unable to download '../all-cabal-hashes/pms-domain-model/0.0.1.1/pms-domain-model.cabal': Could not resolve hostname (6) Could not resolve host: ..; retrying in 1278 ms
warning: error: unable to download '../all-cabal-hashes/pms-domain-model/0.0.1.1/pms-domain-model.cabal': Could not resolve hostname (6) Could not resolve host: ..; retrying in 2239 ms
error: unable to download '../all-cabal-hashes/pms-domain-model/0.0.1.1/pms-domain-model.cabal': Could not resolve hostname (6) Could not resolve host: ..
$ nix-prefetch-url --unpack ../all-cabal-hashes/pms-domain-model/0.0.1.1/pms-domain-model.cabal
warning: error: unable to download '../all-cabal-hashes/pms-domain-model/0.0.1.1/pms-domain-model.cabal': Could not resolve hostname (6) Could not resolve host: ..; retrying in 261 ms
warning: error: unable to download '../all-cabal-hashes/pms-domain-model/0.0.1.1/pms-domain-model.cabal': Could not resolve hostname (6) Could not resolve host: ..; retrying in 579 ms
warning: error: unable to download '../all-cabal-hashes/pms-domain-model/0.0.1.1/pms-domain-model.cabal': Could not resolve hostname (6) Could not resolve host: ..; retrying in 1117 ms
warning: error: unable to download '../all-cabal-hashes/pms-domain-model/0.0.1.1/pms-domain-model.cabal': Could not resolve hostname (6) Could not resolve host: ..; retrying in 2458 ms
error: unable to download '../all-cabal-hashes/pms-domain-model/0.0.1.1/pms-domain-model.cabal': Could not resolve hostname (6) Could not resolve host: ..
** need a revision for VCS when the hash is given. skipping.
** need a revision for VCS when the hash is given. skipping.
** need a revision for VCS when the hash is given. skipping.
** need a revision for VCS when the hash is given. skipping.
cabal2nix: user error (Failed to fetch source. Does this source exist? Source {sourceUrl = "../all-cabal-hashes/pms-domain-model/0.0.1.1/pms-domain-model.cabal", sourceRevision = "", sourceHash = Guess "e95dea05747e94ff99b4ff75942c6c7b7d6bce3e0ed00fe3e4475660a760a717", sourceCabalDir = ""})


failed when running cabal2nix on ../all-cabal-hashes/pms-domain-service/0.0.1.0/pms-domain-service.cabal.  Error output from cabal2nix: 
$ nix-prefetch-url --unpack file:///home/runner/work/all-cabal-nixes/all-cabal-hashes/pms-domain-service/0.0.1.0/pms-domain-service.cabal
error: failed to open archive: Unrecognized archive format
$ nix-prefetch-url ../all-cabal-hashes/pms-domain-service/0.0.1.0/pms-domain-service.cabal
warning: error: unable to download '../all-cabal-hashes/pms-domain-service/0.0.1.0/pms-domain-service.cabal': Could not resolve hostname (6) Could not resolve host: ..; retrying in 261 ms
warning: error: unable to download '../all-cabal-hashes/pms-domain-service/0.0.1.0/pms-domain-service.cabal': Could not resolve hostname (6) Could not resolve host: ..; retrying in 568 ms
warning: error: unable to download '../all-cabal-hashes/pms-domain-service/0.0.1.0/pms-domain-service.cabal': Could not resolve hostname (6) Could not resolve host: ..; retrying in 1011 ms
warning: error: unable to download '../all-cabal-hashes/pms-domain-service/0.0.1.0/pms-domain-service.cabal': Could not resolve hostname (6) Could not resolve host: ..; retrying in 2599 ms
error: unable to download '../all-cabal-hashes/pms-domain-service/0.0.1.0/pms-domain-service.cabal': Could not resolve hostname (6) Could not resolve host: ..
$ nix-prefetch-url --unpack ../all-cabal-hashes/pms-domain-service/0.0.1.0/pms-domain-service.cabal
warning: error: unable to download '../all-cabal-hashes/pms-domain-service/0.0.1.0/pms-domain-service.cabal': Could not resolve hostname (6) Could not resolve host: ..; retrying in 291 ms
warning: error: unable to download '../all-cabal-hashes/pms-domain-service/0.0.1.0/pms-domain-service.cabal': Could not resolve hostname (6) Could not resolve host: ..; retrying in 525 ms
warning: error: unable to download '../all-cabal-hashes/pms-domain-service/0.0.1.0/pms-domain-service.cabal': Could not resolve hostname (6) Could not resolve host: ..; retrying in 1078 ms
warning: error: unable to download '../all-cabal-hashes/pms-domain-service/0.0.1.0/pms-domain-service.cabal': Could not resolve hostname (6) Could not resolve host: ..; retrying in 2045 ms
error: unable to download '../all-cabal-hashes/pms-domain-service/0.0.1.0/pms-domain-service.cabal': Could not resolve hostname (6) Could not resolve host: ..
** need a revision for VCS when the hash is given. skipping.
** need a revision for VCS when the hash is given. skipping.
** need a revision for VCS when the hash is given. skipping.
** need a revision for VCS when the hash is given. skipping.
cabal2nix: user error (Failed to fetch source. Does this source exist? Source {sourceUrl = "../all-cabal-hashes/pms-domain-service/0.0.1.0/pms-domain-service.cabal", sourceRevision = "", sourceHash = Guess "703f209917ff462d48aa6b4a96b20bb31f4493d281476bc59118bc862b9bc751", sourceCabalDir = ""})


failed when running cabal2nix on ../all-cabal-hashes/pms-infrastructure/0.0.1.0/pms-infrastructure.cabal.  Error output from cabal2nix: 
$ nix-prefetch-url --unpack file:///home/runner/work/all-cabal-nixes/all-cabal-hashes/pms-infrastructure/0.0.1.0/pms-infrastructure.cabal
error: failed to open archive: Unrecognized archive format
$ nix-prefetch-url ../all-cabal-hashes/pms-infrastructure/0.0.1.0/pms-infrastructure.cabal
warning: error: unable to download '../all-cabal-hashes/pms-infrastructure/0.0.1.0/pms-infrastructure.cabal': Could not resolve hostname (6) Could not resolve host: ..; retrying in 283 ms
warning: error: unable to download '../all-cabal-hashes/pms-infrastructure/0.0.1.0/pms-infrastructure.cabal': Could not resolve hostname (6) Could not resolve host: ..; retrying in 550 ms
warning: error: unable to download '../all-cabal-hashes/pms-infrastructure/0.0.1.0/pms-infrastructure.cabal': Could not resolve hostname (6) Could not resolve host: ..; retrying in 1068 ms
warning: error: unable to download '../all-cabal-hashes/pms-infrastructure/0.0.1.0/pms-infrastructure.cabal': Could not resolve hostname (6) Could not resolve host: ..; retrying in 2098 ms
error: unable to download '../all-cabal-hashes/pms-infrastructure/0.0.1.0/pms-infrastructure.cabal': Could not resolve hostname (6) Could not resolve host: ..
$ nix-prefetch-url --unpack ../all-cabal-hashes/pms-infrastructure/0.0.1.0/pms-infrastructure.cabal
warning: error: unable to download '../all-cabal-hashes/pms-infrastructure/0.0.1.0/pms-infrastructure.cabal': Could not resolve hostname (6) Could not resolve host: ..; retrying in 292 ms
warning: error: unable to download '../all-cabal-hashes/pms-infrastructure/0.0.1.0/pms-infrastructure.cabal': Could not resolve hostname (6) Could not resolve host: ..; retrying in 680 ms
warning: error: unable to download '../all-cabal-hashes/pms-infrastructure/0.0.1.0/pms-infrastructure.cabal': Could not resolve hostname (6) Could not resolve host: ..; retrying in 1204 ms
warning: error: unable to download '../all-cabal-hashes/pms-infrastructure/0.0.1.0/pms-infrastructure.cabal': Could not resolve hostname (6) Could not resolve host: ..; retrying in 2468 ms
error: unable to download '../all-cabal-hashes/pms-infrastructure/0.0.1.0/pms-infrastructure.cabal': Could not resolve hostname (6) Could not resolve host: ..
** need a revision for VCS when the hash is given. skipping.
** need a revision for VCS when the hash is given. skipping.
** need a revision for VCS when the hash is given. skipping.
** need a revision for VCS when the hash is given. skipping.
cabal2nix: user error (Failed to fetch source. Does this source exist? Source {sourceUrl = "../all-cabal-hashes/pms-infrastructure/0.0.1.0/pms-infrastructure.cabal", sourceRevision = "", sourceHash = Guess "bb196b9c6298526af8de4fba7df5c3f8bfa926da581272225eaf3c2e94b4c550", sourceCabalDir = ""})


failed when running cabal2nix on ../all-cabal-hashes/pms-ui-request/0.0.1.0/pms-ui-request.cabal.  Error output from cabal2nix: 
$ nix-prefetch-url --unpack file:///home/runner/work/all-cabal-nixes/all-cabal-hashes/pms-ui-request/0.0.1.0/pms-ui-request.cabal
error: failed to open archive: Unrecognized archive format
$ nix-prefetch-url ../all-cabal-hashes/pms-ui-request/0.0.1.0/pms-ui-request.cabal
warning: error: unable to download '../all-cabal-hashes/pms-ui-request/0.0.1.0/pms-ui-request.cabal': Could not resolve hostname (6) Could not resolve host: ..; retrying in 336 ms
warning: error: unable to download '../all-cabal-hashes/pms-ui-request/0.0.1.0/pms-ui-request.cabal': Could not resolve hostname (6) Could not resolve host: ..; retrying in 524 ms
warning: error: unable to download '../all-cabal-hashes/pms-ui-request/0.0.1.0/pms-ui-request.cabal': Could not resolve hostname (6) Could not resolve host: ..; retrying in 1223 ms
warning: error: unable to download '../all-cabal-hashes/pms-ui-request/0.0.1.0/pms-ui-request.cabal': Could not resolve hostname (6) Could not resolve host: ..; retrying in 2130 ms
error: unable to download '../all-cabal-hashes/pms-ui-request/0.0.1.0/pms-ui-request.cabal': Could not resolve hostname (6) Could not resolve host: ..
$ nix-prefetch-url --unpack ../all-cabal-hashes/pms-ui-request/0.0.1.0/pms-ui-request.cabal
warning: error: unable to download '../all-cabal-hashes/pms-ui-request/0.0.1.0/pms-ui-request.cabal': Could not resolve hostname (6) Could not resolve host: ..; retrying in 326 ms
warning: error: unable to download '../all-cabal-hashes/pms-ui-request/0.0.1.0/pms-ui-request.cabal': Could not resolve hostname (6) Could not resolve host: ..; retrying in 614 ms
warning: error: unable to download '../all-cabal-hashes/pms-ui-request/0.0.1.0/pms-ui-request.cabal': Could not resolve hostname (6) Could not resolve host: ..; retrying in 1270 ms
warning: error: unable to download '../all-cabal-hashes/pms-ui-request/0.0.1.0/pms-ui-request.cabal': Could not resolve hostname (6) Could not resolve host: ..; retrying in 2734 ms
error: unable to download '../all-cabal-hashes/pms-ui-request/0.0.1.0/pms-ui-request.cabal': Could not resolve hostname (6) Could not resolve host: ..
** need a revision for VCS when the hash is given. skipping.
** need a revision for VCS when the hash is given. skipping.
** need a revision for VCS when the hash is given. skipping.
** need a revision for VCS when the hash is given. skipping.
cabal2nix: user error (Failed to fetch source. Does this source exist? Source {sourceUrl = "../all-cabal-hashes/pms-ui-request/0.0.1.0/pms-ui-request.cabal", sourceRevision = "", sourceHash = Guess "7618cdbe7dd7e15073cea657a4c692d579b7d4f2beccc8cf68c5a84887c49ec0", sourceCabalDir = ""})


failed when running cabal2nix on ../all-cabal-hashes/pms-ui-response/0.0.1.0/pms-ui-response.cabal.  Error output from cabal2nix: 
$ nix-prefetch-url --unpack file:///home/runner/work/all-cabal-nixes/all-cabal-hashes/pms-ui-response/0.0.1.0/pms-ui-response.cabal
error: failed to open archive: Unrecognized archive format
$ nix-prefetch-url ../all-cabal-hashes/pms-ui-response/0.0.1.0/pms-ui-response.cabal
warning: error: unable to download '../all-cabal-hashes/pms-ui-response/0.0.1.0/pms-ui-response.cabal': Could not resolve hostname (6) Could not resolve host: ..; retrying in 290 ms
warning: error: unable to download '../all-cabal-hashes/pms-ui-response/0.0.1.0/pms-ui-response.cabal': Could not resolve hostname (6) Could not resolve host: ..; retrying in 681 ms
warning: error: unable to download '../all-cabal-hashes/pms-ui-response/0.0.1.0/pms-ui-response.cabal': Could not resolve hostname (6) Could not resolve host: ..; retrying in 1165 ms
warning: error: unable to download '../all-cabal-hashes/pms-ui-response/0.0.1.0/pms-ui-response.cabal': Could not resolve hostname (6) Could not resolve host: ..; retrying in 2055 ms
error: unable to download '../all-cabal-hashes/pms-ui-response/0.0.1.0/pms-ui-response.cabal': Could not resolve hostname (6) Could not resolve host: ..
$ nix-prefetch-url --unpack ../all-cabal-hashes/pms-ui-response/0.0.1.0/pms-ui-response.cabal
warning: error: unable to download '../all-cabal-hashes/pms-ui-response/0.0.1.0/pms-ui-response.cabal': Could not resolve hostname (6) Could not resolve host: ..; retrying in 294 ms
warning: error: unable to download '../all-cabal-hashes/pms-ui-response/0.0.1.0/pms-ui-response.cabal': Could not resolve hostname (6) Could not resolve host: ..; retrying in 531 ms
warning: error: unable to download '../all-cabal-hashes/pms-ui-response/0.0.1.0/pms-ui-response.cabal': Could not resolve hostname (6) Could not resolve host: ..; retrying in 1339 ms
warning: error: unable to download '../all-cabal-hashes/pms-ui-response/0.0.1.0/pms-ui-response.cabal': Could not resolve hostname (6) Could not resolve host: ..; retrying in 2265 ms
error: unable to download '../all-cabal-hashes/pms-ui-response/0.0.1.0/pms-ui-response.cabal': Could not resolve hostname (6) Could not resolve host: ..
** need a revision for VCS when the hash is given. skipping.
** need a revision for VCS when the hash is given. skipping.
** need a revision for VCS when the hash is given. skipping.
** need a revision for VCS when the hash is given. skipping.
cabal2nix: user error (Failed to fetch source. Does this source exist? Source {sourceUrl = "../all-cabal-hashes/pms-ui-response/0.0.1.0/pms-ui-response.cabal", sourceRevision = "", sourceHash = Guess "89403539635c869a3ea62bbbbd436f42121ccd2668095fbbdb5ae1e39f166325", sourceCabalDir = ""})


failed when running cabal2nix on ../all-cabal-hashes/pty-mcp-server/0.0.1.0/pty-mcp-server.cabal.  Error output from cabal2nix: 
$ nix-prefetch-url --unpack file:///home/runner/work/all-cabal-nixes/all-cabal-hashes/pty-mcp-server/0.0.1.0/pty-mcp-server.cabal
error: failed to open archive: Unrecognized archive format
$ nix-prefetch-url ../all-cabal-hashes/pty-mcp-server/0.0.1.0/pty-mcp-server.cabal
warning: error: unable to download '../all-cabal-hashes/pty-mcp-server/0.0.1.0/pty-mcp-server.cabal': Could not resolve hostname (6) Could not resolve host: ..; retrying in 283 ms
warning: error: unable to download '../all-cabal-hashes/pty-mcp-server/0.0.1.0/pty-mcp-server.cabal': Could not resolve hostname (6) Could not resolve host: ..; retrying in 502 ms
warning: error: unable to download '../all-cabal-hashes/pty-mcp-server/0.0.1.0/pty-mcp-server.cabal': Could not resolve hostname (6) Could not resolve host: ..; retrying in 1343 ms
warning: error: unable to download '../all-cabal-hashes/pty-mcp-server/0.0.1.0/pty-mcp-server.cabal': Could not resolve hostname (6) Could not resolve host: ..; retrying in 2191 ms
error: unable to download '../all-cabal-hashes/pty-mcp-server/0.0.1.0/pty-mcp-server.cabal': Could not resolve hostname (6) Could not resolve host: ..
$ nix-prefetch-url --unpack ../all-cabal-hashes/pty-mcp-server/0.0.1.0/pty-mcp-server.cabal
warning: error: unable to download '../all-cabal-hashes/pty-mcp-server/0.0.1.0/pty-mcp-server.cabal': Could not resolve hostname (6) Could not resolve host: ..; retrying in 283 ms
warning: error: unable to download '../all-cabal-hashes/pty-mcp-server/0.0.1.0/pty-mcp-server.cabal': Could not resolve hostname (6) Could not resolve host: ..; retrying in 560 ms
warning: error: unable to download '../all-cabal-hashes/pty-mcp-server/0.0.1.0/pty-mcp-server.cabal': Could not resolve hostname (6) Could not resolve host: ..; retrying in 1229 ms
warning: error: unable to download '../all-cabal-hashes/pty-mcp-server/0.0.1.0/pty-mcp-server.cabal': Could not resolve hostname (6) Could not resolve host: ..; retrying in 2389 ms
error: unable to download '../all-cabal-hashes/pty-mcp-server/0.0.1.0/pty-mcp-server.cabal': Could not resolve hostname (6) Could not resolve host: ..
** need a revision for VCS when the hash is given. skipping.
** need a revision for VCS when the hash is given. skipping.
** need a revision for VCS when the hash is given. skipping.
** need a revision for VCS when the hash is given. skipping.
cabal2nix: user error (Failed to fetch source. Does this source exist? Source {sourceUrl = "../all-cabal-hashes/pty-mcp-server/0.0.1.0/pty-mcp-server.cabal", sourceRevision = "", sourceHash = Guess "635ff0eea33b2cda1cfab8095c6beebdb1ecdb2f06b04053ce72a345281b9df4", sourceCabalDir = ""})


failed when running cabal2nix on ../all-cabal-hashes/pty-mcp-server/0.0.1.1/pty-mcp-server.cabal.  Error output from cabal2nix: 
$ nix-prefetch-url --unpack file:///home/runner/work/all-cabal-nixes/all-cabal-hashes/pty-mcp-server/0.0.1.1/pty-mcp-server.cabal
error: failed to open archive: Unrecognized archive format
$ nix-prefetch-url ../all-cabal-hashes/pty-mcp-server/0.0.1.1/pty-mcp-server.cabal
warning: error: unable to download '../all-cabal-hashes/pty-mcp-server/0.0.1.1/pty-mcp-server.cabal': Could not resolve hostname (6) Could not resolve host: ..; retrying in 272 ms
warning: error: unable to download '../all-cabal-hashes/pty-mcp-server/0.0.1.1/pty-mcp-server.cabal': Could not resolve hostname (6) Could not resolve host: ..; retrying in 532 ms
warning: error: unable to download '../all-cabal-hashes/pty-mcp-server/0.0.1.1/pty-mcp-server.cabal': Could not resolve hostname (6) Could not resolve host: ..; retrying in 1383 ms
warning: error: unable to download '../all-cabal-hashes/pty-mcp-server/0.0.1.1/pty-mcp-server.cabal': Could not resolve hostname (6) Could not resolve host: ..; retrying in 2457 ms
error: unable to download '../all-cabal-hashes/pty-mcp-server/0.0.1.1/pty-mcp-server.cabal': Could not resolve hostname (6) Could not resolve host: ..
$ nix-prefetch-url --unpack ../all-cabal-hashes/pty-mcp-server/0.0.1.1/pty-mcp-server.cabal
warning: error: unable to download '../all-cabal-hashes/pty-mcp-server/0.0.1.1/pty-mcp-server.cabal': Could not resolve hostname (6) Could not resolve host: ..; retrying in 347 ms
warning: error: unable to download '../all-cabal-hashes/pty-mcp-server/0.0.1.1/pty-mcp-server.cabal': Could not resolve hostname (6) Could not resolve host: ..; retrying in 550 ms
warning: error: unable to download '../all-cabal-hashes/pty-mcp-server/0.0.1.1/pty-mcp-server.cabal': Could not resolve hostname (6) Could not resolve host: ..; retrying in 1152 ms
warning: error: unable to download '../all-cabal-hashes/pty-mcp-server/0.0.1.1/pty-mcp-server.cabal': Could not resolve hostname (6) Could not resolve host: ..; retrying in 2536 ms
error: unable to download '../all-cabal-hashes/pty-mcp-server/0.0.1.1/pty-mcp-server.cabal': Could not resolve hostname (6) Could not resolve host: ..
** need a revision for VCS when the hash is given. skipping.
** need a revision for VCS when the hash is given. skipping.
** need a revision for VCS when the hash is given. skipping.
** need a revision for VCS when the hash is given. skipping.
cabal2nix: user error (Failed to fetch source. Does this source exist? Source {sourceUrl = "../all-cabal-hashes/pty-mcp-server/0.0.1.1/pty-mcp-server.cabal", sourceRevision = "", sourceHash = Guess "a4f18c7c4fb666fd4c70619d5b2fda87936e0e59811f36b1e592b21b34935756", sourceCabalDir = ""})


failed when running cabal2nix on ../all-cabal-hashes/webdriver-precore/0.0.0.2/webdriver-precore.cabal.  Error output from cabal2nix: 
$ nix-prefetch-url --unpack file:///home/runner/work/all-cabal-nixes/all-cabal-hashes/webdriver-precore/0.0.0.2/webdriver-precore.cabal
error: failed to open archive: Unrecognized archive format
$ nix-prefetch-url ../all-cabal-hashes/webdriver-precore/0.0.0.2/webdriver-precore.cabal
warning: error: unable to download '../all-cabal-hashes/webdriver-precore/0.0.0.2/webdriver-precore.cabal': Could not resolve hostname (6) Could not resolve host: ..; retrying in 251 ms
warning: error: unable to download '../all-cabal-hashes/webdriver-precore/0.0.0.2/webdriver-precore.cabal': Could not resolve hostname (6) Could not resolve host: ..; retrying in 538 ms
warning: error: unable to download '../all-cabal-hashes/webdriver-precore/0.0.0.2/webdriver-precore.cabal': Could not resolve hostname (6) Could not resolve host: ..; retrying in 1405 ms
warning: error: unable to download '../all-cabal-hashes/webdriver-precore/0.0.0.2/webdriver-precore.cabal': Could not resolve hostname (6) Could not resolve host: ..; retrying in 2526 ms
error: unable to download '../all-cabal-hashes/webdriver-precore/0.0.0.2/webdriver-precore.cabal': Could not resolve hostname (6) Could not resolve host: ..
$ nix-prefetch-url --unpack ../all-cabal-hashes/webdriver-precore/0.0.0.2/webdriver-precore.cabal
warning: error: unable to download '../all-cabal-hashes/webdriver-precore/0.0.0.2/webdriver-precore.cabal': Could not resolve hostname (6) Could not resolve host: ..; retrying in 313 ms
warning: error: unable to download '../all-cabal-hashes/webdriver-precore/0.0.0.2/webdriver-precore.cabal': Could not resolve hostname (6) Could not resolve host: ..; retrying in 588 ms
warning: error: unable to download '../all-cabal-hashes/webdriver-precore/0.0.0.2/webdriver-precore.cabal': Could not resolve hostname (6) Could not resolve host: ..; retrying in 1094 ms
warning: error: unable to download '../all-cabal-hashes/webdriver-precore/0.0.0.2/webdriver-precore.cabal': Could not resolve hostname (6) Could not resolve host: ..; retrying in 2681 ms
error: unable to download '../all-cabal-hashes/webdriver-precore/0.0.0.2/webdriver-precore.cabal': Could not resolve hostname (6) Could not resolve host: ..
** need a revision for VCS when the hash is given. skipping.
** need a revision for VCS when the hash is given. skipping.
** need a revision for VCS when the hash is given. skipping.
** need a revision for VCS when the hash is given. skipping.
cabal2nix: user error (Failed to fetch source. Does this source exist? Source {sourceUrl = "../all-cabal-hashes/webdriver-precore/0.0.0.2/webdriver-precore.cabal", sourceRevision = "", sourceHash = Guess "9844b935e0886b8ff182fdd772217b8f2a3a06b5d9755c087101c620a976be44", sourceCabalDir = ""})


failed when running cabal2nix on ../all-cabal-hashes/webdriver-precore/0.0.0.3/webdriver-precore.cabal.  Error output from cabal2nix: 
$ nix-prefetch-url --unpack file:///home/runner/work/all-cabal-nixes/all-cabal-hashes/webdriver-precore/0.0.0.3/webdriver-precore.cabal
error: failed to open archive: Unrecognized archive format
$ nix-prefetch-url ../all-cabal-hashes/webdriver-precore/0.0.0.3/webdriver-precore.cabal
warning: error: unable to download '../all-cabal-hashes/webdriver-precore/0.0.0.3/webdriver-precore.cabal': Could not resolve hostname (6) Could not resolve host: ..; retrying in 324 ms
warning: error: unable to download '../all-cabal-hashes/webdriver-precore/0.0.0.3/webdriver-precore.cabal': Could not resolve hostname (6) Could not resolve host: ..; retrying in 533 ms
warning: error: unable to download '../all-cabal-hashes/webdriver-precore/0.0.0.3/webdriver-precore.cabal': Could not resolve hostname (6) Could not resolve host: ..; retrying in 1244 ms
warning: error: unable to download '../all-cabal-hashes/webdriver-precore/0.0.0.3/webdriver-precore.cabal': Could not resolve hostname (6) Could not resolve host: ..; retrying in 2171 ms
error: unable to download '../all-cabal-hashes/webdriver-precore/0.0.0.3/webdriver-precore.cabal': Could not resolve hostname (6) Could not resolve host: ..
$ nix-prefetch-url --unpack ../all-cabal-hashes/webdriver-precore/0.0.0.3/webdriver-precore.cabal
warning: error: unable to download '../all-cabal-hashes/webdriver-precore/0.0.0.3/webdriver-precore.cabal': Could not resolve hostname (6) Could not resolve host: ..; retrying in 306 ms
warning: error: unable to download '../all-cabal-hashes/webdriver-precore/0.0.0.3/webdriver-precore.cabal': Could not resolve hostname (6) Could not resolve host: ..; retrying in 551 ms
warning: error: unable to download '../all-cabal-hashes/webdriver-precore/0.0.0.3/webdriver-precore.cabal': Could not resolve hostname (6) Could not resolve host: ..; retrying in 1058 ms
warning: error: unable to download '../all-cabal-hashes/webdriver-precore/0.0.0.3/webdriver-precore.cabal': Could not resolve hostname (6) Could not resolve host: ..; retrying in 2815 ms
error: unable to download '../all-cabal-hashes/webdriver-precore/0.0.0.3/webdriver-precore.cabal': Could not resolve hostname (6) Could not resolve host: ..
** need a revision for VCS when the hash is given. skipping.
** need a revision for VCS when the hash is given. skipping.
** need a revision for VCS when the hash is given. skipping.
** need a revision for VCS when the hash is given. skipping.
cabal2nix: user error (Failed to fetch source. Does this source exist? Source {sourceUrl = "../all-cabal-hashes/webdriver-precore/0.0.0.3/webdriver-precore.cabal", sourceRevision = "", sourceHash = Guess "d2fbb310ec170e5456ff3106c922d222a1942e1363a8d70f71d39d4516ea492f", sourceCabalDir = ""})


failed when running cabal2nix on ../all-cabal-hashes/webdriver-precore/0.0.0.4/webdriver-precore.cabal.  Error output from cabal2nix: 
$ nix-prefetch-url --unpack file:///home/runner/work/all-cabal-nixes/all-cabal-hashes/webdriver-precore/0.0.0.4/webdriver-precore.cabal
error: failed to open archive: Unrecognized archive format
$ nix-prefetch-url ../all-cabal-hashes/webdriver-precore/0.0.0.4/webdriver-precore.cabal
warning: error: unable to download '../all-cabal-hashes/webdriver-precore/0.0.0.4/webdriver-precore.cabal': Could not resolve hostname (6) Could not resolve host: ..; retrying in 272 ms
warning: error: unable to download '../all-cabal-hashes/webdriver-precore/0.0.0.4/webdriver-precore.cabal': Could not resolve hostname (6) Could not resolve host: ..; retrying in 584 ms
warning: error: unable to download '../all-cabal-hashes/webdriver-precore/0.0.0.4/webdriver-precore.cabal': Could not resolve hostname (6) Could not resolve host: ..; retrying in 1103 ms
warning: error: unable to download '../all-cabal-hashes/webdriver-precore/0.0.0.4/webdriver-precore.cabal': Could not resolve hostname (6) Could not resolve host: ..; retrying in 2330 ms
error: unable to download '../all-cabal-hashes/webdriver-precore/0.0.0.4/webdriver-precore.cabal': Could not resolve hostname (6) Could not resolve host: ..
$ nix-prefetch-url --unpack ../all-cabal-hashes/webdriver-precore/0.0.0.4/webdriver-precore.cabal
warning: error: unable to download '../all-cabal-hashes/webdriver-precore/0.0.0.4/webdriver-precore.cabal': Could not resolve hostname (6) Could not resolve host: ..; retrying in 270 ms
warning: error: unable to download '../all-cabal-hashes/webdriver-precore/0.0.0.4/webdriver-precore.cabal': Could not resolve hostname (6) Could not resolve host: ..; retrying in 503 ms
warning: error: unable to download '../all-cabal-hashes/webdriver-precore/0.0.0.4/webdriver-precore.cabal': Could not resolve hostname (6) Could not resolve host: ..; retrying in 1247 ms
warning: error: unable to download '../all-cabal-hashes/webdriver-precore/0.0.0.4/webdriver-precore.cabal': Could not resolve hostname (6) Could not resolve host: ..; retrying in 2082 ms
error: unable to download '../all-cabal-hashes/webdriver-precore/0.0.0.4/webdriver-precore.cabal': Could not resolve hostname (6) Could not resolve host: ..
** need a revision for VCS when the hash is given. skipping.
** need a revision for VCS when the hash is given. skipping.
** need a revision for VCS when the hash is given. skipping.
** need a revision for VCS when the hash is given. skipping.
cabal2nix: user error (Failed to fetch source. Does this source exist? Source {sourceUrl = "../all-cabal-hashes/webdriver-precore/0.0.0.4/webdriver-precore.cabal", sourceRevision = "", sourceHash = Guess "ac1d24d31c1336f95fa6ec14befe958fb7c3196b5a5ca9473f813c0b5514e495", sourceCabalDir = ""})


