failed when running sed to get sha256 on ../all-cabal-hashes/hermes/1.3.4.3/hermes.json.  Error output from sed: 
sed: can't read ../all-cabal-hashes/hermes/1.3.4.3/hermes.json: No such file or directory


failed when running cabal2nix on ../all-cabal-hashes/palindromes/1.0/palindromes.cabal.  Error output from cabal2nix: 
$ nix-prefetch-url --unpack file:///home/runner/work/all-cabal-nixes/all-cabal-hashes/palindromes/1.0/palindromes.cabal
error: failed to open archive: Unrecognized archive format
$ nix-prefetch-url ../all-cabal-hashes/palindromes/1.0/palindromes.cabal
warning: error: unable to download '../all-cabal-hashes/palindromes/1.0/palindromes.cabal': Could not resolve hostname (6) Could not resolve host: ..; retrying in 329 ms
warning: error: unable to download '../all-cabal-hashes/palindromes/1.0/palindromes.cabal': Could not resolve hostname (6) Could not resolve host: ..; retrying in 569 ms
warning: error: unable to download '../all-cabal-hashes/palindromes/1.0/palindromes.cabal': Could not resolve hostname (6) Could not resolve host: ..; retrying in 1327 ms
warning: error: unable to download '../all-cabal-hashes/palindromes/1.0/palindromes.cabal': Could not resolve hostname (6) Could not resolve host: ..; retrying in 2054 ms
error: unable to download '../all-cabal-hashes/palindromes/1.0/palindromes.cabal': Could not resolve hostname (6) Could not resolve host: ..
$ nix-prefetch-url --unpack ../all-cabal-hashes/palindromes/1.0/palindromes.cabal
warning: error: unable to download '../all-cabal-hashes/palindromes/1.0/palindromes.cabal': Could not resolve hostname (6) Could not resolve host: ..; retrying in 259 ms
warning: error: unable to download '../all-cabal-hashes/palindromes/1.0/palindromes.cabal': Could not resolve hostname (6) Could not resolve host: ..; retrying in 593 ms
warning: error: unable to download '../all-cabal-hashes/palindromes/1.0/palindromes.cabal': Could not resolve hostname (6) Could not resolve host: ..; retrying in 1175 ms
warning: error: unable to download '../all-cabal-hashes/palindromes/1.0/palindromes.cabal': Could not resolve hostname (6) Could not resolve host: ..; retrying in 2234 ms
error: unable to download '../all-cabal-hashes/palindromes/1.0/palindromes.cabal': Could not resolve hostname (6) Could not resolve host: ..
** need a revision for VCS when the hash is given. skipping.
** need a revision for VCS when the hash is given. skipping.
** need a revision for VCS when the hash is given. skipping.
** need a revision for VCS when the hash is given. skipping.
cabal2nix: user error (Failed to fetch source. Does this source exist? Source {sourceUrl = "../all-cabal-hashes/palindromes/1.0/palindromes.cabal", sourceRevision = "", sourceHash = Guess "814e47cbcfbb122113ee3fd395df68e8b4cde79476640869c22eb737a1a2f2d1", sourceCabalDir = ""})


failed when running cabal2nix on ../all-cabal-hashes/pms-application-service/0.0.1.0/pms-application-service.cabal.  Error output from cabal2nix: 
$ nix-prefetch-url --unpack file:///home/runner/work/all-cabal-nixes/all-cabal-hashes/pms-application-service/0.0.1.0/pms-application-service.cabal
error: failed to open archive: Unrecognized archive format
$ nix-prefetch-url ../all-cabal-hashes/pms-application-service/0.0.1.0/pms-application-service.cabal
warning: error: unable to download '../all-cabal-hashes/pms-application-service/0.0.1.0/pms-application-service.cabal': Could not resolve hostname (6) Could not resolve host: ..; retrying in 271 ms
warning: error: unable to download '../all-cabal-hashes/pms-application-service/0.0.1.0/pms-application-service.cabal': Could not resolve hostname (6) Could not resolve host: ..; retrying in 668 ms
warning: error: unable to download '../all-cabal-hashes/pms-application-service/0.0.1.0/pms-application-service.cabal': Could not resolve hostname (6) Could not resolve host: ..; retrying in 1045 ms
warning: error: unable to download '../all-cabal-hashes/pms-application-service/0.0.1.0/pms-application-service.cabal': Could not resolve hostname (6) Could not resolve host: ..; retrying in 2116 ms
error: unable to download '../all-cabal-hashes/pms-application-service/0.0.1.0/pms-application-service.cabal': Could not resolve hostname (6) Could not resolve host: ..
$ nix-prefetch-url --unpack ../all-cabal-hashes/pms-application-service/0.0.1.0/pms-application-service.cabal
warning: error: unable to download '../all-cabal-hashes/pms-application-service/0.0.1.0/pms-application-service.cabal': Could not resolve hostname (6) Could not resolve host: ..; retrying in 296 ms
warning: error: unable to download '../all-cabal-hashes/pms-application-service/0.0.1.0/pms-application-service.cabal': Could not resolve hostname (6) Could not resolve host: ..; retrying in 506 ms
warning: error: unable to download '../all-cabal-hashes/pms-application-service/0.0.1.0/pms-application-service.cabal': Could not resolve hostname (6) Could not resolve host: ..; retrying in 1002 ms
warning: error: unable to download '../all-cabal-hashes/pms-application-service/0.0.1.0/pms-application-service.cabal': Could not resolve hostname (6) Could not resolve host: ..; retrying in 2506 ms
error: unable to download '../all-cabal-hashes/pms-application-service/0.0.1.0/pms-application-service.cabal': Could not resolve hostname (6) Could not resolve host: ..
** need a revision for VCS when the hash is given. skipping.
** need a revision for VCS when the hash is given. skipping.
** need a revision for VCS when the hash is given. skipping.
** need a revision for VCS when the hash is given. skipping.
cabal2nix: user error (Failed to fetch source. Does this source exist? Source {sourceUrl = "../all-cabal-hashes/pms-application-service/0.0.1.0/pms-application-service.cabal", sourceRevision = "", sourceHash = Guess "4a548fd1094a46aa45751b8075e9aafb2f733fbf0a77ec563da5802190b3de66", sourceCabalDir = ""})


failed when running cabal2nix on ../all-cabal-hashes/pms-application-service/0.0.2.0/pms-application-service.cabal.  Error output from cabal2nix: 
$ nix-prefetch-url --unpack file:///home/runner/work/all-cabal-nixes/all-cabal-hashes/pms-application-service/0.0.2.0/pms-application-service.cabal
error: failed to open archive: Unrecognized archive format
$ nix-prefetch-url ../all-cabal-hashes/pms-application-service/0.0.2.0/pms-application-service.cabal
warning: error: unable to download '../all-cabal-hashes/pms-application-service/0.0.2.0/pms-application-service.cabal': Could not resolve hostname (6) Could not resolve host: ..; retrying in 271 ms
warning: error: unable to download '../all-cabal-hashes/pms-application-service/0.0.2.0/pms-application-service.cabal': Could not resolve hostname (6) Could not resolve host: ..; retrying in 677 ms
warning: error: unable to download '../all-cabal-hashes/pms-application-service/0.0.2.0/pms-application-service.cabal': Could not resolve hostname (6) Could not resolve host: ..; retrying in 1141 ms
warning: error: unable to download '../all-cabal-hashes/pms-application-service/0.0.2.0/pms-application-service.cabal': Could not resolve hostname (6) Could not resolve host: ..; retrying in 2488 ms
error: unable to download '../all-cabal-hashes/pms-application-service/0.0.2.0/pms-application-service.cabal': Could not resolve hostname (6) Could not resolve host: ..
$ nix-prefetch-url --unpack ../all-cabal-hashes/pms-application-service/0.0.2.0/pms-application-service.cabal
warning: error: unable to download '../all-cabal-hashes/pms-application-service/0.0.2.0/pms-application-service.cabal': Could not resolve hostname (6) Could not resolve host: ..; retrying in 315 ms
warning: error: unable to download '../all-cabal-hashes/pms-application-service/0.0.2.0/pms-application-service.cabal': Could not resolve hostname (6) Could not resolve host: ..; retrying in 530 ms
warning: error: unable to download '../all-cabal-hashes/pms-application-service/0.0.2.0/pms-application-service.cabal': Could not resolve hostname (6) Could not resolve host: ..; retrying in 1097 ms
warning: error: unable to download '../all-cabal-hashes/pms-application-service/0.0.2.0/pms-application-service.cabal': Could not resolve hostname (6) Could not resolve host: ..; retrying in 2106 ms
error: unable to download '../all-cabal-hashes/pms-application-service/0.0.2.0/pms-application-service.cabal': Could not resolve hostname (6) Could not resolve host: ..
** need a revision for VCS when the hash is given. skipping.
** need a revision for VCS when the hash is given. skipping.
** need a revision for VCS when the hash is given. skipping.
** need a revision for VCS when the hash is given. skipping.
cabal2nix: user error (Failed to fetch source. Does this source exist? Source {sourceUrl = "../all-cabal-hashes/pms-application-service/0.0.2.0/pms-application-service.cabal", sourceRevision = "", sourceHash = Guess "3ebfd24d0694780b7cf6e7c31729ae15239253fbf846ada8c453dc3875d512ba", sourceCabalDir = ""})


failed when running cabal2nix on ../all-cabal-hashes/pms-application-service/0.0.3.0/pms-application-service.cabal.  Error output from cabal2nix: 
$ nix-prefetch-url --unpack file:///home/runner/work/all-cabal-nixes/all-cabal-hashes/pms-application-service/0.0.3.0/pms-application-service.cabal
error: failed to open archive: Unrecognized archive format
$ nix-prefetch-url ../all-cabal-hashes/pms-application-service/0.0.3.0/pms-application-service.cabal
warning: error: unable to download '../all-cabal-hashes/pms-application-service/0.0.3.0/pms-application-service.cabal': Could not resolve hostname (6) Could not resolve host: ..; retrying in 329 ms
warning: error: unable to download '../all-cabal-hashes/pms-application-service/0.0.3.0/pms-application-service.cabal': Could not resolve hostname (6) Could not resolve host: ..; retrying in 618 ms
warning: error: unable to download '../all-cabal-hashes/pms-application-service/0.0.3.0/pms-application-service.cabal': Could not resolve hostname (6) Could not resolve host: ..; retrying in 1066 ms
warning: error: unable to download '../all-cabal-hashes/pms-application-service/0.0.3.0/pms-application-service.cabal': Could not resolve hostname (6) Could not resolve host: ..; retrying in 2517 ms
error: unable to download '../all-cabal-hashes/pms-application-service/0.0.3.0/pms-application-service.cabal': Could not resolve hostname (6) Could not resolve host: ..
$ nix-prefetch-url --unpack ../all-cabal-hashes/pms-application-service/0.0.3.0/pms-application-service.cabal
warning: error: unable to download '../all-cabal-hashes/pms-application-service/0.0.3.0/pms-application-service.cabal': Could not resolve hostname (6) Could not resolve host: ..; retrying in 250 ms
warning: error: unable to download '../all-cabal-hashes/pms-application-service/0.0.3.0/pms-application-service.cabal': Could not resolve hostname (6) Could not resolve host: ..; retrying in 703 ms
warning: error: unable to download '../all-cabal-hashes/pms-application-service/0.0.3.0/pms-application-service.cabal': Could not resolve hostname (6) Could not resolve host: ..; retrying in 1188 ms
warning: error: unable to download '../all-cabal-hashes/pms-application-service/0.0.3.0/pms-application-service.cabal': Could not resolve hostname (6) Could not resolve host: ..; retrying in 2405 ms
error: unable to download '../all-cabal-hashes/pms-application-service/0.0.3.0/pms-application-service.cabal': Could not resolve hostname (6) Could not resolve host: ..
** need a revision for VCS when the hash is given. skipping.
** need a revision for VCS when the hash is given. skipping.
** need a revision for VCS when the hash is given. skipping.
** need a revision for VCS when the hash is given. skipping.
cabal2nix: user error (Failed to fetch source. Does this source exist? Source {sourceUrl = "../all-cabal-hashes/pms-application-service/0.0.3.0/pms-application-service.cabal", sourceRevision = "", sourceHash = Guess "9ed12347fc4105806bc58c659863732ecd2f7b9d9ee6d01a8e6e6ddaaf86eb30", sourceCabalDir = ""})


failed when running cabal2nix on ../all-cabal-hashes/pms-application-service/0.0.4.0/pms-application-service.cabal.  Error output from cabal2nix: 
$ nix-prefetch-url --unpack file:///home/runner/work/all-cabal-nixes/all-cabal-hashes/pms-application-service/0.0.4.0/pms-application-service.cabal
error: failed to open archive: Unrecognized archive format
$ nix-prefetch-url ../all-cabal-hashes/pms-application-service/0.0.4.0/pms-application-service.cabal
warning: error: unable to download '../all-cabal-hashes/pms-application-service/0.0.4.0/pms-application-service.cabal': Could not resolve hostname (6) Could not resolve host: ..; retrying in 351 ms
warning: error: unable to download '../all-cabal-hashes/pms-application-service/0.0.4.0/pms-application-service.cabal': Could not resolve hostname (6) Could not resolve host: ..; retrying in 678 ms
warning: error: unable to download '../all-cabal-hashes/pms-application-service/0.0.4.0/pms-application-service.cabal': Could not resolve hostname (6) Could not resolve host: ..; retrying in 1394 ms
warning: error: unable to download '../all-cabal-hashes/pms-application-service/0.0.4.0/pms-application-service.cabal': Could not resolve hostname (6) Could not resolve host: ..; retrying in 2251 ms
error: unable to download '../all-cabal-hashes/pms-application-service/0.0.4.0/pms-application-service.cabal': Could not resolve hostname (6) Could not resolve host: ..
$ nix-prefetch-url --unpack ../all-cabal-hashes/pms-application-service/0.0.4.0/pms-application-service.cabal
warning: error: unable to download '../all-cabal-hashes/pms-application-service/0.0.4.0/pms-application-service.cabal': Could not resolve hostname (6) Could not resolve host: ..; retrying in 299 ms
warning: error: unable to download '../all-cabal-hashes/pms-application-service/0.0.4.0/pms-application-service.cabal': Could not resolve hostname (6) Could not resolve host: ..; retrying in 535 ms
warning: error: unable to download '../all-cabal-hashes/pms-application-service/0.0.4.0/pms-application-service.cabal': Could not resolve hostname (6) Could not resolve host: ..; retrying in 1180 ms
warning: error: unable to download '../all-cabal-hashes/pms-application-service/0.0.4.0/pms-application-service.cabal': Could not resolve hostname (6) Could not resolve host: ..; retrying in 2520 ms
error: unable to download '../all-cabal-hashes/pms-application-service/0.0.4.0/pms-application-service.cabal': Could not resolve hostname (6) Could not resolve host: ..
** need a revision for VCS when the hash is given. skipping.
** need a revision for VCS when the hash is given. skipping.
** need a revision for VCS when the hash is given. skipping.
** need a revision for VCS when the hash is given. skipping.
cabal2nix: user error (Failed to fetch source. Does this source exist? Source {sourceUrl = "../all-cabal-hashes/pms-application-service/0.0.4.0/pms-application-service.cabal", sourceRevision = "", sourceHash = Guess "f442c70f24cec378893e9c1472e4a81545441fb96a213f7ba4770b9d8bba2129", sourceCabalDir = ""})


failed when running cabal2nix on ../all-cabal-hashes/pms-domain-model/0.0.1.0/pms-domain-model.cabal.  Error output from cabal2nix: 
$ nix-prefetch-url --unpack file:///home/runner/work/all-cabal-nixes/all-cabal-hashes/pms-domain-model/0.0.1.0/pms-domain-model.cabal
error: failed to open archive: Unrecognized archive format
$ nix-prefetch-url ../all-cabal-hashes/pms-domain-model/0.0.1.0/pms-domain-model.cabal
warning: error: unable to download '../all-cabal-hashes/pms-domain-model/0.0.1.0/pms-domain-model.cabal': Could not resolve hostname (6) Could not resolve host: ..; retrying in 254 ms
warning: error: unable to download '../all-cabal-hashes/pms-domain-model/0.0.1.0/pms-domain-model.cabal': Could not resolve hostname (6) Could not resolve host: ..; retrying in 639 ms
warning: error: unable to download '../all-cabal-hashes/pms-domain-model/0.0.1.0/pms-domain-model.cabal': Could not resolve hostname (6) Could not resolve host: ..; retrying in 1217 ms
warning: error: unable to download '../all-cabal-hashes/pms-domain-model/0.0.1.0/pms-domain-model.cabal': Could not resolve hostname (6) Could not resolve host: ..; retrying in 2590 ms
error: unable to download '../all-cabal-hashes/pms-domain-model/0.0.1.0/pms-domain-model.cabal': Could not resolve hostname (6) Could not resolve host: ..
$ nix-prefetch-url --unpack ../all-cabal-hashes/pms-domain-model/0.0.1.0/pms-domain-model.cabal
warning: error: unable to download '../all-cabal-hashes/pms-domain-model/0.0.1.0/pms-domain-model.cabal': Could not resolve hostname (6) Could not resolve host: ..; retrying in 294 ms
warning: error: unable to download '../all-cabal-hashes/pms-domain-model/0.0.1.0/pms-domain-model.cabal': Could not resolve hostname (6) Could not resolve host: ..; retrying in 586 ms
warning: error: unable to download '../all-cabal-hashes/pms-domain-model/0.0.1.0/pms-domain-model.cabal': Could not resolve hostname (6) Could not resolve host: ..; retrying in 1259 ms
warning: error: unable to download '../all-cabal-hashes/pms-domain-model/0.0.1.0/pms-domain-model.cabal': Could not resolve hostname (6) Could not resolve host: ..; retrying in 2600 ms
error: unable to download '../all-cabal-hashes/pms-domain-model/0.0.1.0/pms-domain-model.cabal': Could not resolve hostname (6) Could not resolve host: ..
** need a revision for VCS when the hash is given. skipping.
** need a revision for VCS when the hash is given. skipping.
** need a revision for VCS when the hash is given. skipping.
** need a revision for VCS when the hash is given. skipping.
cabal2nix: user error (Failed to fetch source. Does this source exist? Source {sourceUrl = "../all-cabal-hashes/pms-domain-model/0.0.1.0/pms-domain-model.cabal", sourceRevision = "", sourceHash = Guess "eab06c217fc4887b72455d8280c22696d08086b46d890f1e83dfcaad1a2669ca", sourceCabalDir = ""})


failed when running cabal2nix on ../all-cabal-hashes/pms-domain-model/0.0.1.1/pms-domain-model.cabal.  Error output from cabal2nix: 
$ nix-prefetch-url --unpack file:///home/runner/work/all-cabal-nixes/all-cabal-hashes/pms-domain-model/0.0.1.1/pms-domain-model.cabal
error: failed to open archive: Unrecognized archive format
$ nix-prefetch-url ../all-cabal-hashes/pms-domain-model/0.0.1.1/pms-domain-model.cabal
warning: error: unable to download '../all-cabal-hashes/pms-domain-model/0.0.1.1/pms-domain-model.cabal': Could not resolve hostname (6) Could not resolve host: ..; retrying in 317 ms
warning: error: unable to download '../all-cabal-hashes/pms-domain-model/0.0.1.1/pms-domain-model.cabal': Could not resolve hostname (6) Could not resolve host: ..; retrying in 522 ms
warning: error: unable to download '../all-cabal-hashes/pms-domain-model/0.0.1.1/pms-domain-model.cabal': Could not resolve hostname (6) Could not resolve host: ..; retrying in 1294 ms
warning: error: unable to download '../all-cabal-hashes/pms-domain-model/0.0.1.1/pms-domain-model.cabal': Could not resolve hostname (6) Could not resolve host: ..; retrying in 2461 ms
error: unable to download '../all-cabal-hashes/pms-domain-model/0.0.1.1/pms-domain-model.cabal': Could not resolve hostname (6) Could not resolve host: ..
$ nix-prefetch-url --unpack ../all-cabal-hashes/pms-domain-model/0.0.1.1/pms-domain-model.cabal
warning: error: unable to download '../all-cabal-hashes/pms-domain-model/0.0.1.1/pms-domain-model.cabal': Could not resolve hostname (6) Could not resolve host: ..; retrying in 265 ms
warning: error: unable to download '../all-cabal-hashes/pms-domain-model/0.0.1.1/pms-domain-model.cabal': Could not resolve hostname (6) Could not resolve host: ..; retrying in 613 ms
warning: error: unable to download '../all-cabal-hashes/pms-domain-model/0.0.1.1/pms-domain-model.cabal': Could not resolve hostname (6) Could not resolve host: ..; retrying in 1282 ms
warning: error: unable to download '../all-cabal-hashes/pms-domain-model/0.0.1.1/pms-domain-model.cabal': Could not resolve hostname (6) Could not resolve host: ..; retrying in 2162 ms
error: unable to download '../all-cabal-hashes/pms-domain-model/0.0.1.1/pms-domain-model.cabal': Could not resolve hostname (6) Could not resolve host: ..
** need a revision for VCS when the hash is given. skipping.
** need a revision for VCS when the hash is given. skipping.
** need a revision for VCS when the hash is given. skipping.
** need a revision for VCS when the hash is given. skipping.
cabal2nix: user error (Failed to fetch source. Does this source exist? Source {sourceUrl = "../all-cabal-hashes/pms-domain-model/0.0.1.1/pms-domain-model.cabal", sourceRevision = "", sourceHash = Guess "e95dea05747e94ff99b4ff75942c6c7b7d6bce3e0ed00fe3e4475660a760a717", sourceCabalDir = ""})


failed when running cabal2nix on ../all-cabal-hashes/pms-domain-model/0.0.2.0/pms-domain-model.cabal.  Error output from cabal2nix: 
$ nix-prefetch-url --unpack file:///home/runner/work/all-cabal-nixes/all-cabal-hashes/pms-domain-model/0.0.2.0/pms-domain-model.cabal
error: failed to open archive: Unrecognized archive format
$ nix-prefetch-url ../all-cabal-hashes/pms-domain-model/0.0.2.0/pms-domain-model.cabal
warning: error: unable to download '../all-cabal-hashes/pms-domain-model/0.0.2.0/pms-domain-model.cabal': Could not resolve hostname (6) Could not resolve host: ..; retrying in 294 ms
warning: error: unable to download '../all-cabal-hashes/pms-domain-model/0.0.2.0/pms-domain-model.cabal': Could not resolve hostname (6) Could not resolve host: ..; retrying in 600 ms
warning: error: unable to download '../all-cabal-hashes/pms-domain-model/0.0.2.0/pms-domain-model.cabal': Could not resolve hostname (6) Could not resolve host: ..; retrying in 1213 ms
warning: error: unable to download '../all-cabal-hashes/pms-domain-model/0.0.2.0/pms-domain-model.cabal': Could not resolve hostname (6) Could not resolve host: ..; retrying in 2184 ms
error: unable to download '../all-cabal-hashes/pms-domain-model/0.0.2.0/pms-domain-model.cabal': Could not resolve hostname (6) Could not resolve host: ..
$ nix-prefetch-url --unpack ../all-cabal-hashes/pms-domain-model/0.0.2.0/pms-domain-model.cabal
warning: error: unable to download '../all-cabal-hashes/pms-domain-model/0.0.2.0/pms-domain-model.cabal': Could not resolve hostname (6) Could not resolve host: ..; retrying in 300 ms
warning: error: unable to download '../all-cabal-hashes/pms-domain-model/0.0.2.0/pms-domain-model.cabal': Could not resolve hostname (6) Could not resolve host: ..; retrying in 646 ms
warning: error: unable to download '../all-cabal-hashes/pms-domain-model/0.0.2.0/pms-domain-model.cabal': Could not resolve hostname (6) Could not resolve host: ..; retrying in 1367 ms
warning: error: unable to download '../all-cabal-hashes/pms-domain-model/0.0.2.0/pms-domain-model.cabal': Could not resolve hostname (6) Could not resolve host: ..; retrying in 2678 ms
error: unable to download '../all-cabal-hashes/pms-domain-model/0.0.2.0/pms-domain-model.cabal': Could not resolve hostname (6) Could not resolve host: ..
** need a revision for VCS when the hash is given. skipping.
** need a revision for VCS when the hash is given. skipping.
** need a revision for VCS when the hash is given. skipping.
** need a revision for VCS when the hash is given. skipping.
cabal2nix: user error (Failed to fetch source. Does this source exist? Source {sourceUrl = "../all-cabal-hashes/pms-domain-model/0.0.2.0/pms-domain-model.cabal", sourceRevision = "", sourceHash = Guess "c32c6f47f16376b78f1456486db1a903985959e586030c02cb2a1692dffcd6d9", sourceCabalDir = ""})


failed when running cabal2nix on ../all-cabal-hashes/pms-domain-model/0.0.3.0/pms-domain-model.cabal.  Error output from cabal2nix: 
$ nix-prefetch-url --unpack file:///home/runner/work/all-cabal-nixes/all-cabal-hashes/pms-domain-model/0.0.3.0/pms-domain-model.cabal
error: failed to open archive: Unrecognized archive format
$ nix-prefetch-url ../all-cabal-hashes/pms-domain-model/0.0.3.0/pms-domain-model.cabal
warning: error: unable to download '../all-cabal-hashes/pms-domain-model/0.0.3.0/pms-domain-model.cabal': Could not resolve hostname (6) Could not resolve host: ..; retrying in 261 ms
warning: error: unable to download '../all-cabal-hashes/pms-domain-model/0.0.3.0/pms-domain-model.cabal': Could not resolve hostname (6) Could not resolve host: ..; retrying in 543 ms
warning: error: unable to download '../all-cabal-hashes/pms-domain-model/0.0.3.0/pms-domain-model.cabal': Could not resolve hostname (6) Could not resolve host: ..; retrying in 1217 ms
warning: error: unable to download '../all-cabal-hashes/pms-domain-model/0.0.3.0/pms-domain-model.cabal': Could not resolve hostname (6) Could not resolve host: ..; retrying in 2285 ms
error: unable to download '../all-cabal-hashes/pms-domain-model/0.0.3.0/pms-domain-model.cabal': Could not resolve hostname (6) Could not resolve host: ..
$ nix-prefetch-url --unpack ../all-cabal-hashes/pms-domain-model/0.0.3.0/pms-domain-model.cabal
warning: error: unable to download '../all-cabal-hashes/pms-domain-model/0.0.3.0/pms-domain-model.cabal': Could not resolve hostname (6) Could not resolve host: ..; retrying in 307 ms
warning: error: unable to download '../all-cabal-hashes/pms-domain-model/0.0.3.0/pms-domain-model.cabal': Could not resolve hostname (6) Could not resolve host: ..; retrying in 520 ms
warning: error: unable to download '../all-cabal-hashes/pms-domain-model/0.0.3.0/pms-domain-model.cabal': Could not resolve hostname (6) Could not resolve host: ..; retrying in 1353 ms
warning: error: unable to download '../all-cabal-hashes/pms-domain-model/0.0.3.0/pms-domain-model.cabal': Could not resolve hostname (6) Could not resolve host: ..; retrying in 2470 ms
error: unable to download '../all-cabal-hashes/pms-domain-model/0.0.3.0/pms-domain-model.cabal': Could not resolve hostname (6) Could not resolve host: ..
** need a revision for VCS when the hash is given. skipping.
** need a revision for VCS when the hash is given. skipping.
** need a revision for VCS when the hash is given. skipping.
** need a revision for VCS when the hash is given. skipping.
cabal2nix: user error (Failed to fetch source. Does this source exist? Source {sourceUrl = "../all-cabal-hashes/pms-domain-model/0.0.3.0/pms-domain-model.cabal", sourceRevision = "", sourceHash = Guess "ff4f473837beb5c0435978d44df6d001c8f7d484d8c6e7111079a0c46a5c2858", sourceCabalDir = ""})


failed when running cabal2nix on ../all-cabal-hashes/pms-domain-model/0.0.4.0/pms-domain-model.cabal.  Error output from cabal2nix: 
$ nix-prefetch-url --unpack file:///home/runner/work/all-cabal-nixes/all-cabal-hashes/pms-domain-model/0.0.4.0/pms-domain-model.cabal
error: failed to open archive: Unrecognized archive format
$ nix-prefetch-url ../all-cabal-hashes/pms-domain-model/0.0.4.0/pms-domain-model.cabal
warning: error: unable to download '../all-cabal-hashes/pms-domain-model/0.0.4.0/pms-domain-model.cabal': Could not resolve hostname (6) Could not resolve host: ..; retrying in 284 ms
warning: error: unable to download '../all-cabal-hashes/pms-domain-model/0.0.4.0/pms-domain-model.cabal': Could not resolve hostname (6) Could not resolve host: ..; retrying in 693 ms
warning: error: unable to download '../all-cabal-hashes/pms-domain-model/0.0.4.0/pms-domain-model.cabal': Could not resolve hostname (6) Could not resolve host: ..; retrying in 1014 ms
warning: error: unable to download '../all-cabal-hashes/pms-domain-model/0.0.4.0/pms-domain-model.cabal': Could not resolve hostname (6) Could not resolve host: ..; retrying in 2504 ms
error: unable to download '../all-cabal-hashes/pms-domain-model/0.0.4.0/pms-domain-model.cabal': Could not resolve hostname (6) Could not resolve host: ..
$ nix-prefetch-url --unpack ../all-cabal-hashes/pms-domain-model/0.0.4.0/pms-domain-model.cabal
warning: error: unable to download '../all-cabal-hashes/pms-domain-model/0.0.4.0/pms-domain-model.cabal': Could not resolve hostname (6) Could not resolve host: ..; retrying in 283 ms
warning: error: unable to download '../all-cabal-hashes/pms-domain-model/0.0.4.0/pms-domain-model.cabal': Could not resolve hostname (6) Could not resolve host: ..; retrying in 576 ms
warning: error: unable to download '../all-cabal-hashes/pms-domain-model/0.0.4.0/pms-domain-model.cabal': Could not resolve hostname (6) Could not resolve host: ..; retrying in 1063 ms
warning: error: unable to download '../all-cabal-hashes/pms-domain-model/0.0.4.0/pms-domain-model.cabal': Could not resolve hostname (6) Could not resolve host: ..; retrying in 2469 ms
error: unable to download '../all-cabal-hashes/pms-domain-model/0.0.4.0/pms-domain-model.cabal': Could not resolve hostname (6) Could not resolve host: ..
** need a revision for VCS when the hash is given. skipping.
** need a revision for VCS when the hash is given. skipping.
** need a revision for VCS when the hash is given. skipping.
** need a revision for VCS when the hash is given. skipping.
cabal2nix: user error (Failed to fetch source. Does this source exist? Source {sourceUrl = "../all-cabal-hashes/pms-domain-model/0.0.4.0/pms-domain-model.cabal", sourceRevision = "", sourceHash = Guess "40a2e7810df9931923e541963a717e88d2f1ad75ea9d1c7be4aa39a107beabfb", sourceCabalDir = ""})


failed when running cabal2nix on ../all-cabal-hashes/pms-domain-model/0.0.5.0/pms-domain-model.cabal.  Error output from cabal2nix: 
$ nix-prefetch-url --unpack file:///home/runner/work/all-cabal-nixes/all-cabal-hashes/pms-domain-model/0.0.5.0/pms-domain-model.cabal
error: failed to open archive: Unrecognized archive format
$ nix-prefetch-url ../all-cabal-hashes/pms-domain-model/0.0.5.0/pms-domain-model.cabal
warning: error: unable to download '../all-cabal-hashes/pms-domain-model/0.0.5.0/pms-domain-model.cabal': Could not resolve hostname (6) Could not resolve host: ..; retrying in 262 ms
warning: error: unable to download '../all-cabal-hashes/pms-domain-model/0.0.5.0/pms-domain-model.cabal': Could not resolve hostname (6) Could not resolve host: ..; retrying in 590 ms
warning: error: unable to download '../all-cabal-hashes/pms-domain-model/0.0.5.0/pms-domain-model.cabal': Could not resolve hostname (6) Could not resolve host: ..; retrying in 1216 ms
warning: error: unable to download '../all-cabal-hashes/pms-domain-model/0.0.5.0/pms-domain-model.cabal': Could not resolve hostname (6) Could not resolve host: ..; retrying in 2632 ms
error: unable to download '../all-cabal-hashes/pms-domain-model/0.0.5.0/pms-domain-model.cabal': Could not resolve hostname (6) Could not resolve host: ..
$ nix-prefetch-url --unpack ../all-cabal-hashes/pms-domain-model/0.0.5.0/pms-domain-model.cabal
warning: error: unable to download '../all-cabal-hashes/pms-domain-model/0.0.5.0/pms-domain-model.cabal': Could not resolve hostname (6) Could not resolve host: ..; retrying in 257 ms
warning: error: unable to download '../all-cabal-hashes/pms-domain-model/0.0.5.0/pms-domain-model.cabal': Could not resolve hostname (6) Could not resolve host: ..; retrying in 536 ms
warning: error: unable to download '../all-cabal-hashes/pms-domain-model/0.0.5.0/pms-domain-model.cabal': Could not resolve hostname (6) Could not resolve host: ..; retrying in 1327 ms
warning: error: unable to download '../all-cabal-hashes/pms-domain-model/0.0.5.0/pms-domain-model.cabal': Could not resolve hostname (6) Could not resolve host: ..; retrying in 2339 ms
error: unable to download '../all-cabal-hashes/pms-domain-model/0.0.5.0/pms-domain-model.cabal': Could not resolve hostname (6) Could not resolve host: ..
** need a revision for VCS when the hash is given. skipping.
** need a revision for VCS when the hash is given. skipping.
** need a revision for VCS when the hash is given. skipping.
** need a revision for VCS when the hash is given. skipping.
cabal2nix: user error (Failed to fetch source. Does this source exist? Source {sourceUrl = "../all-cabal-hashes/pms-domain-model/0.0.5.0/pms-domain-model.cabal", sourceRevision = "", sourceHash = Guess "3ce1e663a4ee2af04c3459bd507c38f7e0839795a63577bbc159926e24010a7c", sourceCabalDir = ""})


failed when running cabal2nix on ../all-cabal-hashes/pms-domain-service/0.0.1.0/pms-domain-service.cabal.  Error output from cabal2nix: 
$ nix-prefetch-url --unpack file:///home/runner/work/all-cabal-nixes/all-cabal-hashes/pms-domain-service/0.0.1.0/pms-domain-service.cabal
error: failed to open archive: Unrecognized archive format
$ nix-prefetch-url ../all-cabal-hashes/pms-domain-service/0.0.1.0/pms-domain-service.cabal
warning: error: unable to download '../all-cabal-hashes/pms-domain-service/0.0.1.0/pms-domain-service.cabal': Could not resolve hostname (6) Could not resolve host: ..; retrying in 349 ms
warning: error: unable to download '../all-cabal-hashes/pms-domain-service/0.0.1.0/pms-domain-service.cabal': Could not resolve hostname (6) Could not resolve host: ..; retrying in 533 ms
warning: error: unable to download '../all-cabal-hashes/pms-domain-service/0.0.1.0/pms-domain-service.cabal': Could not resolve hostname (6) Could not resolve host: ..; retrying in 1304 ms
warning: error: unable to download '../all-cabal-hashes/pms-domain-service/0.0.1.0/pms-domain-service.cabal': Could not resolve hostname (6) Could not resolve host: ..; retrying in 2155 ms
error: unable to download '../all-cabal-hashes/pms-domain-service/0.0.1.0/pms-domain-service.cabal': Could not resolve hostname (6) Could not resolve host: ..
$ nix-prefetch-url --unpack ../all-cabal-hashes/pms-domain-service/0.0.1.0/pms-domain-service.cabal
warning: error: unable to download '../all-cabal-hashes/pms-domain-service/0.0.1.0/pms-domain-service.cabal': Could not resolve hostname (6) Could not resolve host: ..; retrying in 253 ms
warning: error: unable to download '../all-cabal-hashes/pms-domain-service/0.0.1.0/pms-domain-service.cabal': Could not resolve hostname (6) Could not resolve host: ..; retrying in 615 ms
warning: error: unable to download '../all-cabal-hashes/pms-domain-service/0.0.1.0/pms-domain-service.cabal': Could not resolve hostname (6) Could not resolve host: ..; retrying in 1107 ms
warning: error: unable to download '../all-cabal-hashes/pms-domain-service/0.0.1.0/pms-domain-service.cabal': Could not resolve hostname (6) Could not resolve host: ..; retrying in 2446 ms
error: unable to download '../all-cabal-hashes/pms-domain-service/0.0.1.0/pms-domain-service.cabal': Could not resolve hostname (6) Could not resolve host: ..
** need a revision for VCS when the hash is given. skipping.
** need a revision for VCS when the hash is given. skipping.
** need a revision for VCS when the hash is given. skipping.
** need a revision for VCS when the hash is given. skipping.
cabal2nix: user error (Failed to fetch source. Does this source exist? Source {sourceUrl = "../all-cabal-hashes/pms-domain-service/0.0.1.0/pms-domain-service.cabal", sourceRevision = "", sourceHash = Guess "703f209917ff462d48aa6b4a96b20bb31f4493d281476bc59118bc862b9bc751", sourceCabalDir = ""})


failed when running cabal2nix on ../all-cabal-hashes/pms-domain-service/0.0.2.0/pms-domain-service.cabal.  Error output from cabal2nix: 
$ nix-prefetch-url --unpack file:///home/runner/work/all-cabal-nixes/all-cabal-hashes/pms-domain-service/0.0.2.0/pms-domain-service.cabal
error: failed to open archive: Unrecognized archive format
$ nix-prefetch-url ../all-cabal-hashes/pms-domain-service/0.0.2.0/pms-domain-service.cabal
warning: error: unable to download '../all-cabal-hashes/pms-domain-service/0.0.2.0/pms-domain-service.cabal': Could not resolve hostname (6) Could not resolve host: ..; retrying in 317 ms
warning: error: unable to download '../all-cabal-hashes/pms-domain-service/0.0.2.0/pms-domain-service.cabal': Could not resolve hostname (6) Could not resolve host: ..; retrying in 629 ms
warning: error: unable to download '../all-cabal-hashes/pms-domain-service/0.0.2.0/pms-domain-service.cabal': Could not resolve hostname (6) Could not resolve host: ..; retrying in 1058 ms
warning: error: unable to download '../all-cabal-hashes/pms-domain-service/0.0.2.0/pms-domain-service.cabal': Could not resolve hostname (6) Could not resolve host: ..; retrying in 2507 ms
error: unable to download '../all-cabal-hashes/pms-domain-service/0.0.2.0/pms-domain-service.cabal': Could not resolve hostname (6) Could not resolve host: ..
$ nix-prefetch-url --unpack ../all-cabal-hashes/pms-domain-service/0.0.2.0/pms-domain-service.cabal
warning: error: unable to download '../all-cabal-hashes/pms-domain-service/0.0.2.0/pms-domain-service.cabal': Could not resolve hostname (6) Could not resolve host: ..; retrying in 279 ms
warning: error: unable to download '../all-cabal-hashes/pms-domain-service/0.0.2.0/pms-domain-service.cabal': Could not resolve hostname (6) Could not resolve host: ..; retrying in 694 ms
warning: error: unable to download '../all-cabal-hashes/pms-domain-service/0.0.2.0/pms-domain-service.cabal': Could not resolve hostname (6) Could not resolve host: ..; retrying in 1395 ms
warning: error: unable to download '../all-cabal-hashes/pms-domain-service/0.0.2.0/pms-domain-service.cabal': Could not resolve hostname (6) Could not resolve host: ..; retrying in 2182 ms
error: unable to download '../all-cabal-hashes/pms-domain-service/0.0.2.0/pms-domain-service.cabal': Could not resolve hostname (6) Could not resolve host: ..
** need a revision for VCS when the hash is given. skipping.
** need a revision for VCS when the hash is given. skipping.
** need a revision for VCS when the hash is given. skipping.
** need a revision for VCS when the hash is given. skipping.
cabal2nix: user error (Failed to fetch source. Does this source exist? Source {sourceUrl = "../all-cabal-hashes/pms-domain-service/0.0.2.0/pms-domain-service.cabal", sourceRevision = "", sourceHash = Guess "9baa6abc50ea863f617efdc0d7b343515062315a7f117e6b5099215efacd5cba", sourceCabalDir = ""})


failed when running cabal2nix on ../all-cabal-hashes/pms-domain-service/0.0.3.0/pms-domain-service.cabal.  Error output from cabal2nix: 
$ nix-prefetch-url --unpack file:///home/runner/work/all-cabal-nixes/all-cabal-hashes/pms-domain-service/0.0.3.0/pms-domain-service.cabal
error: failed to open archive: Unrecognized archive format
$ nix-prefetch-url ../all-cabal-hashes/pms-domain-service/0.0.3.0/pms-domain-service.cabal
warning: error: unable to download '../all-cabal-hashes/pms-domain-service/0.0.3.0/pms-domain-service.cabal': Could not resolve hostname (6) Could not resolve host: ..; retrying in 349 ms
warning: error: unable to download '../all-cabal-hashes/pms-domain-service/0.0.3.0/pms-domain-service.cabal': Could not resolve hostname (6) Could not resolve host: ..; retrying in 576 ms
warning: error: unable to download '../all-cabal-hashes/pms-domain-service/0.0.3.0/pms-domain-service.cabal': Could not resolve hostname (6) Could not resolve host: ..; retrying in 1161 ms
warning: error: unable to download '../all-cabal-hashes/pms-domain-service/0.0.3.0/pms-domain-service.cabal': Could not resolve hostname (6) Could not resolve host: ..; retrying in 2819 ms
error: unable to download '../all-cabal-hashes/pms-domain-service/0.0.3.0/pms-domain-service.cabal': Could not resolve hostname (6) Could not resolve host: ..
$ nix-prefetch-url --unpack ../all-cabal-hashes/pms-domain-service/0.0.3.0/pms-domain-service.cabal
warning: error: unable to download '../all-cabal-hashes/pms-domain-service/0.0.3.0/pms-domain-service.cabal': Could not resolve hostname (6) Could not resolve host: ..; retrying in 285 ms
warning: error: unable to download '../all-cabal-hashes/pms-domain-service/0.0.3.0/pms-domain-service.cabal': Could not resolve hostname (6) Could not resolve host: ..; retrying in 558 ms
warning: error: unable to download '../all-cabal-hashes/pms-domain-service/0.0.3.0/pms-domain-service.cabal': Could not resolve hostname (6) Could not resolve host: ..; retrying in 1028 ms
warning: error: unable to download '../all-cabal-hashes/pms-domain-service/0.0.3.0/pms-domain-service.cabal': Could not resolve hostname (6) Could not resolve host: ..; retrying in 2209 ms
error: unable to download '../all-cabal-hashes/pms-domain-service/0.0.3.0/pms-domain-service.cabal': Could not resolve hostname (6) Could not resolve host: ..
** need a revision for VCS when the hash is given. skipping.
** need a revision for VCS when the hash is given. skipping.
** need a revision for VCS when the hash is given. skipping.
** need a revision for VCS when the hash is given. skipping.
cabal2nix: user error (Failed to fetch source. Does this source exist? Source {sourceUrl = "../all-cabal-hashes/pms-domain-service/0.0.3.0/pms-domain-service.cabal", sourceRevision = "", sourceHash = Guess "b60c22f0dd0b9ff42930e15d3d605a98b288f35ea10c10485d06fe76234e7676", sourceCabalDir = ""})


failed when running cabal2nix on ../all-cabal-hashes/pms-domain-service/0.0.4.0/pms-domain-service.cabal.  Error output from cabal2nix: 
$ nix-prefetch-url --unpack file:///home/runner/work/all-cabal-nixes/all-cabal-hashes/pms-domain-service/0.0.4.0/pms-domain-service.cabal
error: failed to open archive: Unrecognized archive format
$ nix-prefetch-url ../all-cabal-hashes/pms-domain-service/0.0.4.0/pms-domain-service.cabal
warning: error: unable to download '../all-cabal-hashes/pms-domain-service/0.0.4.0/pms-domain-service.cabal': Could not resolve hostname (6) Could not resolve host: ..; retrying in 251 ms
warning: error: unable to download '../all-cabal-hashes/pms-domain-service/0.0.4.0/pms-domain-service.cabal': Could not resolve hostname (6) Could not resolve host: ..; retrying in 527 ms
warning: error: unable to download '../all-cabal-hashes/pms-domain-service/0.0.4.0/pms-domain-service.cabal': Could not resolve hostname (6) Could not resolve host: ..; retrying in 1325 ms
warning: error: unable to download '../all-cabal-hashes/pms-domain-service/0.0.4.0/pms-domain-service.cabal': Could not resolve hostname (6) Could not resolve host: ..; retrying in 2118 ms
error: unable to download '../all-cabal-hashes/pms-domain-service/0.0.4.0/pms-domain-service.cabal': Could not resolve hostname (6) Could not resolve host: ..
$ nix-prefetch-url --unpack ../all-cabal-hashes/pms-domain-service/0.0.4.0/pms-domain-service.cabal
warning: error: unable to download '../all-cabal-hashes/pms-domain-service/0.0.4.0/pms-domain-service.cabal': Could not resolve hostname (6) Could not resolve host: ..; retrying in 252 ms
warning: error: unable to download '../all-cabal-hashes/pms-domain-service/0.0.4.0/pms-domain-service.cabal': Could not resolve hostname (6) Could not resolve host: ..; retrying in 507 ms
warning: error: unable to download '../all-cabal-hashes/pms-domain-service/0.0.4.0/pms-domain-service.cabal': Could not resolve hostname (6) Could not resolve host: ..; retrying in 1103 ms
warning: error: unable to download '../all-cabal-hashes/pms-domain-service/0.0.4.0/pms-domain-service.cabal': Could not resolve hostname (6) Could not resolve host: ..; retrying in 2755 ms
error: unable to download '../all-cabal-hashes/pms-domain-service/0.0.4.0/pms-domain-service.cabal': Could not resolve hostname (6) Could not resolve host: ..
** need a revision for VCS when the hash is given. skipping.
** need a revision for VCS when the hash is given. skipping.
** need a revision for VCS when the hash is given. skipping.
** need a revision for VCS when the hash is given. skipping.
cabal2nix: user error (Failed to fetch source. Does this source exist? Source {sourceUrl = "../all-cabal-hashes/pms-domain-service/0.0.4.0/pms-domain-service.cabal", sourceRevision = "", sourceHash = Guess "d61333aff1cf8e783ad7f9a59d4ff61ea63bd153506a4366dcfe590173636aaa", sourceCabalDir = ""})


failed when running cabal2nix on ../all-cabal-hashes/pms-infra-cmdrun/0.0.1.0/pms-infra-cmdrun.cabal.  Error output from cabal2nix: 
$ nix-prefetch-url --unpack file:///home/runner/work/all-cabal-nixes/all-cabal-hashes/pms-infra-cmdrun/0.0.1.0/pms-infra-cmdrun.cabal
error: failed to open archive: Unrecognized archive format
$ nix-prefetch-url ../all-cabal-hashes/pms-infra-cmdrun/0.0.1.0/pms-infra-cmdrun.cabal
warning: error: unable to download '../all-cabal-hashes/pms-infra-cmdrun/0.0.1.0/pms-infra-cmdrun.cabal': Could not resolve hostname (6) Could not resolve host: ..; retrying in 347 ms
warning: error: unable to download '../all-cabal-hashes/pms-infra-cmdrun/0.0.1.0/pms-infra-cmdrun.cabal': Could not resolve hostname (6) Could not resolve host: ..; retrying in 646 ms
warning: error: unable to download '../all-cabal-hashes/pms-infra-cmdrun/0.0.1.0/pms-infra-cmdrun.cabal': Could not resolve hostname (6) Could not resolve host: ..; retrying in 1342 ms
warning: error: unable to download '../all-cabal-hashes/pms-infra-cmdrun/0.0.1.0/pms-infra-cmdrun.cabal': Could not resolve hostname (6) Could not resolve host: ..; retrying in 2188 ms
error: unable to download '../all-cabal-hashes/pms-infra-cmdrun/0.0.1.0/pms-infra-cmdrun.cabal': Could not resolve hostname (6) Could not resolve host: ..
$ nix-prefetch-url --unpack ../all-cabal-hashes/pms-infra-cmdrun/0.0.1.0/pms-infra-cmdrun.cabal
warning: error: unable to download '../all-cabal-hashes/pms-infra-cmdrun/0.0.1.0/pms-infra-cmdrun.cabal': Could not resolve hostname (6) Could not resolve host: ..; retrying in 304 ms
warning: error: unable to download '../all-cabal-hashes/pms-infra-cmdrun/0.0.1.0/pms-infra-cmdrun.cabal': Could not resolve hostname (6) Could not resolve host: ..; retrying in 592 ms
warning: error: unable to download '../all-cabal-hashes/pms-infra-cmdrun/0.0.1.0/pms-infra-cmdrun.cabal': Could not resolve hostname (6) Could not resolve host: ..; retrying in 1174 ms
warning: error: unable to download '../all-cabal-hashes/pms-infra-cmdrun/0.0.1.0/pms-infra-cmdrun.cabal': Could not resolve hostname (6) Could not resolve host: ..; retrying in 2748 ms
error: unable to download '../all-cabal-hashes/pms-infra-cmdrun/0.0.1.0/pms-infra-cmdrun.cabal': Could not resolve hostname (6) Could not resolve host: ..
** need a revision for VCS when the hash is given. skipping.
** need a revision for VCS when the hash is given. skipping.
** need a revision for VCS when the hash is given. skipping.
** need a revision for VCS when the hash is given. skipping.
cabal2nix: user error (Failed to fetch source. Does this source exist? Source {sourceUrl = "../all-cabal-hashes/pms-infra-cmdrun/0.0.1.0/pms-infra-cmdrun.cabal", sourceRevision = "", sourceHash = Guess "db88b354a35d86a087338c4d082f3c04b55446725d6a0524223fc3a68e1fae9b", sourceCabalDir = ""})


failed when running cabal2nix on ../all-cabal-hashes/pms-infra-cmdrun/0.0.2.0/pms-infra-cmdrun.cabal.  Error output from cabal2nix: 
$ nix-prefetch-url --unpack file:///home/runner/work/all-cabal-nixes/all-cabal-hashes/pms-infra-cmdrun/0.0.2.0/pms-infra-cmdrun.cabal
error: failed to open archive: Unrecognized archive format
$ nix-prefetch-url ../all-cabal-hashes/pms-infra-cmdrun/0.0.2.0/pms-infra-cmdrun.cabal
warning: error: unable to download '../all-cabal-hashes/pms-infra-cmdrun/0.0.2.0/pms-infra-cmdrun.cabal': Could not resolve hostname (6) Could not resolve host: ..; retrying in 297 ms
warning: error: unable to download '../all-cabal-hashes/pms-infra-cmdrun/0.0.2.0/pms-infra-cmdrun.cabal': Could not resolve hostname (6) Could not resolve host: ..; retrying in 537 ms
warning: error: unable to download '../all-cabal-hashes/pms-infra-cmdrun/0.0.2.0/pms-infra-cmdrun.cabal': Could not resolve hostname (6) Could not resolve host: ..; retrying in 1143 ms
warning: error: unable to download '../all-cabal-hashes/pms-infra-cmdrun/0.0.2.0/pms-infra-cmdrun.cabal': Could not resolve hostname (6) Could not resolve host: ..; retrying in 2600 ms
error: unable to download '../all-cabal-hashes/pms-infra-cmdrun/0.0.2.0/pms-infra-cmdrun.cabal': Could not resolve hostname (6) Could not resolve host: ..
$ nix-prefetch-url --unpack ../all-cabal-hashes/pms-infra-cmdrun/0.0.2.0/pms-infra-cmdrun.cabal
warning: error: unable to download '../all-cabal-hashes/pms-infra-cmdrun/0.0.2.0/pms-infra-cmdrun.cabal': Could not resolve hostname (6) Could not resolve host: ..; retrying in 293 ms
warning: error: unable to download '../all-cabal-hashes/pms-infra-cmdrun/0.0.2.0/pms-infra-cmdrun.cabal': Could not resolve hostname (6) Could not resolve host: ..; retrying in 560 ms
warning: error: unable to download '../all-cabal-hashes/pms-infra-cmdrun/0.0.2.0/pms-infra-cmdrun.cabal': Could not resolve hostname (6) Could not resolve host: ..; retrying in 1316 ms
warning: error: unable to download '../all-cabal-hashes/pms-infra-cmdrun/0.0.2.0/pms-infra-cmdrun.cabal': Could not resolve hostname (6) Could not resolve host: ..; retrying in 2721 ms
error: unable to download '../all-cabal-hashes/pms-infra-cmdrun/0.0.2.0/pms-infra-cmdrun.cabal': Could not resolve hostname (6) Could not resolve host: ..
** need a revision for VCS when the hash is given. skipping.
** need a revision for VCS when the hash is given. skipping.
** need a revision for VCS when the hash is given. skipping.
** need a revision for VCS when the hash is given. skipping.
cabal2nix: user error (Failed to fetch source. Does this source exist? Source {sourceUrl = "../all-cabal-hashes/pms-infra-cmdrun/0.0.2.0/pms-infra-cmdrun.cabal", sourceRevision = "", sourceHash = Guess "fe3fdf605125476238164638c17b1496ae1bf162f6b898889e04d45822839230", sourceCabalDir = ""})


failed when running cabal2nix on ../all-cabal-hashes/pms-infra-procspawn/0.0.1.0/pms-infra-procspawn.cabal.  Error output from cabal2nix: 
$ nix-prefetch-url --unpack file:///home/runner/work/all-cabal-nixes/all-cabal-hashes/pms-infra-procspawn/0.0.1.0/pms-infra-procspawn.cabal
error: failed to open archive: Unrecognized archive format
$ nix-prefetch-url ../all-cabal-hashes/pms-infra-procspawn/0.0.1.0/pms-infra-procspawn.cabal
warning: error: unable to download '../all-cabal-hashes/pms-infra-procspawn/0.0.1.0/pms-infra-procspawn.cabal': Could not resolve hostname (6) Could not resolve host: ..; retrying in 251 ms
warning: error: unable to download '../all-cabal-hashes/pms-infra-procspawn/0.0.1.0/pms-infra-procspawn.cabal': Could not resolve hostname (6) Could not resolve host: ..; retrying in 563 ms
warning: error: unable to download '../all-cabal-hashes/pms-infra-procspawn/0.0.1.0/pms-infra-procspawn.cabal': Could not resolve hostname (6) Could not resolve host: ..; retrying in 1315 ms
warning: error: unable to download '../all-cabal-hashes/pms-infra-procspawn/0.0.1.0/pms-infra-procspawn.cabal': Could not resolve hostname (6) Could not resolve host: ..; retrying in 2483 ms
error: unable to download '../all-cabal-hashes/pms-infra-procspawn/0.0.1.0/pms-infra-procspawn.cabal': Could not resolve hostname (6) Could not resolve host: ..
$ nix-prefetch-url --unpack ../all-cabal-hashes/pms-infra-procspawn/0.0.1.0/pms-infra-procspawn.cabal
warning: error: unable to download '../all-cabal-hashes/pms-infra-procspawn/0.0.1.0/pms-infra-procspawn.cabal': Could not resolve hostname (6) Could not resolve host: ..; retrying in 341 ms
warning: error: unable to download '../all-cabal-hashes/pms-infra-procspawn/0.0.1.0/pms-infra-procspawn.cabal': Could not resolve hostname (6) Could not resolve host: ..; retrying in 514 ms
warning: error: unable to download '../all-cabal-hashes/pms-infra-procspawn/0.0.1.0/pms-infra-procspawn.cabal': Could not resolve hostname (6) Could not resolve host: ..; retrying in 1311 ms
warning: error: unable to download '../all-cabal-hashes/pms-infra-procspawn/0.0.1.0/pms-infra-procspawn.cabal': Could not resolve hostname (6) Could not resolve host: ..; retrying in 2283 ms
error: unable to download '../all-cabal-hashes/pms-infra-procspawn/0.0.1.0/pms-infra-procspawn.cabal': Could not resolve hostname (6) Could not resolve host: ..
** need a revision for VCS when the hash is given. skipping.
** need a revision for VCS when the hash is given. skipping.
** need a revision for VCS when the hash is given. skipping.
** need a revision for VCS when the hash is given. skipping.
cabal2nix: user error (Failed to fetch source. Does this source exist? Source {sourceUrl = "../all-cabal-hashes/pms-infra-procspawn/0.0.1.0/pms-infra-procspawn.cabal", sourceRevision = "", sourceHash = Guess "0289dc56c414375faa4d3c694eed16d5e2ac75b599679fe605746b011128e0f1", sourceCabalDir = ""})


failed when running cabal2nix on ../all-cabal-hashes/pms-infra-socket/0.0.1.0/pms-infra-socket.cabal.  Error output from cabal2nix: 
$ nix-prefetch-url --unpack file:///home/runner/work/all-cabal-nixes/all-cabal-hashes/pms-infra-socket/0.0.1.0/pms-infra-socket.cabal
error: failed to open archive: Unrecognized archive format
$ nix-prefetch-url ../all-cabal-hashes/pms-infra-socket/0.0.1.0/pms-infra-socket.cabal
warning: error: unable to download '../all-cabal-hashes/pms-infra-socket/0.0.1.0/pms-infra-socket.cabal': Could not resolve hostname (6) Could not resolve host: ..; retrying in 329 ms
warning: error: unable to download '../all-cabal-hashes/pms-infra-socket/0.0.1.0/pms-infra-socket.cabal': Could not resolve hostname (6) Could not resolve host: ..; retrying in 530 ms
warning: error: unable to download '../all-cabal-hashes/pms-infra-socket/0.0.1.0/pms-infra-socket.cabal': Could not resolve hostname (6) Could not resolve host: ..; retrying in 1227 ms
warning: error: unable to download '../all-cabal-hashes/pms-infra-socket/0.0.1.0/pms-infra-socket.cabal': Could not resolve hostname (6) Could not resolve host: ..; retrying in 2741 ms
error: unable to download '../all-cabal-hashes/pms-infra-socket/0.0.1.0/pms-infra-socket.cabal': Could not resolve hostname (6) Could not resolve host: ..
$ nix-prefetch-url --unpack ../all-cabal-hashes/pms-infra-socket/0.0.1.0/pms-infra-socket.cabal
warning: error: unable to download '../all-cabal-hashes/pms-infra-socket/0.0.1.0/pms-infra-socket.cabal': Could not resolve hostname (6) Could not resolve host: ..; retrying in 320 ms
warning: error: unable to download '../all-cabal-hashes/pms-infra-socket/0.0.1.0/pms-infra-socket.cabal': Could not resolve hostname (6) Could not resolve host: ..; retrying in 605 ms
warning: error: unable to download '../all-cabal-hashes/pms-infra-socket/0.0.1.0/pms-infra-socket.cabal': Could not resolve hostname (6) Could not resolve host: ..; retrying in 1189 ms
warning: error: unable to download '../all-cabal-hashes/pms-infra-socket/0.0.1.0/pms-infra-socket.cabal': Could not resolve hostname (6) Could not resolve host: ..; retrying in 2221 ms
error: unable to download '../all-cabal-hashes/pms-infra-socket/0.0.1.0/pms-infra-socket.cabal': Could not resolve hostname (6) Could not resolve host: ..
** need a revision for VCS when the hash is given. skipping.
** need a revision for VCS when the hash is given. skipping.
** need a revision for VCS when the hash is given. skipping.
** need a revision for VCS when the hash is given. skipping.
cabal2nix: user error (Failed to fetch source. Does this source exist? Source {sourceUrl = "../all-cabal-hashes/pms-infra-socket/0.0.1.0/pms-infra-socket.cabal", sourceRevision = "", sourceHash = Guess "25e60ca1625e72035a1da0ed7fec180fe5ec69e66778d9449904301e34473f06", sourceCabalDir = ""})


failed when running cabal2nix on ../all-cabal-hashes/pms-infra-watch/0.0.1.0/pms-infra-watch.cabal.  Error output from cabal2nix: 
$ nix-prefetch-url --unpack file:///home/runner/work/all-cabal-nixes/all-cabal-hashes/pms-infra-watch/0.0.1.0/pms-infra-watch.cabal
error: failed to open archive: Unrecognized archive format
$ nix-prefetch-url ../all-cabal-hashes/pms-infra-watch/0.0.1.0/pms-infra-watch.cabal
warning: error: unable to download '../all-cabal-hashes/pms-infra-watch/0.0.1.0/pms-infra-watch.cabal': Could not resolve hostname (6) Could not resolve host: ..; retrying in 306 ms
warning: error: unable to download '../all-cabal-hashes/pms-infra-watch/0.0.1.0/pms-infra-watch.cabal': Could not resolve hostname (6) Could not resolve host: ..; retrying in 522 ms
warning: error: unable to download '../all-cabal-hashes/pms-infra-watch/0.0.1.0/pms-infra-watch.cabal': Could not resolve hostname (6) Could not resolve host: ..; retrying in 1219 ms
warning: error: unable to download '../all-cabal-hashes/pms-infra-watch/0.0.1.0/pms-infra-watch.cabal': Could not resolve hostname (6) Could not resolve host: ..; retrying in 2728 ms
error: unable to download '../all-cabal-hashes/pms-infra-watch/0.0.1.0/pms-infra-watch.cabal': Could not resolve hostname (6) Could not resolve host: ..
$ nix-prefetch-url --unpack ../all-cabal-hashes/pms-infra-watch/0.0.1.0/pms-infra-watch.cabal
warning: error: unable to download '../all-cabal-hashes/pms-infra-watch/0.0.1.0/pms-infra-watch.cabal': Could not resolve hostname (6) Could not resolve host: ..; retrying in 268 ms
warning: error: unable to download '../all-cabal-hashes/pms-infra-watch/0.0.1.0/pms-infra-watch.cabal': Could not resolve hostname (6) Could not resolve host: ..; retrying in 690 ms
warning: error: unable to download '../all-cabal-hashes/pms-infra-watch/0.0.1.0/pms-infra-watch.cabal': Could not resolve hostname (6) Could not resolve host: ..; retrying in 1148 ms
warning: error: unable to download '../all-cabal-hashes/pms-infra-watch/0.0.1.0/pms-infra-watch.cabal': Could not resolve hostname (6) Could not resolve host: ..; retrying in 2435 ms
error: unable to download '../all-cabal-hashes/pms-infra-watch/0.0.1.0/pms-infra-watch.cabal': Could not resolve hostname (6) Could not resolve host: ..
** need a revision for VCS when the hash is given. skipping.
** need a revision for VCS when the hash is given. skipping.
** need a revision for VCS when the hash is given. skipping.
** need a revision for VCS when the hash is given. skipping.
cabal2nix: user error (Failed to fetch source. Does this source exist? Source {sourceUrl = "../all-cabal-hashes/pms-infra-watch/0.0.1.0/pms-infra-watch.cabal", sourceRevision = "", sourceHash = Guess "5b532f2727789f7ac08e83dc5dc1b3948e9bdefe0b05e5bedb99e9f1941e13bf", sourceCabalDir = ""})


failed when running cabal2nix on ../all-cabal-hashes/pms-infra-watch/0.0.2.0/pms-infra-watch.cabal.  Error output from cabal2nix: 
$ nix-prefetch-url --unpack file:///home/runner/work/all-cabal-nixes/all-cabal-hashes/pms-infra-watch/0.0.2.0/pms-infra-watch.cabal
error: failed to open archive: Unrecognized archive format
$ nix-prefetch-url ../all-cabal-hashes/pms-infra-watch/0.0.2.0/pms-infra-watch.cabal
warning: error: unable to download '../all-cabal-hashes/pms-infra-watch/0.0.2.0/pms-infra-watch.cabal': Could not resolve hostname (6) Could not resolve host: ..; retrying in 290 ms
warning: error: unable to download '../all-cabal-hashes/pms-infra-watch/0.0.2.0/pms-infra-watch.cabal': Could not resolve hostname (6) Could not resolve host: ..; retrying in 699 ms
warning: error: unable to download '../all-cabal-hashes/pms-infra-watch/0.0.2.0/pms-infra-watch.cabal': Could not resolve hostname (6) Could not resolve host: ..; retrying in 1218 ms
warning: error: unable to download '../all-cabal-hashes/pms-infra-watch/0.0.2.0/pms-infra-watch.cabal': Could not resolve hostname (6) Could not resolve host: ..; retrying in 2664 ms
error: unable to download '../all-cabal-hashes/pms-infra-watch/0.0.2.0/pms-infra-watch.cabal': Could not resolve hostname (6) Could not resolve host: ..
$ nix-prefetch-url --unpack ../all-cabal-hashes/pms-infra-watch/0.0.2.0/pms-infra-watch.cabal
warning: error: unable to download '../all-cabal-hashes/pms-infra-watch/0.0.2.0/pms-infra-watch.cabal': Could not resolve hostname (6) Could not resolve host: ..; retrying in 344 ms
warning: error: unable to download '../all-cabal-hashes/pms-infra-watch/0.0.2.0/pms-infra-watch.cabal': Could not resolve hostname (6) Could not resolve host: ..; retrying in 551 ms
warning: error: unable to download '../all-cabal-hashes/pms-infra-watch/0.0.2.0/pms-infra-watch.cabal': Could not resolve hostname (6) Could not resolve host: ..; retrying in 1218 ms
warning: error: unable to download '../all-cabal-hashes/pms-infra-watch/0.0.2.0/pms-infra-watch.cabal': Could not resolve hostname (6) Could not resolve host: ..; retrying in 2338 ms
error: unable to download '../all-cabal-hashes/pms-infra-watch/0.0.2.0/pms-infra-watch.cabal': Could not resolve hostname (6) Could not resolve host: ..
** need a revision for VCS when the hash is given. skipping.
** need a revision for VCS when the hash is given. skipping.
** need a revision for VCS when the hash is given. skipping.
** need a revision for VCS when the hash is given. skipping.
cabal2nix: user error (Failed to fetch source. Does this source exist? Source {sourceUrl = "../all-cabal-hashes/pms-infra-watch/0.0.2.0/pms-infra-watch.cabal", sourceRevision = "", sourceHash = Guess "87a0e7a41040f714105244635a985de07bc0fd9293ba4a58a7fcbd11da445a47", sourceCabalDir = ""})


failed when running cabal2nix on ../all-cabal-hashes/pms-infra-watch/0.0.3.0/pms-infra-watch.cabal.  Error output from cabal2nix: 
$ nix-prefetch-url --unpack file:///home/runner/work/all-cabal-nixes/all-cabal-hashes/pms-infra-watch/0.0.3.0/pms-infra-watch.cabal
error: failed to open archive: Unrecognized archive format
$ nix-prefetch-url ../all-cabal-hashes/pms-infra-watch/0.0.3.0/pms-infra-watch.cabal
warning: error: unable to download '../all-cabal-hashes/pms-infra-watch/0.0.3.0/pms-infra-watch.cabal': Could not resolve hostname (6) Could not resolve host: ..; retrying in 324 ms
warning: error: unable to download '../all-cabal-hashes/pms-infra-watch/0.0.3.0/pms-infra-watch.cabal': Could not resolve hostname (6) Could not resolve host: ..; retrying in 593 ms
warning: error: unable to download '../all-cabal-hashes/pms-infra-watch/0.0.3.0/pms-infra-watch.cabal': Could not resolve hostname (6) Could not resolve host: ..; retrying in 1096 ms
warning: error: unable to download '../all-cabal-hashes/pms-infra-watch/0.0.3.0/pms-infra-watch.cabal': Could not resolve hostname (6) Could not resolve host: ..; retrying in 2766 ms
error: unable to download '../all-cabal-hashes/pms-infra-watch/0.0.3.0/pms-infra-watch.cabal': Could not resolve hostname (6) Could not resolve host: ..
$ nix-prefetch-url --unpack ../all-cabal-hashes/pms-infra-watch/0.0.3.0/pms-infra-watch.cabal
warning: error: unable to download '../all-cabal-hashes/pms-infra-watch/0.0.3.0/pms-infra-watch.cabal': Could not resolve hostname (6) Could not resolve host: ..; retrying in 284 ms
warning: error: unable to download '../all-cabal-hashes/pms-infra-watch/0.0.3.0/pms-infra-watch.cabal': Could not resolve hostname (6) Could not resolve host: ..; retrying in 677 ms
warning: error: unable to download '../all-cabal-hashes/pms-infra-watch/0.0.3.0/pms-infra-watch.cabal': Could not resolve hostname (6) Could not resolve host: ..; retrying in 1333 ms
warning: error: unable to download '../all-cabal-hashes/pms-infra-watch/0.0.3.0/pms-infra-watch.cabal': Could not resolve hostname (6) Could not resolve host: ..; retrying in 2084 ms
error: unable to download '../all-cabal-hashes/pms-infra-watch/0.0.3.0/pms-infra-watch.cabal': Could not resolve hostname (6) Could not resolve host: ..
** need a revision for VCS when the hash is given. skipping.
** need a revision for VCS when the hash is given. skipping.
** need a revision for VCS when the hash is given. skipping.
** need a revision for VCS when the hash is given. skipping.
cabal2nix: user error (Failed to fetch source. Does this source exist? Source {sourceUrl = "../all-cabal-hashes/pms-infra-watch/0.0.3.0/pms-infra-watch.cabal", sourceRevision = "", sourceHash = Guess "fdf66bedc43691757315ebbd9bcdad31294fc1e3e00e6d62def7dce47af39153", sourceCabalDir = ""})


failed when running cabal2nix on ../all-cabal-hashes/pms-infrastructure/0.0.1.0/pms-infrastructure.cabal.  Error output from cabal2nix: 
$ nix-prefetch-url --unpack file:///home/runner/work/all-cabal-nixes/all-cabal-hashes/pms-infrastructure/0.0.1.0/pms-infrastructure.cabal
error: failed to open archive: Unrecognized archive format
$ nix-prefetch-url ../all-cabal-hashes/pms-infrastructure/0.0.1.0/pms-infrastructure.cabal
warning: error: unable to download '../all-cabal-hashes/pms-infrastructure/0.0.1.0/pms-infrastructure.cabal': Could not resolve hostname (6) Could not resolve host: ..; retrying in 263 ms
warning: error: unable to download '../all-cabal-hashes/pms-infrastructure/0.0.1.0/pms-infrastructure.cabal': Could not resolve hostname (6) Could not resolve host: ..; retrying in 615 ms
warning: error: unable to download '../all-cabal-hashes/pms-infrastructure/0.0.1.0/pms-infrastructure.cabal': Could not resolve hostname (6) Could not resolve host: ..; retrying in 1281 ms
warning: error: unable to download '../all-cabal-hashes/pms-infrastructure/0.0.1.0/pms-infrastructure.cabal': Could not resolve hostname (6) Could not resolve host: ..; retrying in 2559 ms
error: unable to download '../all-cabal-hashes/pms-infrastructure/0.0.1.0/pms-infrastructure.cabal': Could not resolve hostname (6) Could not resolve host: ..
$ nix-prefetch-url --unpack ../all-cabal-hashes/pms-infrastructure/0.0.1.0/pms-infrastructure.cabal
warning: error: unable to download '../all-cabal-hashes/pms-infrastructure/0.0.1.0/pms-infrastructure.cabal': Could not resolve hostname (6) Could not resolve host: ..; retrying in 277 ms
warning: error: unable to download '../all-cabal-hashes/pms-infrastructure/0.0.1.0/pms-infrastructure.cabal': Could not resolve hostname (6) Could not resolve host: ..; retrying in 523 ms
warning: error: unable to download '../all-cabal-hashes/pms-infrastructure/0.0.1.0/pms-infrastructure.cabal': Could not resolve hostname (6) Could not resolve host: ..; retrying in 1139 ms
warning: error: unable to download '../all-cabal-hashes/pms-infrastructure/0.0.1.0/pms-infrastructure.cabal': Could not resolve hostname (6) Could not resolve host: ..; retrying in 2183 ms
error: unable to download '../all-cabal-hashes/pms-infrastructure/0.0.1.0/pms-infrastructure.cabal': Could not resolve hostname (6) Could not resolve host: ..
** need a revision for VCS when the hash is given. skipping.
** need a revision for VCS when the hash is given. skipping.
** need a revision for VCS when the hash is given. skipping.
** need a revision for VCS when the hash is given. skipping.
cabal2nix: user error (Failed to fetch source. Does this source exist? Source {sourceUrl = "../all-cabal-hashes/pms-infrastructure/0.0.1.0/pms-infrastructure.cabal", sourceRevision = "", sourceHash = Guess "bb196b9c6298526af8de4fba7df5c3f8bfa926da581272225eaf3c2e94b4c550", sourceCabalDir = ""})


failed when running cabal2nix on ../all-cabal-hashes/pms-infrastructure/0.0.2.0/pms-infrastructure.cabal.  Error output from cabal2nix: 
$ nix-prefetch-url --unpack file:///home/runner/work/all-cabal-nixes/all-cabal-hashes/pms-infrastructure/0.0.2.0/pms-infrastructure.cabal
error: failed to open archive: Unrecognized archive format
$ nix-prefetch-url ../all-cabal-hashes/pms-infrastructure/0.0.2.0/pms-infrastructure.cabal
warning: error: unable to download '../all-cabal-hashes/pms-infrastructure/0.0.2.0/pms-infrastructure.cabal': Could not resolve hostname (6) Could not resolve host: ..; retrying in 271 ms
warning: error: unable to download '../all-cabal-hashes/pms-infrastructure/0.0.2.0/pms-infrastructure.cabal': Could not resolve hostname (6) Could not resolve host: ..; retrying in 694 ms
warning: error: unable to download '../all-cabal-hashes/pms-infrastructure/0.0.2.0/pms-infrastructure.cabal': Could not resolve hostname (6) Could not resolve host: ..; retrying in 1208 ms
warning: error: unable to download '../all-cabal-hashes/pms-infrastructure/0.0.2.0/pms-infrastructure.cabal': Could not resolve hostname (6) Could not resolve host: ..; retrying in 2545 ms
error: unable to download '../all-cabal-hashes/pms-infrastructure/0.0.2.0/pms-infrastructure.cabal': Could not resolve hostname (6) Could not resolve host: ..
$ nix-prefetch-url --unpack ../all-cabal-hashes/pms-infrastructure/0.0.2.0/pms-infrastructure.cabal
warning: error: unable to download '../all-cabal-hashes/pms-infrastructure/0.0.2.0/pms-infrastructure.cabal': Could not resolve hostname (6) Could not resolve host: ..; retrying in 286 ms
warning: error: unable to download '../all-cabal-hashes/pms-infrastructure/0.0.2.0/pms-infrastructure.cabal': Could not resolve hostname (6) Could not resolve host: ..; retrying in 560 ms
warning: error: unable to download '../all-cabal-hashes/pms-infrastructure/0.0.2.0/pms-infrastructure.cabal': Could not resolve hostname (6) Could not resolve host: ..; retrying in 1240 ms
warning: error: unable to download '../all-cabal-hashes/pms-infrastructure/0.0.2.0/pms-infrastructure.cabal': Could not resolve hostname (6) Could not resolve host: ..; retrying in 2709 ms
error: unable to download '../all-cabal-hashes/pms-infrastructure/0.0.2.0/pms-infrastructure.cabal': Could not resolve hostname (6) Could not resolve host: ..
** need a revision for VCS when the hash is given. skipping.
** need a revision for VCS when the hash is given. skipping.
** need a revision for VCS when the hash is given. skipping.
** need a revision for VCS when the hash is given. skipping.
cabal2nix: user error (Failed to fetch source. Does this source exist? Source {sourceUrl = "../all-cabal-hashes/pms-infrastructure/0.0.2.0/pms-infrastructure.cabal", sourceRevision = "", sourceHash = Guess "1d55e06e288a7dd6cad40cbaf4ab53e50e44a605ef2015e75f83984d29bf406d", sourceCabalDir = ""})


failed when running cabal2nix on ../all-cabal-hashes/pms-infrastructure/0.0.3.0/pms-infrastructure.cabal.  Error output from cabal2nix: 
$ nix-prefetch-url --unpack file:///home/runner/work/all-cabal-nixes/all-cabal-hashes/pms-infrastructure/0.0.3.0/pms-infrastructure.cabal
error: failed to open archive: Unrecognized archive format
$ nix-prefetch-url ../all-cabal-hashes/pms-infrastructure/0.0.3.0/pms-infrastructure.cabal
warning: error: unable to download '../all-cabal-hashes/pms-infrastructure/0.0.3.0/pms-infrastructure.cabal': Could not resolve hostname (6) Could not resolve host: ..; retrying in 336 ms
warning: error: unable to download '../all-cabal-hashes/pms-infrastructure/0.0.3.0/pms-infrastructure.cabal': Could not resolve hostname (6) Could not resolve host: ..; retrying in 502 ms
warning: error: unable to download '../all-cabal-hashes/pms-infrastructure/0.0.3.0/pms-infrastructure.cabal': Could not resolve hostname (6) Could not resolve host: ..; retrying in 1122 ms
warning: error: unable to download '../all-cabal-hashes/pms-infrastructure/0.0.3.0/pms-infrastructure.cabal': Could not resolve hostname (6) Could not resolve host: ..; retrying in 2431 ms
error: unable to download '../all-cabal-hashes/pms-infrastructure/0.0.3.0/pms-infrastructure.cabal': Could not resolve hostname (6) Could not resolve host: ..
$ nix-prefetch-url --unpack ../all-cabal-hashes/pms-infrastructure/0.0.3.0/pms-infrastructure.cabal
warning: error: unable to download '../all-cabal-hashes/pms-infrastructure/0.0.3.0/pms-infrastructure.cabal': Could not resolve hostname (6) Could not resolve host: ..; retrying in 287 ms
warning: error: unable to download '../all-cabal-hashes/pms-infrastructure/0.0.3.0/pms-infrastructure.cabal': Could not resolve hostname (6) Could not resolve host: ..; retrying in 678 ms
warning: error: unable to download '../all-cabal-hashes/pms-infrastructure/0.0.3.0/pms-infrastructure.cabal': Could not resolve hostname (6) Could not resolve host: ..; retrying in 1310 ms
warning: error: unable to download '../all-cabal-hashes/pms-infrastructure/0.0.3.0/pms-infrastructure.cabal': Could not resolve hostname (6) Could not resolve host: ..; retrying in 2651 ms
error: unable to download '../all-cabal-hashes/pms-infrastructure/0.0.3.0/pms-infrastructure.cabal': Could not resolve hostname (6) Could not resolve host: ..
** need a revision for VCS when the hash is given. skipping.
** need a revision for VCS when the hash is given. skipping.
** need a revision for VCS when the hash is given. skipping.
** need a revision for VCS when the hash is given. skipping.
cabal2nix: user error (Failed to fetch source. Does this source exist? Source {sourceUrl = "../all-cabal-hashes/pms-infrastructure/0.0.3.0/pms-infrastructure.cabal", sourceRevision = "", sourceHash = Guess "0c85c6b9a631edd0626b1360dda06b2b5120466859199224fe997c54c9e33955", sourceCabalDir = ""})


failed when running cabal2nix on ../all-cabal-hashes/pms-infrastructure/0.0.4.0/pms-infrastructure.cabal.  Error output from cabal2nix: 
$ nix-prefetch-url --unpack file:///home/runner/work/all-cabal-nixes/all-cabal-hashes/pms-infrastructure/0.0.4.0/pms-infrastructure.cabal
error: failed to open archive: Unrecognized archive format
$ nix-prefetch-url ../all-cabal-hashes/pms-infrastructure/0.0.4.0/pms-infrastructure.cabal
warning: error: unable to download '../all-cabal-hashes/pms-infrastructure/0.0.4.0/pms-infrastructure.cabal': Could not resolve hostname (6) Could not resolve host: ..; retrying in 277 ms
warning: error: unable to download '../all-cabal-hashes/pms-infrastructure/0.0.4.0/pms-infrastructure.cabal': Could not resolve hostname (6) Could not resolve host: ..; retrying in 582 ms
warning: error: unable to download '../all-cabal-hashes/pms-infrastructure/0.0.4.0/pms-infrastructure.cabal': Could not resolve hostname (6) Could not resolve host: ..; retrying in 1309 ms
warning: error: unable to download '../all-cabal-hashes/pms-infrastructure/0.0.4.0/pms-infrastructure.cabal': Could not resolve hostname (6) Could not resolve host: ..; retrying in 2051 ms
error: unable to download '../all-cabal-hashes/pms-infrastructure/0.0.4.0/pms-infrastructure.cabal': Could not resolve hostname (6) Could not resolve host: ..
$ nix-prefetch-url --unpack ../all-cabal-hashes/pms-infrastructure/0.0.4.0/pms-infrastructure.cabal
warning: error: unable to download '../all-cabal-hashes/pms-infrastructure/0.0.4.0/pms-infrastructure.cabal': Could not resolve hostname (6) Could not resolve host: ..; retrying in 277 ms
warning: error: unable to download '../all-cabal-hashes/pms-infrastructure/0.0.4.0/pms-infrastructure.cabal': Could not resolve hostname (6) Could not resolve host: ..; retrying in 578 ms
warning: error: unable to download '../all-cabal-hashes/pms-infrastructure/0.0.4.0/pms-infrastructure.cabal': Could not resolve hostname (6) Could not resolve host: ..; retrying in 1223 ms
warning: error: unable to download '../all-cabal-hashes/pms-infrastructure/0.0.4.0/pms-infrastructure.cabal': Could not resolve hostname (6) Could not resolve host: ..; retrying in 2599 ms
error: unable to download '../all-cabal-hashes/pms-infrastructure/0.0.4.0/pms-infrastructure.cabal': Could not resolve hostname (6) Could not resolve host: ..
** need a revision for VCS when the hash is given. skipping.
** need a revision for VCS when the hash is given. skipping.
** need a revision for VCS when the hash is given. skipping.
** need a revision for VCS when the hash is given. skipping.
cabal2nix: user error (Failed to fetch source. Does this source exist? Source {sourceUrl = "../all-cabal-hashes/pms-infrastructure/0.0.4.0/pms-infrastructure.cabal", sourceRevision = "", sourceHash = Guess "3f4ed0daa0af25233d157123c483b9c569393def7f7d6384e0378768f4a35ced", sourceCabalDir = ""})


failed when running cabal2nix on ../all-cabal-hashes/pms-ui-notification/0.0.1.0/pms-ui-notification.cabal.  Error output from cabal2nix: 
$ nix-prefetch-url --unpack file:///home/runner/work/all-cabal-nixes/all-cabal-hashes/pms-ui-notification/0.0.1.0/pms-ui-notification.cabal
error: failed to open archive: Unrecognized archive format
$ nix-prefetch-url ../all-cabal-hashes/pms-ui-notification/0.0.1.0/pms-ui-notification.cabal
warning: error: unable to download '../all-cabal-hashes/pms-ui-notification/0.0.1.0/pms-ui-notification.cabal': Could not resolve hostname (6) Could not resolve host: ..; retrying in 321 ms
warning: error: unable to download '../all-cabal-hashes/pms-ui-notification/0.0.1.0/pms-ui-notification.cabal': Could not resolve hostname (6) Could not resolve host: ..; retrying in 605 ms
warning: error: unable to download '../all-cabal-hashes/pms-ui-notification/0.0.1.0/pms-ui-notification.cabal': Could not resolve hostname (6) Could not resolve host: ..; retrying in 1151 ms
warning: error: unable to download '../all-cabal-hashes/pms-ui-notification/0.0.1.0/pms-ui-notification.cabal': Could not resolve hostname (6) Could not resolve host: ..; retrying in 2405 ms
error: unable to download '../all-cabal-hashes/pms-ui-notification/0.0.1.0/pms-ui-notification.cabal': Could not resolve hostname (6) Could not resolve host: ..
$ nix-prefetch-url --unpack ../all-cabal-hashes/pms-ui-notification/0.0.1.0/pms-ui-notification.cabal
warning: error: unable to download '../all-cabal-hashes/pms-ui-notification/0.0.1.0/pms-ui-notification.cabal': Could not resolve hostname (6) Could not resolve host: ..; retrying in 299 ms
warning: error: unable to download '../all-cabal-hashes/pms-ui-notification/0.0.1.0/pms-ui-notification.cabal': Could not resolve hostname (6) Could not resolve host: ..; retrying in 704 ms
warning: error: unable to download '../all-cabal-hashes/pms-ui-notification/0.0.1.0/pms-ui-notification.cabal': Could not resolve hostname (6) Could not resolve host: ..; retrying in 1244 ms
warning: error: unable to download '../all-cabal-hashes/pms-ui-notification/0.0.1.0/pms-ui-notification.cabal': Could not resolve hostname (6) Could not resolve host: ..; retrying in 2008 ms
error: unable to download '../all-cabal-hashes/pms-ui-notification/0.0.1.0/pms-ui-notification.cabal': Could not resolve hostname (6) Could not resolve host: ..
** need a revision for VCS when the hash is given. skipping.
** need a revision for VCS when the hash is given. skipping.
** need a revision for VCS when the hash is given. skipping.
** need a revision for VCS when the hash is given. skipping.
cabal2nix: user error (Failed to fetch source. Does this source exist? Source {sourceUrl = "../all-cabal-hashes/pms-ui-notification/0.0.1.0/pms-ui-notification.cabal", sourceRevision = "", sourceHash = Guess "b1b14ce686af8f40a5b1dedaa46336403de588aa65bced96f78eb153b2b97d83", sourceCabalDir = ""})


failed when running cabal2nix on ../all-cabal-hashes/pms-ui-notification/0.0.2.0/pms-ui-notification.cabal.  Error output from cabal2nix: 
$ nix-prefetch-url --unpack file:///home/runner/work/all-cabal-nixes/all-cabal-hashes/pms-ui-notification/0.0.2.0/pms-ui-notification.cabal
error: failed to open archive: Unrecognized archive format
$ nix-prefetch-url ../all-cabal-hashes/pms-ui-notification/0.0.2.0/pms-ui-notification.cabal
warning: error: unable to download '../all-cabal-hashes/pms-ui-notification/0.0.2.0/pms-ui-notification.cabal': Could not resolve hostname (6) Could not resolve host: ..; retrying in 312 ms
warning: error: unable to download '../all-cabal-hashes/pms-ui-notification/0.0.2.0/pms-ui-notification.cabal': Could not resolve hostname (6) Could not resolve host: ..; retrying in 500 ms
warning: error: unable to download '../all-cabal-hashes/pms-ui-notification/0.0.2.0/pms-ui-notification.cabal': Could not resolve hostname (6) Could not resolve host: ..; retrying in 1069 ms
warning: error: unable to download '../all-cabal-hashes/pms-ui-notification/0.0.2.0/pms-ui-notification.cabal': Could not resolve hostname (6) Could not resolve host: ..; retrying in 2635 ms
error: unable to download '../all-cabal-hashes/pms-ui-notification/0.0.2.0/pms-ui-notification.cabal': Could not resolve hostname (6) Could not resolve host: ..
$ nix-prefetch-url --unpack ../all-cabal-hashes/pms-ui-notification/0.0.2.0/pms-ui-notification.cabal
warning: error: unable to download '../all-cabal-hashes/pms-ui-notification/0.0.2.0/pms-ui-notification.cabal': Could not resolve hostname (6) Could not resolve host: ..; retrying in 327 ms
warning: error: unable to download '../all-cabal-hashes/pms-ui-notification/0.0.2.0/pms-ui-notification.cabal': Could not resolve hostname (6) Could not resolve host: ..; retrying in 525 ms
warning: error: unable to download '../all-cabal-hashes/pms-ui-notification/0.0.2.0/pms-ui-notification.cabal': Could not resolve hostname (6) Could not resolve host: ..; retrying in 1233 ms
warning: error: unable to download '../all-cabal-hashes/pms-ui-notification/0.0.2.0/pms-ui-notification.cabal': Could not resolve hostname (6) Could not resolve host: ..; retrying in 2356 ms
error: unable to download '../all-cabal-hashes/pms-ui-notification/0.0.2.0/pms-ui-notification.cabal': Could not resolve hostname (6) Could not resolve host: ..
** need a revision for VCS when the hash is given. skipping.
** need a revision for VCS when the hash is given. skipping.
** need a revision for VCS when the hash is given. skipping.
** need a revision for VCS when the hash is given. skipping.
cabal2nix: user error (Failed to fetch source. Does this source exist? Source {sourceUrl = "../all-cabal-hashes/pms-ui-notification/0.0.2.0/pms-ui-notification.cabal", sourceRevision = "", sourceHash = Guess "ce5f45a4cad1f6fda0e8ade650070fdbce6d62e6d88f87153fab2e20053560c8", sourceCabalDir = ""})


failed when running cabal2nix on ../all-cabal-hashes/pms-ui-notification/0.0.3.0/pms-ui-notification.cabal.  Error output from cabal2nix: 
$ nix-prefetch-url --unpack file:///home/runner/work/all-cabal-nixes/all-cabal-hashes/pms-ui-notification/0.0.3.0/pms-ui-notification.cabal
error: failed to open archive: Unrecognized archive format
$ nix-prefetch-url ../all-cabal-hashes/pms-ui-notification/0.0.3.0/pms-ui-notification.cabal
warning: error: unable to download '../all-cabal-hashes/pms-ui-notification/0.0.3.0/pms-ui-notification.cabal': Could not resolve hostname (6) Could not resolve host: ..; retrying in 329 ms
warning: error: unable to download '../all-cabal-hashes/pms-ui-notification/0.0.3.0/pms-ui-notification.cabal': Could not resolve hostname (6) Could not resolve host: ..; retrying in 626 ms
warning: error: unable to download '../all-cabal-hashes/pms-ui-notification/0.0.3.0/pms-ui-notification.cabal': Could not resolve hostname (6) Could not resolve host: ..; retrying in 1291 ms
warning: error: unable to download '../all-cabal-hashes/pms-ui-notification/0.0.3.0/pms-ui-notification.cabal': Could not resolve hostname (6) Could not resolve host: ..; retrying in 2637 ms
error: unable to download '../all-cabal-hashes/pms-ui-notification/0.0.3.0/pms-ui-notification.cabal': Could not resolve hostname (6) Could not resolve host: ..
$ nix-prefetch-url --unpack ../all-cabal-hashes/pms-ui-notification/0.0.3.0/pms-ui-notification.cabal
warning: error: unable to download '../all-cabal-hashes/pms-ui-notification/0.0.3.0/pms-ui-notification.cabal': Could not resolve hostname (6) Could not resolve host: ..; retrying in 308 ms
warning: error: unable to download '../all-cabal-hashes/pms-ui-notification/0.0.3.0/pms-ui-notification.cabal': Could not resolve hostname (6) Could not resolve host: ..; retrying in 640 ms
warning: error: unable to download '../all-cabal-hashes/pms-ui-notification/0.0.3.0/pms-ui-notification.cabal': Could not resolve hostname (6) Could not resolve host: ..; retrying in 1315 ms
warning: error: unable to download '../all-cabal-hashes/pms-ui-notification/0.0.3.0/pms-ui-notification.cabal': Could not resolve hostname (6) Could not resolve host: ..; retrying in 2169 ms
error: unable to download '../all-cabal-hashes/pms-ui-notification/0.0.3.0/pms-ui-notification.cabal': Could not resolve hostname (6) Could not resolve host: ..
** need a revision for VCS when the hash is given. skipping.
** need a revision for VCS when the hash is given. skipping.
** need a revision for VCS when the hash is given. skipping.
** need a revision for VCS when the hash is given. skipping.
cabal2nix: user error (Failed to fetch source. Does this source exist? Source {sourceUrl = "../all-cabal-hashes/pms-ui-notification/0.0.3.0/pms-ui-notification.cabal", sourceRevision = "", sourceHash = Guess "a356f4bb48b18df4aaf412f354a1e289b2abc50025a09d0a8b0bbe8ab59a01bb", sourceCabalDir = ""})


failed when running cabal2nix on ../all-cabal-hashes/pms-ui-request/0.0.1.0/pms-ui-request.cabal.  Error output from cabal2nix: 
$ nix-prefetch-url --unpack file:///home/runner/work/all-cabal-nixes/all-cabal-hashes/pms-ui-request/0.0.1.0/pms-ui-request.cabal
error: failed to open archive: Unrecognized archive format
$ nix-prefetch-url ../all-cabal-hashes/pms-ui-request/0.0.1.0/pms-ui-request.cabal
warning: error: unable to download '../all-cabal-hashes/pms-ui-request/0.0.1.0/pms-ui-request.cabal': Could not resolve hostname (6) Could not resolve host: ..; retrying in 339 ms
warning: error: unable to download '../all-cabal-hashes/pms-ui-request/0.0.1.0/pms-ui-request.cabal': Could not resolve hostname (6) Could not resolve host: ..; retrying in 674 ms
warning: error: unable to download '../all-cabal-hashes/pms-ui-request/0.0.1.0/pms-ui-request.cabal': Could not resolve hostname (6) Could not resolve host: ..; retrying in 1004 ms
warning: error: unable to download '../all-cabal-hashes/pms-ui-request/0.0.1.0/pms-ui-request.cabal': Could not resolve hostname (6) Could not resolve host: ..; retrying in 2742 ms
error: unable to download '../all-cabal-hashes/pms-ui-request/0.0.1.0/pms-ui-request.cabal': Could not resolve hostname (6) Could not resolve host: ..
$ nix-prefetch-url --unpack ../all-cabal-hashes/pms-ui-request/0.0.1.0/pms-ui-request.cabal
warning: error: unable to download '../all-cabal-hashes/pms-ui-request/0.0.1.0/pms-ui-request.cabal': Could not resolve hostname (6) Could not resolve host: ..; retrying in 281 ms
warning: error: unable to download '../all-cabal-hashes/pms-ui-request/0.0.1.0/pms-ui-request.cabal': Could not resolve hostname (6) Could not resolve host: ..; retrying in 657 ms
warning: error: unable to download '../all-cabal-hashes/pms-ui-request/0.0.1.0/pms-ui-request.cabal': Could not resolve hostname (6) Could not resolve host: ..; retrying in 1020 ms
warning: error: unable to download '../all-cabal-hashes/pms-ui-request/0.0.1.0/pms-ui-request.cabal': Could not resolve hostname (6) Could not resolve host: ..; retrying in 2051 ms
error: unable to download '../all-cabal-hashes/pms-ui-request/0.0.1.0/pms-ui-request.cabal': Could not resolve hostname (6) Could not resolve host: ..
** need a revision for VCS when the hash is given. skipping.
** need a revision for VCS when the hash is given. skipping.
** need a revision for VCS when the hash is given. skipping.
** need a revision for VCS when the hash is given. skipping.
cabal2nix: user error (Failed to fetch source. Does this source exist? Source {sourceUrl = "../all-cabal-hashes/pms-ui-request/0.0.1.0/pms-ui-request.cabal", sourceRevision = "", sourceHash = Guess "7618cdbe7dd7e15073cea657a4c692d579b7d4f2beccc8cf68c5a84887c49ec0", sourceCabalDir = ""})


failed when running cabal2nix on ../all-cabal-hashes/pms-ui-request/0.0.2.0/pms-ui-request.cabal.  Error output from cabal2nix: 
$ nix-prefetch-url --unpack file:///home/runner/work/all-cabal-nixes/all-cabal-hashes/pms-ui-request/0.0.2.0/pms-ui-request.cabal
error: failed to open archive: Unrecognized archive format
$ nix-prefetch-url ../all-cabal-hashes/pms-ui-request/0.0.2.0/pms-ui-request.cabal
warning: error: unable to download '../all-cabal-hashes/pms-ui-request/0.0.2.0/pms-ui-request.cabal': Could not resolve hostname (6) Could not resolve host: ..; retrying in 346 ms
warning: error: unable to download '../all-cabal-hashes/pms-ui-request/0.0.2.0/pms-ui-request.cabal': Could not resolve hostname (6) Could not resolve host: ..; retrying in 562 ms
warning: error: unable to download '../all-cabal-hashes/pms-ui-request/0.0.2.0/pms-ui-request.cabal': Could not resolve hostname (6) Could not resolve host: ..; retrying in 1209 ms
warning: error: unable to download '../all-cabal-hashes/pms-ui-request/0.0.2.0/pms-ui-request.cabal': Could not resolve hostname (6) Could not resolve host: ..; retrying in 2194 ms
error: unable to download '../all-cabal-hashes/pms-ui-request/0.0.2.0/pms-ui-request.cabal': Could not resolve hostname (6) Could not resolve host: ..
$ nix-prefetch-url --unpack ../all-cabal-hashes/pms-ui-request/0.0.2.0/pms-ui-request.cabal
warning: error: unable to download '../all-cabal-hashes/pms-ui-request/0.0.2.0/pms-ui-request.cabal': Could not resolve hostname (6) Could not resolve host: ..; retrying in 308 ms
warning: error: unable to download '../all-cabal-hashes/pms-ui-request/0.0.2.0/pms-ui-request.cabal': Could not resolve hostname (6) Could not resolve host: ..; retrying in 617 ms
warning: error: unable to download '../all-cabal-hashes/pms-ui-request/0.0.2.0/pms-ui-request.cabal': Could not resolve hostname (6) Could not resolve host: ..; retrying in 1230 ms
warning: error: unable to download '../all-cabal-hashes/pms-ui-request/0.0.2.0/pms-ui-request.cabal': Could not resolve hostname (6) Could not resolve host: ..; retrying in 2696 ms
error: unable to download '../all-cabal-hashes/pms-ui-request/0.0.2.0/pms-ui-request.cabal': Could not resolve hostname (6) Could not resolve host: ..
** need a revision for VCS when the hash is given. skipping.
** need a revision for VCS when the hash is given. skipping.
** need a revision for VCS when the hash is given. skipping.
** need a revision for VCS when the hash is given. skipping.
cabal2nix: user error (Failed to fetch source. Does this source exist? Source {sourceUrl = "../all-cabal-hashes/pms-ui-request/0.0.2.0/pms-ui-request.cabal", sourceRevision = "", sourceHash = Guess "fc7eef3d9dc50da3b7665be6315fd38af838cea1782d59369fda894658365fc1", sourceCabalDir = ""})


failed when running cabal2nix on ../all-cabal-hashes/pms-ui-request/0.0.3.0/pms-ui-request.cabal.  Error output from cabal2nix: 
$ nix-prefetch-url --unpack file:///home/runner/work/all-cabal-nixes/all-cabal-hashes/pms-ui-request/0.0.3.0/pms-ui-request.cabal
error: failed to open archive: Unrecognized archive format
$ nix-prefetch-url ../all-cabal-hashes/pms-ui-request/0.0.3.0/pms-ui-request.cabal
warning: error: unable to download '../all-cabal-hashes/pms-ui-request/0.0.3.0/pms-ui-request.cabal': Could not resolve hostname (6) Could not resolve host: ..; retrying in 306 ms
warning: error: unable to download '../all-cabal-hashes/pms-ui-request/0.0.3.0/pms-ui-request.cabal': Could not resolve hostname (6) Could not resolve host: ..; retrying in 517 ms
warning: error: unable to download '../all-cabal-hashes/pms-ui-request/0.0.3.0/pms-ui-request.cabal': Could not resolve hostname (6) Could not resolve host: ..; retrying in 1043 ms
warning: error: unable to download '../all-cabal-hashes/pms-ui-request/0.0.3.0/pms-ui-request.cabal': Could not resolve hostname (6) Could not resolve host: ..; retrying in 2041 ms
error: unable to download '../all-cabal-hashes/pms-ui-request/0.0.3.0/pms-ui-request.cabal': Could not resolve hostname (6) Could not resolve host: ..
$ nix-prefetch-url --unpack ../all-cabal-hashes/pms-ui-request/0.0.3.0/pms-ui-request.cabal
warning: error: unable to download '../all-cabal-hashes/pms-ui-request/0.0.3.0/pms-ui-request.cabal': Could not resolve hostname (6) Could not resolve host: ..; retrying in 287 ms
warning: error: unable to download '../all-cabal-hashes/pms-ui-request/0.0.3.0/pms-ui-request.cabal': Could not resolve hostname (6) Could not resolve host: ..; retrying in 570 ms
warning: error: unable to download '../all-cabal-hashes/pms-ui-request/0.0.3.0/pms-ui-request.cabal': Could not resolve hostname (6) Could not resolve host: ..; retrying in 1139 ms
warning: error: unable to download '../all-cabal-hashes/pms-ui-request/0.0.3.0/pms-ui-request.cabal': Could not resolve hostname (6) Could not resolve host: ..; retrying in 2735 ms
error: unable to download '../all-cabal-hashes/pms-ui-request/0.0.3.0/pms-ui-request.cabal': Could not resolve hostname (6) Could not resolve host: ..
** need a revision for VCS when the hash is given. skipping.
** need a revision for VCS when the hash is given. skipping.
** need a revision for VCS when the hash is given. skipping.
** need a revision for VCS when the hash is given. skipping.
cabal2nix: user error (Failed to fetch source. Does this source exist? Source {sourceUrl = "../all-cabal-hashes/pms-ui-request/0.0.3.0/pms-ui-request.cabal", sourceRevision = "", sourceHash = Guess "edcdb54808919bd26bf44954247472b29a07d9a38c3d98f32800e85ce39cea99", sourceCabalDir = ""})


failed when running cabal2nix on ../all-cabal-hashes/pms-ui-request/0.0.4.0/pms-ui-request.cabal.  Error output from cabal2nix: 
$ nix-prefetch-url --unpack file:///home/runner/work/all-cabal-nixes/all-cabal-hashes/pms-ui-request/0.0.4.0/pms-ui-request.cabal
error: failed to open archive: Unrecognized archive format
$ nix-prefetch-url ../all-cabal-hashes/pms-ui-request/0.0.4.0/pms-ui-request.cabal
warning: error: unable to download '../all-cabal-hashes/pms-ui-request/0.0.4.0/pms-ui-request.cabal': Could not resolve hostname (6) Could not resolve host: ..; retrying in 344 ms
warning: error: unable to download '../all-cabal-hashes/pms-ui-request/0.0.4.0/pms-ui-request.cabal': Could not resolve hostname (6) Could not resolve host: ..; retrying in 576 ms
warning: error: unable to download '../all-cabal-hashes/pms-ui-request/0.0.4.0/pms-ui-request.cabal': Could not resolve hostname (6) Could not resolve host: ..; retrying in 1115 ms
warning: error: unable to download '../all-cabal-hashes/pms-ui-request/0.0.4.0/pms-ui-request.cabal': Could not resolve hostname (6) Could not resolve host: ..; retrying in 2554 ms
error: unable to download '../all-cabal-hashes/pms-ui-request/0.0.4.0/pms-ui-request.cabal': Could not resolve hostname (6) Could not resolve host: ..
$ nix-prefetch-url --unpack ../all-cabal-hashes/pms-ui-request/0.0.4.0/pms-ui-request.cabal
warning: error: unable to download '../all-cabal-hashes/pms-ui-request/0.0.4.0/pms-ui-request.cabal': Could not resolve hostname (6) Could not resolve host: ..; retrying in 320 ms
warning: error: unable to download '../all-cabal-hashes/pms-ui-request/0.0.4.0/pms-ui-request.cabal': Could not resolve hostname (6) Could not resolve host: ..; retrying in 641 ms
warning: error: unable to download '../all-cabal-hashes/pms-ui-request/0.0.4.0/pms-ui-request.cabal': Could not resolve hostname (6) Could not resolve host: ..; retrying in 1149 ms
warning: error: unable to download '../all-cabal-hashes/pms-ui-request/0.0.4.0/pms-ui-request.cabal': Could not resolve hostname (6) Could not resolve host: ..; retrying in 2668 ms
error: unable to download '../all-cabal-hashes/pms-ui-request/0.0.4.0/pms-ui-request.cabal': Could not resolve hostname (6) Could not resolve host: ..
** need a revision for VCS when the hash is given. skipping.
** need a revision for VCS when the hash is given. skipping.
** need a revision for VCS when the hash is given. skipping.
** need a revision for VCS when the hash is given. skipping.
cabal2nix: user error (Failed to fetch source. Does this source exist? Source {sourceUrl = "../all-cabal-hashes/pms-ui-request/0.0.4.0/pms-ui-request.cabal", sourceRevision = "", sourceHash = Guess "55191fa7a3f641c5cd15519e406c17395f1003d17e9e623eec6067097c13e4f9", sourceCabalDir = ""})


failed when running cabal2nix on ../all-cabal-hashes/pms-ui-response/0.0.1.0/pms-ui-response.cabal.  Error output from cabal2nix: 
$ nix-prefetch-url --unpack file:///home/runner/work/all-cabal-nixes/all-cabal-hashes/pms-ui-response/0.0.1.0/pms-ui-response.cabal
error: failed to open archive: Unrecognized archive format
$ nix-prefetch-url ../all-cabal-hashes/pms-ui-response/0.0.1.0/pms-ui-response.cabal
warning: error: unable to download '../all-cabal-hashes/pms-ui-response/0.0.1.0/pms-ui-response.cabal': Could not resolve hostname (6) Could not resolve host: ..; retrying in 272 ms
warning: error: unable to download '../all-cabal-hashes/pms-ui-response/0.0.1.0/pms-ui-response.cabal': Could not resolve hostname (6) Could not resolve host: ..; retrying in 609 ms
warning: error: unable to download '../all-cabal-hashes/pms-ui-response/0.0.1.0/pms-ui-response.cabal': Could not resolve hostname (6) Could not resolve host: ..; retrying in 1119 ms
warning: error: unable to download '../all-cabal-hashes/pms-ui-response/0.0.1.0/pms-ui-response.cabal': Could not resolve hostname (6) Could not resolve host: ..; retrying in 2812 ms
error: unable to download '../all-cabal-hashes/pms-ui-response/0.0.1.0/pms-ui-response.cabal': Could not resolve hostname (6) Could not resolve host: ..
$ nix-prefetch-url --unpack ../all-cabal-hashes/pms-ui-response/0.0.1.0/pms-ui-response.cabal
warning: error: unable to download '../all-cabal-hashes/pms-ui-response/0.0.1.0/pms-ui-response.cabal': Could not resolve hostname (6) Could not resolve host: ..; retrying in 335 ms
warning: error: unable to download '../all-cabal-hashes/pms-ui-response/0.0.1.0/pms-ui-response.cabal': Could not resolve hostname (6) Could not resolve host: ..; retrying in 668 ms
warning: error: unable to download '../all-cabal-hashes/pms-ui-response/0.0.1.0/pms-ui-response.cabal': Could not resolve hostname (6) Could not resolve host: ..; retrying in 1020 ms
warning: error: unable to download '../all-cabal-hashes/pms-ui-response/0.0.1.0/pms-ui-response.cabal': Could not resolve hostname (6) Could not resolve host: ..; retrying in 2650 ms
error: unable to download '../all-cabal-hashes/pms-ui-response/0.0.1.0/pms-ui-response.cabal': Could not resolve hostname (6) Could not resolve host: ..
** need a revision for VCS when the hash is given. skipping.
** need a revision for VCS when the hash is given. skipping.
** need a revision for VCS when the hash is given. skipping.
** need a revision for VCS when the hash is given. skipping.
cabal2nix: user error (Failed to fetch source. Does this source exist? Source {sourceUrl = "../all-cabal-hashes/pms-ui-response/0.0.1.0/pms-ui-response.cabal", sourceRevision = "", sourceHash = Guess "89403539635c869a3ea62bbbbd436f42121ccd2668095fbbdb5ae1e39f166325", sourceCabalDir = ""})


failed when running cabal2nix on ../all-cabal-hashes/pms-ui-response/0.0.2.0/pms-ui-response.cabal.  Error output from cabal2nix: 
$ nix-prefetch-url --unpack file:///home/runner/work/all-cabal-nixes/all-cabal-hashes/pms-ui-response/0.0.2.0/pms-ui-response.cabal
error: failed to open archive: Unrecognized archive format
$ nix-prefetch-url ../all-cabal-hashes/pms-ui-response/0.0.2.0/pms-ui-response.cabal
warning: error: unable to download '../all-cabal-hashes/pms-ui-response/0.0.2.0/pms-ui-response.cabal': Could not resolve hostname (6) Could not resolve host: ..; retrying in 293 ms
warning: error: unable to download '../all-cabal-hashes/pms-ui-response/0.0.2.0/pms-ui-response.cabal': Could not resolve hostname (6) Could not resolve host: ..; retrying in 504 ms
warning: error: unable to download '../all-cabal-hashes/pms-ui-response/0.0.2.0/pms-ui-response.cabal': Could not resolve hostname (6) Could not resolve host: ..; retrying in 1129 ms
warning: error: unable to download '../all-cabal-hashes/pms-ui-response/0.0.2.0/pms-ui-response.cabal': Could not resolve hostname (6) Could not resolve host: ..; retrying in 2305 ms
error: unable to download '../all-cabal-hashes/pms-ui-response/0.0.2.0/pms-ui-response.cabal': Could not resolve hostname (6) Could not resolve host: ..
$ nix-prefetch-url --unpack ../all-cabal-hashes/pms-ui-response/0.0.2.0/pms-ui-response.cabal
warning: error: unable to download '../all-cabal-hashes/pms-ui-response/0.0.2.0/pms-ui-response.cabal': Could not resolve hostname (6) Could not resolve host: ..; retrying in 290 ms
warning: error: unable to download '../all-cabal-hashes/pms-ui-response/0.0.2.0/pms-ui-response.cabal': Could not resolve hostname (6) Could not resolve host: ..; retrying in 685 ms
warning: error: unable to download '../all-cabal-hashes/pms-ui-response/0.0.2.0/pms-ui-response.cabal': Could not resolve hostname (6) Could not resolve host: ..; retrying in 1119 ms
warning: error: unable to download '../all-cabal-hashes/pms-ui-response/0.0.2.0/pms-ui-response.cabal': Could not resolve hostname (6) Could not resolve host: ..; retrying in 2809 ms
error: unable to download '../all-cabal-hashes/pms-ui-response/0.0.2.0/pms-ui-response.cabal': Could not resolve hostname (6) Could not resolve host: ..
** need a revision for VCS when the hash is given. skipping.
** need a revision for VCS when the hash is given. skipping.
** need a revision for VCS when the hash is given. skipping.
** need a revision for VCS when the hash is given. skipping.
cabal2nix: user error (Failed to fetch source. Does this source exist? Source {sourceUrl = "../all-cabal-hashes/pms-ui-response/0.0.2.0/pms-ui-response.cabal", sourceRevision = "", sourceHash = Guess "a3cb4bb9aead23ded31bb41aa6bdd5949d655747485b84d4c0a27e7bb5da3c2d", sourceCabalDir = ""})


failed when running cabal2nix on ../all-cabal-hashes/pms-ui-response/0.0.3.0/pms-ui-response.cabal.  Error output from cabal2nix: 
$ nix-prefetch-url --unpack file:///home/runner/work/all-cabal-nixes/all-cabal-hashes/pms-ui-response/0.0.3.0/pms-ui-response.cabal
error: failed to open archive: Unrecognized archive format
$ nix-prefetch-url ../all-cabal-hashes/pms-ui-response/0.0.3.0/pms-ui-response.cabal
warning: error: unable to download '../all-cabal-hashes/pms-ui-response/0.0.3.0/pms-ui-response.cabal': Could not resolve hostname (6) Could not resolve host: ..; retrying in 301 ms
warning: error: unable to download '../all-cabal-hashes/pms-ui-response/0.0.3.0/pms-ui-response.cabal': Could not resolve hostname (6) Could not resolve host: ..; retrying in 527 ms
warning: error: unable to download '../all-cabal-hashes/pms-ui-response/0.0.3.0/pms-ui-response.cabal': Could not resolve hostname (6) Could not resolve host: ..; retrying in 1346 ms
warning: error: unable to download '../all-cabal-hashes/pms-ui-response/0.0.3.0/pms-ui-response.cabal': Could not resolve hostname (6) Could not resolve host: ..; retrying in 2712 ms
error: unable to download '../all-cabal-hashes/pms-ui-response/0.0.3.0/pms-ui-response.cabal': Could not resolve hostname (6) Could not resolve host: ..
$ nix-prefetch-url --unpack ../all-cabal-hashes/pms-ui-response/0.0.3.0/pms-ui-response.cabal
warning: error: unable to download '../all-cabal-hashes/pms-ui-response/0.0.3.0/pms-ui-response.cabal': Could not resolve hostname (6) Could not resolve host: ..; retrying in 313 ms
warning: error: unable to download '../all-cabal-hashes/pms-ui-response/0.0.3.0/pms-ui-response.cabal': Could not resolve hostname (6) Could not resolve host: ..; retrying in 520 ms
warning: error: unable to download '../all-cabal-hashes/pms-ui-response/0.0.3.0/pms-ui-response.cabal': Could not resolve hostname (6) Could not resolve host: ..; retrying in 1027 ms
warning: error: unable to download '../all-cabal-hashes/pms-ui-response/0.0.3.0/pms-ui-response.cabal': Could not resolve hostname (6) Could not resolve host: ..; retrying in 2424 ms
error: unable to download '../all-cabal-hashes/pms-ui-response/0.0.3.0/pms-ui-response.cabal': Could not resolve hostname (6) Could not resolve host: ..
** need a revision for VCS when the hash is given. skipping.
** need a revision for VCS when the hash is given. skipping.
** need a revision for VCS when the hash is given. skipping.
** need a revision for VCS when the hash is given. skipping.
cabal2nix: user error (Failed to fetch source. Does this source exist? Source {sourceUrl = "../all-cabal-hashes/pms-ui-response/0.0.3.0/pms-ui-response.cabal", sourceRevision = "", sourceHash = Guess "c22d436aa81350fbab96035157755c91c5975bbd5ceae60c397a97c347030a09", sourceCabalDir = ""})


failed when running cabal2nix on ../all-cabal-hashes/pms-ui-response/0.0.4.0/pms-ui-response.cabal.  Error output from cabal2nix: 
$ nix-prefetch-url --unpack file:///home/runner/work/all-cabal-nixes/all-cabal-hashes/pms-ui-response/0.0.4.0/pms-ui-response.cabal
error: failed to open archive: Unrecognized archive format
$ nix-prefetch-url ../all-cabal-hashes/pms-ui-response/0.0.4.0/pms-ui-response.cabal
warning: error: unable to download '../all-cabal-hashes/pms-ui-response/0.0.4.0/pms-ui-response.cabal': Could not resolve hostname (6) Could not resolve host: ..; retrying in 340 ms
warning: error: unable to download '../all-cabal-hashes/pms-ui-response/0.0.4.0/pms-ui-response.cabal': Could not resolve hostname (6) Could not resolve host: ..; retrying in 526 ms
warning: error: unable to download '../all-cabal-hashes/pms-ui-response/0.0.4.0/pms-ui-response.cabal': Could not resolve hostname (6) Could not resolve host: ..; retrying in 1219 ms
warning: error: unable to download '../all-cabal-hashes/pms-ui-response/0.0.4.0/pms-ui-response.cabal': Could not resolve hostname (6) Could not resolve host: ..; retrying in 2796 ms
error: unable to download '../all-cabal-hashes/pms-ui-response/0.0.4.0/pms-ui-response.cabal': Could not resolve hostname (6) Could not resolve host: ..
$ nix-prefetch-url --unpack ../all-cabal-hashes/pms-ui-response/0.0.4.0/pms-ui-response.cabal
warning: error: unable to download '../all-cabal-hashes/pms-ui-response/0.0.4.0/pms-ui-response.cabal': Could not resolve hostname (6) Could not resolve host: ..; retrying in 257 ms
warning: error: unable to download '../all-cabal-hashes/pms-ui-response/0.0.4.0/pms-ui-response.cabal': Could not resolve hostname (6) Could not resolve host: ..; retrying in 534 ms
warning: error: unable to download '../all-cabal-hashes/pms-ui-response/0.0.4.0/pms-ui-response.cabal': Could not resolve hostname (6) Could not resolve host: ..; retrying in 1407 ms
warning: error: unable to download '../all-cabal-hashes/pms-ui-response/0.0.4.0/pms-ui-response.cabal': Could not resolve hostname (6) Could not resolve host: ..; retrying in 2058 ms
error: unable to download '../all-cabal-hashes/pms-ui-response/0.0.4.0/pms-ui-response.cabal': Could not resolve hostname (6) Could not resolve host: ..
** need a revision for VCS when the hash is given. skipping.
** need a revision for VCS when the hash is given. skipping.
** need a revision for VCS when the hash is given. skipping.
** need a revision for VCS when the hash is given. skipping.
cabal2nix: user error (Failed to fetch source. Does this source exist? Source {sourceUrl = "../all-cabal-hashes/pms-ui-response/0.0.4.0/pms-ui-response.cabal", sourceRevision = "", sourceHash = Guess "2ba416b6821752dd6c68f0c9d0d4263ba61292df4e1c6837f38a8c3d646b8500", sourceCabalDir = ""})


failed when running cabal2nix on ../all-cabal-hashes/pty-mcp-server/0.0.1.0/pty-mcp-server.cabal.  Error output from cabal2nix: 
$ nix-prefetch-url --unpack file:///home/runner/work/all-cabal-nixes/all-cabal-hashes/pty-mcp-server/0.0.1.0/pty-mcp-server.cabal
error: failed to open archive: Unrecognized archive format
$ nix-prefetch-url ../all-cabal-hashes/pty-mcp-server/0.0.1.0/pty-mcp-server.cabal
warning: error: unable to download '../all-cabal-hashes/pty-mcp-server/0.0.1.0/pty-mcp-server.cabal': Could not resolve hostname (6) Could not resolve host: ..; retrying in 276 ms
warning: error: unable to download '../all-cabal-hashes/pty-mcp-server/0.0.1.0/pty-mcp-server.cabal': Could not resolve hostname (6) Could not resolve host: ..; retrying in 690 ms
warning: error: unable to download '../all-cabal-hashes/pty-mcp-server/0.0.1.0/pty-mcp-server.cabal': Could not resolve hostname (6) Could not resolve host: ..; retrying in 1140 ms
warning: error: unable to download '../all-cabal-hashes/pty-mcp-server/0.0.1.0/pty-mcp-server.cabal': Could not resolve hostname (6) Could not resolve host: ..; retrying in 2228 ms
error: unable to download '../all-cabal-hashes/pty-mcp-server/0.0.1.0/pty-mcp-server.cabal': Could not resolve hostname (6) Could not resolve host: ..
$ nix-prefetch-url --unpack ../all-cabal-hashes/pty-mcp-server/0.0.1.0/pty-mcp-server.cabal
warning: error: unable to download '../all-cabal-hashes/pty-mcp-server/0.0.1.0/pty-mcp-server.cabal': Could not resolve hostname (6) Could not resolve host: ..; retrying in 256 ms
warning: error: unable to download '../all-cabal-hashes/pty-mcp-server/0.0.1.0/pty-mcp-server.cabal': Could not resolve hostname (6) Could not resolve host: ..; retrying in 697 ms
warning: error: unable to download '../all-cabal-hashes/pty-mcp-server/0.0.1.0/pty-mcp-server.cabal': Could not resolve hostname (6) Could not resolve host: ..; retrying in 1088 ms
warning: error: unable to download '../all-cabal-hashes/pty-mcp-server/0.0.1.0/pty-mcp-server.cabal': Could not resolve hostname (6) Could not resolve host: ..; retrying in 2554 ms
error: unable to download '../all-cabal-hashes/pty-mcp-server/0.0.1.0/pty-mcp-server.cabal': Could not resolve hostname (6) Could not resolve host: ..
** need a revision for VCS when the hash is given. skipping.
** need a revision for VCS when the hash is given. skipping.
** need a revision for VCS when the hash is given. skipping.
** need a revision for VCS when the hash is given. skipping.
cabal2nix: user error (Failed to fetch source. Does this source exist? Source {sourceUrl = "../all-cabal-hashes/pty-mcp-server/0.0.1.0/pty-mcp-server.cabal", sourceRevision = "", sourceHash = Guess "635ff0eea33b2cda1cfab8095c6beebdb1ecdb2f06b04053ce72a345281b9df4", sourceCabalDir = ""})


failed when running cabal2nix on ../all-cabal-hashes/pty-mcp-server/0.0.1.1/pty-mcp-server.cabal.  Error output from cabal2nix: 
$ nix-prefetch-url --unpack file:///home/runner/work/all-cabal-nixes/all-cabal-hashes/pty-mcp-server/0.0.1.1/pty-mcp-server.cabal
error: failed to open archive: Unrecognized archive format
$ nix-prefetch-url ../all-cabal-hashes/pty-mcp-server/0.0.1.1/pty-mcp-server.cabal
warning: error: unable to download '../all-cabal-hashes/pty-mcp-server/0.0.1.1/pty-mcp-server.cabal': Could not resolve hostname (6) Could not resolve host: ..; retrying in 353 ms
warning: error: unable to download '../all-cabal-hashes/pty-mcp-server/0.0.1.1/pty-mcp-server.cabal': Could not resolve hostname (6) Could not resolve host: ..; retrying in 599 ms
warning: error: unable to download '../all-cabal-hashes/pty-mcp-server/0.0.1.1/pty-mcp-server.cabal': Could not resolve hostname (6) Could not resolve host: ..; retrying in 1139 ms
warning: error: unable to download '../all-cabal-hashes/pty-mcp-server/0.0.1.1/pty-mcp-server.cabal': Could not resolve hostname (6) Could not resolve host: ..; retrying in 2080 ms
error: unable to download '../all-cabal-hashes/pty-mcp-server/0.0.1.1/pty-mcp-server.cabal': Could not resolve hostname (6) Could not resolve host: ..
$ nix-prefetch-url --unpack ../all-cabal-hashes/pty-mcp-server/0.0.1.1/pty-mcp-server.cabal
warning: error: unable to download '../all-cabal-hashes/pty-mcp-server/0.0.1.1/pty-mcp-server.cabal': Could not resolve hostname (6) Could not resolve host: ..; retrying in 302 ms
warning: error: unable to download '../all-cabal-hashes/pty-mcp-server/0.0.1.1/pty-mcp-server.cabal': Could not resolve hostname (6) Could not resolve host: ..; retrying in 690 ms
warning: error: unable to download '../all-cabal-hashes/pty-mcp-server/0.0.1.1/pty-mcp-server.cabal': Could not resolve hostname (6) Could not resolve host: ..; retrying in 1158 ms
warning: error: unable to download '../all-cabal-hashes/pty-mcp-server/0.0.1.1/pty-mcp-server.cabal': Could not resolve hostname (6) Could not resolve host: ..; retrying in 2321 ms
error: unable to download '../all-cabal-hashes/pty-mcp-server/0.0.1.1/pty-mcp-server.cabal': Could not resolve hostname (6) Could not resolve host: ..
** need a revision for VCS when the hash is given. skipping.
** need a revision for VCS when the hash is given. skipping.
** need a revision for VCS when the hash is given. skipping.
** need a revision for VCS when the hash is given. skipping.
cabal2nix: user error (Failed to fetch source. Does this source exist? Source {sourceUrl = "../all-cabal-hashes/pty-mcp-server/0.0.1.1/pty-mcp-server.cabal", sourceRevision = "", sourceHash = Guess "a4f18c7c4fb666fd4c70619d5b2fda87936e0e59811f36b1e592b21b34935756", sourceCabalDir = ""})


failed when running cabal2nix on ../all-cabal-hashes/pty-mcp-server/0.0.2.0/pty-mcp-server.cabal.  Error output from cabal2nix: 
$ nix-prefetch-url --unpack file:///home/runner/work/all-cabal-nixes/all-cabal-hashes/pty-mcp-server/0.0.2.0/pty-mcp-server.cabal
error: failed to open archive: Unrecognized archive format
$ nix-prefetch-url ../all-cabal-hashes/pty-mcp-server/0.0.2.0/pty-mcp-server.cabal
warning: error: unable to download '../all-cabal-hashes/pty-mcp-server/0.0.2.0/pty-mcp-server.cabal': Could not resolve hostname (6) Could not resolve host: ..; retrying in 256 ms
warning: error: unable to download '../all-cabal-hashes/pty-mcp-server/0.0.2.0/pty-mcp-server.cabal': Could not resolve hostname (6) Could not resolve host: ..; retrying in 596 ms
warning: error: unable to download '../all-cabal-hashes/pty-mcp-server/0.0.2.0/pty-mcp-server.cabal': Could not resolve hostname (6) Could not resolve host: ..; retrying in 1100 ms
warning: error: unable to download '../all-cabal-hashes/pty-mcp-server/0.0.2.0/pty-mcp-server.cabal': Could not resolve hostname (6) Could not resolve host: ..; retrying in 2638 ms
error: unable to download '../all-cabal-hashes/pty-mcp-server/0.0.2.0/pty-mcp-server.cabal': Could not resolve hostname (6) Could not resolve host: ..
$ nix-prefetch-url --unpack ../all-cabal-hashes/pty-mcp-server/0.0.2.0/pty-mcp-server.cabal
warning: error: unable to download '../all-cabal-hashes/pty-mcp-server/0.0.2.0/pty-mcp-server.cabal': Could not resolve hostname (6) Could not resolve host: ..; retrying in 323 ms
warning: error: unable to download '../all-cabal-hashes/pty-mcp-server/0.0.2.0/pty-mcp-server.cabal': Could not resolve hostname (6) Could not resolve host: ..; retrying in 554 ms
warning: error: unable to download '../all-cabal-hashes/pty-mcp-server/0.0.2.0/pty-mcp-server.cabal': Could not resolve hostname (6) Could not resolve host: ..; retrying in 1016 ms
warning: error: unable to download '../all-cabal-hashes/pty-mcp-server/0.0.2.0/pty-mcp-server.cabal': Could not resolve hostname (6) Could not resolve host: ..; retrying in 2314 ms
error: unable to download '../all-cabal-hashes/pty-mcp-server/0.0.2.0/pty-mcp-server.cabal': Could not resolve hostname (6) Could not resolve host: ..
** need a revision for VCS when the hash is given. skipping.
** need a revision for VCS when the hash is given. skipping.
** need a revision for VCS when the hash is given. skipping.
** need a revision for VCS when the hash is given. skipping.
cabal2nix: user error (Failed to fetch source. Does this source exist? Source {sourceUrl = "../all-cabal-hashes/pty-mcp-server/0.0.2.0/pty-mcp-server.cabal", sourceRevision = "", sourceHash = Guess "3dc489269b5ddcbca7d24f315473fe3e53544319bae5b5e57bc3e12fb688e135", sourceCabalDir = ""})


failed when running cabal2nix on ../all-cabal-hashes/pty-mcp-server/0.0.3.0/pty-mcp-server.cabal.  Error output from cabal2nix: 
$ nix-prefetch-url --unpack file:///home/runner/work/all-cabal-nixes/all-cabal-hashes/pty-mcp-server/0.0.3.0/pty-mcp-server.cabal
error: failed to open archive: Unrecognized archive format
$ nix-prefetch-url ../all-cabal-hashes/pty-mcp-server/0.0.3.0/pty-mcp-server.cabal
warning: error: unable to download '../all-cabal-hashes/pty-mcp-server/0.0.3.0/pty-mcp-server.cabal': Could not resolve hostname (6) Could not resolve host: ..; retrying in 263 ms
warning: error: unable to download '../all-cabal-hashes/pty-mcp-server/0.0.3.0/pty-mcp-server.cabal': Could not resolve hostname (6) Could not resolve host: ..; retrying in 702 ms
warning: error: unable to download '../all-cabal-hashes/pty-mcp-server/0.0.3.0/pty-mcp-server.cabal': Could not resolve hostname (6) Could not resolve host: ..; retrying in 1158 ms
warning: error: unable to download '../all-cabal-hashes/pty-mcp-server/0.0.3.0/pty-mcp-server.cabal': Could not resolve hostname (6) Could not resolve host: ..; retrying in 2066 ms
error: unable to download '../all-cabal-hashes/pty-mcp-server/0.0.3.0/pty-mcp-server.cabal': Could not resolve hostname (6) Could not resolve host: ..
$ nix-prefetch-url --unpack ../all-cabal-hashes/pty-mcp-server/0.0.3.0/pty-mcp-server.cabal
warning: error: unable to download '../all-cabal-hashes/pty-mcp-server/0.0.3.0/pty-mcp-server.cabal': Could not resolve hostname (6) Could not resolve host: ..; retrying in 267 ms
warning: error: unable to download '../all-cabal-hashes/pty-mcp-server/0.0.3.0/pty-mcp-server.cabal': Could not resolve hostname (6) Could not resolve host: ..; retrying in 706 ms
warning: error: unable to download '../all-cabal-hashes/pty-mcp-server/0.0.3.0/pty-mcp-server.cabal': Could not resolve hostname (6) Could not resolve host: ..; retrying in 1116 ms
warning: error: unable to download '../all-cabal-hashes/pty-mcp-server/0.0.3.0/pty-mcp-server.cabal': Could not resolve hostname (6) Could not resolve host: ..; retrying in 2805 ms
error: unable to download '../all-cabal-hashes/pty-mcp-server/0.0.3.0/pty-mcp-server.cabal': Could not resolve hostname (6) Could not resolve host: ..
** need a revision for VCS when the hash is given. skipping.
** need a revision for VCS when the hash is given. skipping.
** need a revision for VCS when the hash is given. skipping.
** need a revision for VCS when the hash is given. skipping.
cabal2nix: user error (Failed to fetch source. Does this source exist? Source {sourceUrl = "../all-cabal-hashes/pty-mcp-server/0.0.3.0/pty-mcp-server.cabal", sourceRevision = "", sourceHash = Guess "be2b5264be6b973bc7f1f859339add37f459c54be0cf446c766dc5b56a934e18", sourceCabalDir = ""})


failed when running cabal2nix on ../all-cabal-hashes/pty-mcp-server/0.0.4.0/pty-mcp-server.cabal.  Error output from cabal2nix: 
$ nix-prefetch-url --unpack file:///home/runner/work/all-cabal-nixes/all-cabal-hashes/pty-mcp-server/0.0.4.0/pty-mcp-server.cabal
error: failed to open archive: Unrecognized archive format
$ nix-prefetch-url ../all-cabal-hashes/pty-mcp-server/0.0.4.0/pty-mcp-server.cabal
warning: error: unable to download '../all-cabal-hashes/pty-mcp-server/0.0.4.0/pty-mcp-server.cabal': Could not resolve hostname (6) Could not resolve host: ..; retrying in 299 ms
warning: error: unable to download '../all-cabal-hashes/pty-mcp-server/0.0.4.0/pty-mcp-server.cabal': Could not resolve hostname (6) Could not resolve host: ..; retrying in 688 ms
warning: error: unable to download '../all-cabal-hashes/pty-mcp-server/0.0.4.0/pty-mcp-server.cabal': Could not resolve hostname (6) Could not resolve host: ..; retrying in 1327 ms
warning: error: unable to download '../all-cabal-hashes/pty-mcp-server/0.0.4.0/pty-mcp-server.cabal': Could not resolve hostname (6) Could not resolve host: ..; retrying in 2561 ms
error: unable to download '../all-cabal-hashes/pty-mcp-server/0.0.4.0/pty-mcp-server.cabal': Could not resolve hostname (6) Could not resolve host: ..
$ nix-prefetch-url --unpack ../all-cabal-hashes/pty-mcp-server/0.0.4.0/pty-mcp-server.cabal
warning: error: unable to download '../all-cabal-hashes/pty-mcp-server/0.0.4.0/pty-mcp-server.cabal': Could not resolve hostname (6) Could not resolve host: ..; retrying in 345 ms
warning: error: unable to download '../all-cabal-hashes/pty-mcp-server/0.0.4.0/pty-mcp-server.cabal': Could not resolve hostname (6) Could not resolve host: ..; retrying in 590 ms
warning: error: unable to download '../all-cabal-hashes/pty-mcp-server/0.0.4.0/pty-mcp-server.cabal': Could not resolve hostname (6) Could not resolve host: ..; retrying in 1055 ms
warning: error: unable to download '../all-cabal-hashes/pty-mcp-server/0.0.4.0/pty-mcp-server.cabal': Could not resolve hostname (6) Could not resolve host: ..; retrying in 2765 ms
error: unable to download '../all-cabal-hashes/pty-mcp-server/0.0.4.0/pty-mcp-server.cabal': Could not resolve hostname (6) Could not resolve host: ..
** need a revision for VCS when the hash is given. skipping.
** need a revision for VCS when the hash is given. skipping.
** need a revision for VCS when the hash is given. skipping.
** need a revision for VCS when the hash is given. skipping.
cabal2nix: user error (Failed to fetch source. Does this source exist? Source {sourceUrl = "../all-cabal-hashes/pty-mcp-server/0.0.4.0/pty-mcp-server.cabal", sourceRevision = "", sourceHash = Guess "c7bbc1e730eb4770fbf14545cb2d9774f9f73a199fa2aaac75f380cc64c6bfd8", sourceCabalDir = ""})


failed when running cabal2nix on ../all-cabal-hashes/pty-mcp-server/0.0.5.0/pty-mcp-server.cabal.  Error output from cabal2nix: 
$ nix-prefetch-url --unpack file:///home/runner/work/all-cabal-nixes/all-cabal-hashes/pty-mcp-server/0.0.5.0/pty-mcp-server.cabal
error: failed to open archive: Unrecognized archive format
$ nix-prefetch-url ../all-cabal-hashes/pty-mcp-server/0.0.5.0/pty-mcp-server.cabal
warning: error: unable to download '../all-cabal-hashes/pty-mcp-server/0.0.5.0/pty-mcp-server.cabal': Could not resolve hostname (6) Could not resolve host: ..; retrying in 297 ms
warning: error: unable to download '../all-cabal-hashes/pty-mcp-server/0.0.5.0/pty-mcp-server.cabal': Could not resolve hostname (6) Could not resolve host: ..; retrying in 659 ms
warning: error: unable to download '../all-cabal-hashes/pty-mcp-server/0.0.5.0/pty-mcp-server.cabal': Could not resolve hostname (6) Could not resolve host: ..; retrying in 1178 ms
warning: error: unable to download '../all-cabal-hashes/pty-mcp-server/0.0.5.0/pty-mcp-server.cabal': Could not resolve hostname (6) Could not resolve host: ..; retrying in 2636 ms
error: unable to download '../all-cabal-hashes/pty-mcp-server/0.0.5.0/pty-mcp-server.cabal': Could not resolve hostname (6) Could not resolve host: ..
$ nix-prefetch-url --unpack ../all-cabal-hashes/pty-mcp-server/0.0.5.0/pty-mcp-server.cabal
warning: error: unable to download '../all-cabal-hashes/pty-mcp-server/0.0.5.0/pty-mcp-server.cabal': Could not resolve hostname (6) Could not resolve host: ..; retrying in 312 ms
warning: error: unable to download '../all-cabal-hashes/pty-mcp-server/0.0.5.0/pty-mcp-server.cabal': Could not resolve hostname (6) Could not resolve host: ..; retrying in 627 ms
warning: error: unable to download '../all-cabal-hashes/pty-mcp-server/0.0.5.0/pty-mcp-server.cabal': Could not resolve hostname (6) Could not resolve host: ..; retrying in 1101 ms
warning: error: unable to download '../all-cabal-hashes/pty-mcp-server/0.0.5.0/pty-mcp-server.cabal': Could not resolve hostname (6) Could not resolve host: ..; retrying in 2216 ms
error: unable to download '../all-cabal-hashes/pty-mcp-server/0.0.5.0/pty-mcp-server.cabal': Could not resolve hostname (6) Could not resolve host: ..
** need a revision for VCS when the hash is given. skipping.
** need a revision for VCS when the hash is given. skipping.
** need a revision for VCS when the hash is given. skipping.
** need a revision for VCS when the hash is given. skipping.
cabal2nix: user error (Failed to fetch source. Does this source exist? Source {sourceUrl = "../all-cabal-hashes/pty-mcp-server/0.0.5.0/pty-mcp-server.cabal", sourceRevision = "", sourceHash = Guess "78f2088f5b8ecc0a8f9ee2a85798c35c0db74faa83ab52c79f327ec7d01d2a6f", sourceCabalDir = ""})


failed when running cabal2nix on ../all-cabal-hashes/webdriver-precore/0.0.0.2/webdriver-precore.cabal.  Error output from cabal2nix: 
$ nix-prefetch-url --unpack file:///home/runner/work/all-cabal-nixes/all-cabal-hashes/webdriver-precore/0.0.0.2/webdriver-precore.cabal
error: failed to open archive: Unrecognized archive format
$ nix-prefetch-url ../all-cabal-hashes/webdriver-precore/0.0.0.2/webdriver-precore.cabal
warning: error: unable to download '../all-cabal-hashes/webdriver-precore/0.0.0.2/webdriver-precore.cabal': Could not resolve hostname (6) Could not resolve host: ..; retrying in 320 ms
warning: error: unable to download '../all-cabal-hashes/webdriver-precore/0.0.0.2/webdriver-precore.cabal': Could not resolve hostname (6) Could not resolve host: ..; retrying in 571 ms
warning: error: unable to download '../all-cabal-hashes/webdriver-precore/0.0.0.2/webdriver-precore.cabal': Could not resolve hostname (6) Could not resolve host: ..; retrying in 1004 ms
warning: error: unable to download '../all-cabal-hashes/webdriver-precore/0.0.0.2/webdriver-precore.cabal': Could not resolve hostname (6) Could not resolve host: ..; retrying in 2063 ms
error: unable to download '../all-cabal-hashes/webdriver-precore/0.0.0.2/webdriver-precore.cabal': Could not resolve hostname (6) Could not resolve host: ..
$ nix-prefetch-url --unpack ../all-cabal-hashes/webdriver-precore/0.0.0.2/webdriver-precore.cabal
warning: error: unable to download '../all-cabal-hashes/webdriver-precore/0.0.0.2/webdriver-precore.cabal': Could not resolve hostname (6) Could not resolve host: ..; retrying in 256 ms
warning: error: unable to download '../all-cabal-hashes/webdriver-precore/0.0.0.2/webdriver-precore.cabal': Could not resolve hostname (6) Could not resolve host: ..; retrying in 589 ms
warning: error: unable to download '../all-cabal-hashes/webdriver-precore/0.0.0.2/webdriver-precore.cabal': Could not resolve hostname (6) Could not resolve host: ..; retrying in 1026 ms
warning: error: unable to download '../all-cabal-hashes/webdriver-precore/0.0.0.2/webdriver-precore.cabal': Could not resolve hostname (6) Could not resolve host: ..; retrying in 2318 ms
error: unable to download '../all-cabal-hashes/webdriver-precore/0.0.0.2/webdriver-precore.cabal': Could not resolve hostname (6) Could not resolve host: ..
** need a revision for VCS when the hash is given. skipping.
** need a revision for VCS when the hash is given. skipping.
** need a revision for VCS when the hash is given. skipping.
** need a revision for VCS when the hash is given. skipping.
cabal2nix: user error (Failed to fetch source. Does this source exist? Source {sourceUrl = "../all-cabal-hashes/webdriver-precore/0.0.0.2/webdriver-precore.cabal", sourceRevision = "", sourceHash = Guess "9844b935e0886b8ff182fdd772217b8f2a3a06b5d9755c087101c620a976be44", sourceCabalDir = ""})


failed when running cabal2nix on ../all-cabal-hashes/webdriver-precore/0.0.0.3/webdriver-precore.cabal.  Error output from cabal2nix: 
$ nix-prefetch-url --unpack file:///home/runner/work/all-cabal-nixes/all-cabal-hashes/webdriver-precore/0.0.0.3/webdriver-precore.cabal
error: failed to open archive: Unrecognized archive format
$ nix-prefetch-url ../all-cabal-hashes/webdriver-precore/0.0.0.3/webdriver-precore.cabal
warning: error: unable to download '../all-cabal-hashes/webdriver-precore/0.0.0.3/webdriver-precore.cabal': Could not resolve hostname (6) Could not resolve host: ..; retrying in 254 ms
warning: error: unable to download '../all-cabal-hashes/webdriver-precore/0.0.0.3/webdriver-precore.cabal': Could not resolve hostname (6) Could not resolve host: ..; retrying in 544 ms
warning: error: unable to download '../all-cabal-hashes/webdriver-precore/0.0.0.3/webdriver-precore.cabal': Could not resolve hostname (6) Could not resolve host: ..; retrying in 1199 ms
warning: error: unable to download '../all-cabal-hashes/webdriver-precore/0.0.0.3/webdriver-precore.cabal': Could not resolve hostname (6) Could not resolve host: ..; retrying in 2617 ms
error: unable to download '../all-cabal-hashes/webdriver-precore/0.0.0.3/webdriver-precore.cabal': Could not resolve hostname (6) Could not resolve host: ..
$ nix-prefetch-url --unpack ../all-cabal-hashes/webdriver-precore/0.0.0.3/webdriver-precore.cabal
warning: error: unable to download '../all-cabal-hashes/webdriver-precore/0.0.0.3/webdriver-precore.cabal': Could not resolve hostname (6) Could not resolve host: ..; retrying in 345 ms
warning: error: unable to download '../all-cabal-hashes/webdriver-precore/0.0.0.3/webdriver-precore.cabal': Could not resolve hostname (6) Could not resolve host: ..; retrying in 555 ms
warning: error: unable to download '../all-cabal-hashes/webdriver-precore/0.0.0.3/webdriver-precore.cabal': Could not resolve hostname (6) Could not resolve host: ..; retrying in 1241 ms
warning: error: unable to download '../all-cabal-hashes/webdriver-precore/0.0.0.3/webdriver-precore.cabal': Could not resolve hostname (6) Could not resolve host: ..; retrying in 2819 ms
error: unable to download '../all-cabal-hashes/webdriver-precore/0.0.0.3/webdriver-precore.cabal': Could not resolve hostname (6) Could not resolve host: ..
** need a revision for VCS when the hash is given. skipping.
** need a revision for VCS when the hash is given. skipping.
** need a revision for VCS when the hash is given. skipping.
** need a revision for VCS when the hash is given. skipping.
cabal2nix: user error (Failed to fetch source. Does this source exist? Source {sourceUrl = "../all-cabal-hashes/webdriver-precore/0.0.0.3/webdriver-precore.cabal", sourceRevision = "", sourceHash = Guess "d2fbb310ec170e5456ff3106c922d222a1942e1363a8d70f71d39d4516ea492f", sourceCabalDir = ""})


failed when running cabal2nix on ../all-cabal-hashes/webdriver-precore/0.0.0.4/webdriver-precore.cabal.  Error output from cabal2nix: 
$ nix-prefetch-url --unpack file:///home/runner/work/all-cabal-nixes/all-cabal-hashes/webdriver-precore/0.0.0.4/webdriver-precore.cabal
error: failed to open archive: Unrecognized archive format
$ nix-prefetch-url ../all-cabal-hashes/webdriver-precore/0.0.0.4/webdriver-precore.cabal
warning: error: unable to download '../all-cabal-hashes/webdriver-precore/0.0.0.4/webdriver-precore.cabal': Could not resolve hostname (6) Could not resolve host: ..; retrying in 285 ms
warning: error: unable to download '../all-cabal-hashes/webdriver-precore/0.0.0.4/webdriver-precore.cabal': Could not resolve hostname (6) Could not resolve host: ..; retrying in 616 ms
warning: error: unable to download '../all-cabal-hashes/webdriver-precore/0.0.0.4/webdriver-precore.cabal': Could not resolve hostname (6) Could not resolve host: ..; retrying in 1164 ms
warning: error: unable to download '../all-cabal-hashes/webdriver-precore/0.0.0.4/webdriver-precore.cabal': Could not resolve hostname (6) Could not resolve host: ..; retrying in 2320 ms
error: unable to download '../all-cabal-hashes/webdriver-precore/0.0.0.4/webdriver-precore.cabal': Could not resolve hostname (6) Could not resolve host: ..
$ nix-prefetch-url --unpack ../all-cabal-hashes/webdriver-precore/0.0.0.4/webdriver-precore.cabal
warning: error: unable to download '../all-cabal-hashes/webdriver-precore/0.0.0.4/webdriver-precore.cabal': Could not resolve hostname (6) Could not resolve host: ..; retrying in 262 ms
warning: error: unable to download '../all-cabal-hashes/webdriver-precore/0.0.0.4/webdriver-precore.cabal': Could not resolve hostname (6) Could not resolve host: ..; retrying in 527 ms
warning: error: unable to download '../all-cabal-hashes/webdriver-precore/0.0.0.4/webdriver-precore.cabal': Could not resolve hostname (6) Could not resolve host: ..; retrying in 1100 ms
warning: error: unable to download '../all-cabal-hashes/webdriver-precore/0.0.0.4/webdriver-precore.cabal': Could not resolve hostname (6) Could not resolve host: ..; retrying in 2722 ms
error: unable to download '../all-cabal-hashes/webdriver-precore/0.0.0.4/webdriver-precore.cabal': Could not resolve hostname (6) Could not resolve host: ..
** need a revision for VCS when the hash is given. skipping.
** need a revision for VCS when the hash is given. skipping.
** need a revision for VCS when the hash is given. skipping.
** need a revision for VCS when the hash is given. skipping.
cabal2nix: user error (Failed to fetch source. Does this source exist? Source {sourceUrl = "../all-cabal-hashes/webdriver-precore/0.0.0.4/webdriver-precore.cabal", sourceRevision = "", sourceHash = Guess "ac1d24d31c1336f95fa6ec14befe958fb7c3196b5a5ca9473f813c0b5514e495", sourceCabalDir = ""})


