failed when running sed to get sha256 on ../all-cabal-hashes/hermes/1.3.4.3/hermes.json.  Error output from sed: 
sed: can't read ../all-cabal-hashes/hermes/1.3.4.3/hermes.json: No such file or directory


failed when running cabal2nix on ../all-cabal-hashes/webdriver-precore/0.0.0.2/webdriver-precore.cabal.  Error output from cabal2nix: 
$ nix-prefetch-url --unpack file:///home/runner/work/all-cabal-nixes/all-cabal-hashes/webdriver-precore/0.0.0.2/webdriver-precore.cabal
error: failed to open archive: Unrecognized archive format
$ nix-prefetch-url ../all-cabal-hashes/webdriver-precore/0.0.0.2/webdriver-precore.cabal
warning: error: unable to download '../all-cabal-hashes/webdriver-precore/0.0.0.2/webdriver-precore.cabal': Could not resolve hostname (6) Could not resolve host: ..; retrying in 337 ms
warning: error: unable to download '../all-cabal-hashes/webdriver-precore/0.0.0.2/webdriver-precore.cabal': Could not resolve hostname (6) Could not resolve host: ..; retrying in 600 ms
warning: error: unable to download '../all-cabal-hashes/webdriver-precore/0.0.0.2/webdriver-precore.cabal': Could not resolve hostname (6) Could not resolve host: ..; retrying in 1335 ms
warning: error: unable to download '../all-cabal-hashes/webdriver-precore/0.0.0.2/webdriver-precore.cabal': Could not resolve hostname (6) Could not resolve host: ..; retrying in 2736 ms
error: unable to download '../all-cabal-hashes/webdriver-precore/0.0.0.2/webdriver-precore.cabal': Could not resolve hostname (6) Could not resolve host: ..
$ nix-prefetch-url --unpack ../all-cabal-hashes/webdriver-precore/0.0.0.2/webdriver-precore.cabal
warning: error: unable to download '../all-cabal-hashes/webdriver-precore/0.0.0.2/webdriver-precore.cabal': Could not resolve hostname (6) Could not resolve host: ..; retrying in 349 ms
warning: error: unable to download '../all-cabal-hashes/webdriver-precore/0.0.0.2/webdriver-precore.cabal': Could not resolve hostname (6) Could not resolve host: ..; retrying in 530 ms
warning: error: unable to download '../all-cabal-hashes/webdriver-precore/0.0.0.2/webdriver-precore.cabal': Could not resolve hostname (6) Could not resolve host: ..; retrying in 1226 ms
warning: error: unable to download '../all-cabal-hashes/webdriver-precore/0.0.0.2/webdriver-precore.cabal': Could not resolve hostname (6) Could not resolve host: ..; retrying in 2766 ms
error: unable to download '../all-cabal-hashes/webdriver-precore/0.0.0.2/webdriver-precore.cabal': Could not resolve hostname (6) Could not resolve host: ..
** need a revision for VCS when the hash is given. skipping.
** need a revision for VCS when the hash is given. skipping.
** need a revision for VCS when the hash is given. skipping.
** need a revision for VCS when the hash is given. skipping.
cabal2nix: user error (Failed to fetch source. Does this source exist? Source {sourceUrl = "../all-cabal-hashes/webdriver-precore/0.0.0.2/webdriver-precore.cabal", sourceRevision = "", sourceHash = Guess "9844b935e0886b8ff182fdd772217b8f2a3a06b5d9755c087101c620a976be44", sourceCabalDir = ""})


failed when running cabal2nix on ../all-cabal-hashes/webdriver-precore/0.0.0.3/webdriver-precore.cabal.  Error output from cabal2nix: 
$ nix-prefetch-url --unpack file:///home/runner/work/all-cabal-nixes/all-cabal-hashes/webdriver-precore/0.0.0.3/webdriver-precore.cabal
error: failed to open archive: Unrecognized archive format
$ nix-prefetch-url ../all-cabal-hashes/webdriver-precore/0.0.0.3/webdriver-precore.cabal
warning: error: unable to download '../all-cabal-hashes/webdriver-precore/0.0.0.3/webdriver-precore.cabal': Could not resolve hostname (6) Could not resolve host: ..; retrying in 285 ms
warning: error: unable to download '../all-cabal-hashes/webdriver-precore/0.0.0.3/webdriver-precore.cabal': Could not resolve hostname (6) Could not resolve host: ..; retrying in 633 ms
warning: error: unable to download '../all-cabal-hashes/webdriver-precore/0.0.0.3/webdriver-precore.cabal': Could not resolve hostname (6) Could not resolve host: ..; retrying in 1189 ms
warning: error: unable to download '../all-cabal-hashes/webdriver-precore/0.0.0.3/webdriver-precore.cabal': Could not resolve hostname (6) Could not resolve host: ..; retrying in 2012 ms
error: unable to download '../all-cabal-hashes/webdriver-precore/0.0.0.3/webdriver-precore.cabal': Could not resolve hostname (6) Could not resolve host: ..
$ nix-prefetch-url --unpack ../all-cabal-hashes/webdriver-precore/0.0.0.3/webdriver-precore.cabal
warning: error: unable to download '../all-cabal-hashes/webdriver-precore/0.0.0.3/webdriver-precore.cabal': Could not resolve hostname (6) Could not resolve host: ..; retrying in 349 ms
warning: error: unable to download '../all-cabal-hashes/webdriver-precore/0.0.0.3/webdriver-precore.cabal': Could not resolve hostname (6) Could not resolve host: ..; retrying in 511 ms
warning: error: unable to download '../all-cabal-hashes/webdriver-precore/0.0.0.3/webdriver-precore.cabal': Could not resolve hostname (6) Could not resolve host: ..; retrying in 1347 ms
warning: error: unable to download '../all-cabal-hashes/webdriver-precore/0.0.0.3/webdriver-precore.cabal': Could not resolve hostname (6) Could not resolve host: ..; retrying in 2367 ms
error: unable to download '../all-cabal-hashes/webdriver-precore/0.0.0.3/webdriver-precore.cabal': Could not resolve hostname (6) Could not resolve host: ..
** need a revision for VCS when the hash is given. skipping.
** need a revision for VCS when the hash is given. skipping.
** need a revision for VCS when the hash is given. skipping.
** need a revision for VCS when the hash is given. skipping.
cabal2nix: user error (Failed to fetch source. Does this source exist? Source {sourceUrl = "../all-cabal-hashes/webdriver-precore/0.0.0.3/webdriver-precore.cabal", sourceRevision = "", sourceHash = Guess "d2fbb310ec170e5456ff3106c922d222a1942e1363a8d70f71d39d4516ea492f", sourceCabalDir = ""})


failed when running cabal2nix on ../all-cabal-hashes/webdriver-precore/0.0.0.4/webdriver-precore.cabal.  Error output from cabal2nix: 
$ nix-prefetch-url --unpack file:///home/runner/work/all-cabal-nixes/all-cabal-hashes/webdriver-precore/0.0.0.4/webdriver-precore.cabal
error: failed to open archive: Unrecognized archive format
$ nix-prefetch-url ../all-cabal-hashes/webdriver-precore/0.0.0.4/webdriver-precore.cabal
warning: error: unable to download '../all-cabal-hashes/webdriver-precore/0.0.0.4/webdriver-precore.cabal': Could not resolve hostname (6) Could not resolve host: ..; retrying in 296 ms
warning: error: unable to download '../all-cabal-hashes/webdriver-precore/0.0.0.4/webdriver-precore.cabal': Could not resolve hostname (6) Could not resolve host: ..; retrying in 625 ms
warning: error: unable to download '../all-cabal-hashes/webdriver-precore/0.0.0.4/webdriver-precore.cabal': Could not resolve hostname (6) Could not resolve host: ..; retrying in 1333 ms
warning: error: unable to download '../all-cabal-hashes/webdriver-precore/0.0.0.4/webdriver-precore.cabal': Could not resolve hostname (6) Could not resolve host: ..; retrying in 2366 ms
error: unable to download '../all-cabal-hashes/webdriver-precore/0.0.0.4/webdriver-precore.cabal': Could not resolve hostname (6) Could not resolve host: ..
$ nix-prefetch-url --unpack ../all-cabal-hashes/webdriver-precore/0.0.0.4/webdriver-precore.cabal
warning: error: unable to download '../all-cabal-hashes/webdriver-precore/0.0.0.4/webdriver-precore.cabal': Could not resolve hostname (6) Could not resolve host: ..; retrying in 271 ms
warning: error: unable to download '../all-cabal-hashes/webdriver-precore/0.0.0.4/webdriver-precore.cabal': Could not resolve hostname (6) Could not resolve host: ..; retrying in 631 ms
warning: error: unable to download '../all-cabal-hashes/webdriver-precore/0.0.0.4/webdriver-precore.cabal': Could not resolve hostname (6) Could not resolve host: ..; retrying in 1039 ms
warning: error: unable to download '../all-cabal-hashes/webdriver-precore/0.0.0.4/webdriver-precore.cabal': Could not resolve hostname (6) Could not resolve host: ..; retrying in 2721 ms
error: unable to download '../all-cabal-hashes/webdriver-precore/0.0.0.4/webdriver-precore.cabal': Could not resolve hostname (6) Could not resolve host: ..
** need a revision for VCS when the hash is given. skipping.
** need a revision for VCS when the hash is given. skipping.
** need a revision for VCS when the hash is given. skipping.
** need a revision for VCS when the hash is given. skipping.
cabal2nix: user error (Failed to fetch source. Does this source exist? Source {sourceUrl = "../all-cabal-hashes/webdriver-precore/0.0.0.4/webdriver-precore.cabal", sourceRevision = "", sourceHash = Guess "ac1d24d31c1336f95fa6ec14befe958fb7c3196b5a5ca9473f813c0b5514e495", sourceCabalDir = ""})


