failed when running sed to get sha256 on ../all-cabal-hashes/hermes/1.3.4.3/hermes.json.  Error output from sed: 
sed: can't read ../all-cabal-hashes/hermes/1.3.4.3/hermes.json: No such file or directory


failed when running cabal2nix on ../all-cabal-hashes/shibuya-core/0.1.0.0/shibuya-core.cabal.  Error output from cabal2nix: 
$ nix-prefetch-url --unpack file:///home/runner/work/all-cabal-nixes/all-cabal-hashes/shibuya-core/0.1.0.0/shibuya-core.cabal
error: failed to open archive: Unrecognized archive format
$ nix-prefetch-url ../all-cabal-hashes/shibuya-core/0.1.0.0/shibuya-core.cabal
warning: error: unable to download '../all-cabal-hashes/shibuya-core/0.1.0.0/shibuya-core.cabal': Couldn't resolve host name (6); retrying in 303 ms
warning: error: unable to download '../all-cabal-hashes/shibuya-core/0.1.0.0/shibuya-core.cabal': Couldn't resolve host name (6); retrying in 589 ms
warning: error: unable to download '../all-cabal-hashes/shibuya-core/0.1.0.0/shibuya-core.cabal': Couldn't resolve host name (6); retrying in 1203 ms
warning: error: unable to download '../all-cabal-hashes/shibuya-core/0.1.0.0/shibuya-core.cabal': Couldn't resolve host name (6); retrying in 2019 ms
error: unable to download '../all-cabal-hashes/shibuya-core/0.1.0.0/shibuya-core.cabal': Couldn't resolve host name (6)
$ nix-prefetch-url --unpack ../all-cabal-hashes/shibuya-core/0.1.0.0/shibuya-core.cabal
warning: error: unable to download '../all-cabal-hashes/shibuya-core/0.1.0.0/shibuya-core.cabal': Couldn't resolve host name (6); retrying in 310 ms
warning: error: unable to download '../all-cabal-hashes/shibuya-core/0.1.0.0/shibuya-core.cabal': Couldn't resolve host name (6); retrying in 505 ms
warning: error: unable to download '../all-cabal-hashes/shibuya-core/0.1.0.0/shibuya-core.cabal': Couldn't resolve host name (6); retrying in 1035 ms
warning: error: unable to download '../all-cabal-hashes/shibuya-core/0.1.0.0/shibuya-core.cabal': Couldn't resolve host name (6); retrying in 2649 ms
error: unable to download '../all-cabal-hashes/shibuya-core/0.1.0.0/shibuya-core.cabal': Couldn't resolve host name (6)
** need a revision for VCS when the hash is given. skipping.
** need a revision for VCS when the hash is given. skipping.
** need a revision for VCS when the hash is given. skipping.
** need a revision for VCS when the hash is given. skipping.
cabal2nix: user error (Failed to fetch source. Does this source exist? Source {sourceUrl = "../all-cabal-hashes/shibuya-core/0.1.0.0/shibuya-core.cabal", sourceRevision = "", sourceHash = Guess "04ee08c649ea3f32a34ee04df42e02052b61be0dffc92a123cb0a2a6a343375b", sourceCabalDir = ""})
HasCallStack backtrace:
  collectBacktraces, called at libraries/ghc-internal/src/GHC/Internal/Exception.hs:169:13 in ghc-internal:GHC.Internal.Exception
  toExceptionWithBacktrace, called at libraries/ghc-internal/src/GHC/Internal/IO.hs:260:11 in ghc-internal:GHC.Internal.IO
  throwIO, called at libraries/ghc-internal/src/GHC/Internal/Control/Exception/Base.hs:195:43 in ghc-internal:GHC.Internal.Control.Exception.Base




failed when running cabal2nix on ../all-cabal-hashes/shibuya-metrics/0.1.0.0/shibuya-metrics.cabal.  Error output from cabal2nix: 
$ nix-prefetch-url --unpack file:///home/runner/work/all-cabal-nixes/all-cabal-hashes/shibuya-metrics/0.1.0.0/shibuya-metrics.cabal
error: failed to open archive: Unrecognized archive format
$ nix-prefetch-url ../all-cabal-hashes/shibuya-metrics/0.1.0.0/shibuya-metrics.cabal
warning: error: unable to download '../all-cabal-hashes/shibuya-metrics/0.1.0.0/shibuya-metrics.cabal': Couldn't resolve host name (6); retrying in 324 ms
warning: error: unable to download '../all-cabal-hashes/shibuya-metrics/0.1.0.0/shibuya-metrics.cabal': Couldn't resolve host name (6); retrying in 536 ms
warning: error: unable to download '../all-cabal-hashes/shibuya-metrics/0.1.0.0/shibuya-metrics.cabal': Couldn't resolve host name (6); retrying in 1034 ms
warning: error: unable to download '../all-cabal-hashes/shibuya-metrics/0.1.0.0/shibuya-metrics.cabal': Couldn't resolve host name (6); retrying in 2252 ms
error: unable to download '../all-cabal-hashes/shibuya-metrics/0.1.0.0/shibuya-metrics.cabal': Couldn't resolve host name (6)
$ nix-prefetch-url --unpack ../all-cabal-hashes/shibuya-metrics/0.1.0.0/shibuya-metrics.cabal
warning: error: unable to download '../all-cabal-hashes/shibuya-metrics/0.1.0.0/shibuya-metrics.cabal': Couldn't resolve host name (6); retrying in 284 ms
warning: error: unable to download '../all-cabal-hashes/shibuya-metrics/0.1.0.0/shibuya-metrics.cabal': Couldn't resolve host name (6); retrying in 695 ms
warning: error: unable to download '../all-cabal-hashes/shibuya-metrics/0.1.0.0/shibuya-metrics.cabal': Couldn't resolve host name (6); retrying in 1157 ms
warning: error: unable to download '../all-cabal-hashes/shibuya-metrics/0.1.0.0/shibuya-metrics.cabal': Couldn't resolve host name (6); retrying in 2218 ms
error: unable to download '../all-cabal-hashes/shibuya-metrics/0.1.0.0/shibuya-metrics.cabal': Couldn't resolve host name (6)
** need a revision for VCS when the hash is given. skipping.
** need a revision for VCS when the hash is given. skipping.
** need a revision for VCS when the hash is given. skipping.
** need a revision for VCS when the hash is given. skipping.
cabal2nix: user error (Failed to fetch source. Does this source exist? Source {sourceUrl = "../all-cabal-hashes/shibuya-metrics/0.1.0.0/shibuya-metrics.cabal", sourceRevision = "", sourceHash = Guess "ced03f7a4f0a2b259a0f4b5624ad8b6432f99d6f1014a8cfa00824a05d2d2c5a", sourceCabalDir = ""})
HasCallStack backtrace:
  collectBacktraces, called at libraries/ghc-internal/src/GHC/Internal/Exception.hs:169:13 in ghc-internal:GHC.Internal.Exception
  toExceptionWithBacktrace, called at libraries/ghc-internal/src/GHC/Internal/IO.hs:260:11 in ghc-internal:GHC.Internal.IO
  throwIO, called at libraries/ghc-internal/src/GHC/Internal/Control/Exception/Base.hs:195:43 in ghc-internal:GHC.Internal.Control.Exception.Base




failed when running cabal2nix on ../all-cabal-hashes/shibuya-pgmq-adapter/0.1.0.0/shibuya-pgmq-adapter.cabal.  Error output from cabal2nix: 
$ nix-prefetch-url --unpack file:///home/runner/work/all-cabal-nixes/all-cabal-hashes/shibuya-pgmq-adapter/0.1.0.0/shibuya-pgmq-adapter.cabal
error: failed to open archive: Unrecognized archive format
$ nix-prefetch-url ../all-cabal-hashes/shibuya-pgmq-adapter/0.1.0.0/shibuya-pgmq-adapter.cabal
warning: error: unable to download '../all-cabal-hashes/shibuya-pgmq-adapter/0.1.0.0/shibuya-pgmq-adapter.cabal': Couldn't resolve host name (6); retrying in 294 ms
warning: error: unable to download '../all-cabal-hashes/shibuya-pgmq-adapter/0.1.0.0/shibuya-pgmq-adapter.cabal': Couldn't resolve host name (6); retrying in 576 ms
warning: error: unable to download '../all-cabal-hashes/shibuya-pgmq-adapter/0.1.0.0/shibuya-pgmq-adapter.cabal': Couldn't resolve host name (6); retrying in 1032 ms
warning: error: unable to download '../all-cabal-hashes/shibuya-pgmq-adapter/0.1.0.0/shibuya-pgmq-adapter.cabal': Couldn't resolve host name (6); retrying in 2310 ms
error: unable to download '../all-cabal-hashes/shibuya-pgmq-adapter/0.1.0.0/shibuya-pgmq-adapter.cabal': Couldn't resolve host name (6)
$ nix-prefetch-url --unpack ../all-cabal-hashes/shibuya-pgmq-adapter/0.1.0.0/shibuya-pgmq-adapter.cabal
warning: error: unable to download '../all-cabal-hashes/shibuya-pgmq-adapter/0.1.0.0/shibuya-pgmq-adapter.cabal': Couldn't resolve host name (6); retrying in 339 ms
warning: error: unable to download '../all-cabal-hashes/shibuya-pgmq-adapter/0.1.0.0/shibuya-pgmq-adapter.cabal': Couldn't resolve host name (6); retrying in 688 ms
warning: error: unable to download '../all-cabal-hashes/shibuya-pgmq-adapter/0.1.0.0/shibuya-pgmq-adapter.cabal': Couldn't resolve host name (6); retrying in 1174 ms
warning: error: unable to download '../all-cabal-hashes/shibuya-pgmq-adapter/0.1.0.0/shibuya-pgmq-adapter.cabal': Couldn't resolve host name (6); retrying in 2787 ms
error: unable to download '../all-cabal-hashes/shibuya-pgmq-adapter/0.1.0.0/shibuya-pgmq-adapter.cabal': Couldn't resolve host name (6)
** need a revision for VCS when the hash is given. skipping.
** need a revision for VCS when the hash is given. skipping.
** need a revision for VCS when the hash is given. skipping.
** need a revision for VCS when the hash is given. skipping.
cabal2nix: user error (Failed to fetch source. Does this source exist? Source {sourceUrl = "../all-cabal-hashes/shibuya-pgmq-adapter/0.1.0.0/shibuya-pgmq-adapter.cabal", sourceRevision = "", sourceHash = Guess "3e1bd0cad1c40f7b8bab05e5037870e25e488254787fa13e015dea51596810d9", sourceCabalDir = ""})
HasCallStack backtrace:
  collectBacktraces, called at libraries/ghc-internal/src/GHC/Internal/Exception.hs:169:13 in ghc-internal:GHC.Internal.Exception
  toExceptionWithBacktrace, called at libraries/ghc-internal/src/GHC/Internal/IO.hs:260:11 in ghc-internal:GHC.Internal.IO
  throwIO, called at libraries/ghc-internal/src/GHC/Internal/Control/Exception/Base.hs:195:43 in ghc-internal:GHC.Internal.Control.Exception.Base




failed when running cabal2nix on ../all-cabal-hashes/type-fold/0.1.0.0/type-fold.cabal.  Error output from cabal2nix: 
$ nix-prefetch-url --unpack file:///home/runner/work/all-cabal-nixes/all-cabal-hashes/type-fold/0.1.0.0/type-fold.cabal
error: failed to open archive: Unrecognized archive format
$ nix-prefetch-url ../all-cabal-hashes/type-fold/0.1.0.0/type-fold.cabal
warning: error: unable to download '../all-cabal-hashes/type-fold/0.1.0.0/type-fold.cabal': Couldn't resolve host name (6); retrying in 321 ms
warning: error: unable to download '../all-cabal-hashes/type-fold/0.1.0.0/type-fold.cabal': Couldn't resolve host name (6); retrying in 595 ms
warning: error: unable to download '../all-cabal-hashes/type-fold/0.1.0.0/type-fold.cabal': Couldn't resolve host name (6); retrying in 1152 ms
warning: error: unable to download '../all-cabal-hashes/type-fold/0.1.0.0/type-fold.cabal': Couldn't resolve host name (6); retrying in 2277 ms
error: unable to download '../all-cabal-hashes/type-fold/0.1.0.0/type-fold.cabal': Couldn't resolve host name (6)
$ nix-prefetch-url --unpack ../all-cabal-hashes/type-fold/0.1.0.0/type-fold.cabal
warning: error: unable to download '../all-cabal-hashes/type-fold/0.1.0.0/type-fold.cabal': Couldn't resolve host name (6); retrying in 287 ms
warning: error: unable to download '../all-cabal-hashes/type-fold/0.1.0.0/type-fold.cabal': Couldn't resolve host name (6); retrying in 649 ms
warning: error: unable to download '../all-cabal-hashes/type-fold/0.1.0.0/type-fold.cabal': Couldn't resolve host name (6); retrying in 1046 ms
warning: error: unable to download '../all-cabal-hashes/type-fold/0.1.0.0/type-fold.cabal': Couldn't resolve host name (6); retrying in 2587 ms
error: unable to download '../all-cabal-hashes/type-fold/0.1.0.0/type-fold.cabal': Couldn't resolve host name (6)
** need a revision for VCS when the hash is given. skipping.
** need a revision for VCS when the hash is given. skipping.
** need a revision for VCS when the hash is given. skipping.
** need a revision for VCS when the hash is given. skipping.
cabal2nix: user error (Failed to fetch source. Does this source exist? Source {sourceUrl = "../all-cabal-hashes/type-fold/0.1.0.0/type-fold.cabal", sourceRevision = "", sourceHash = Guess "24ecde70e6ec7115c0a3ab33788a6119be18debfae45cc5a1836ef0b6e52661a", sourceCabalDir = ""})
HasCallStack backtrace:
  collectBacktraces, called at libraries/ghc-internal/src/GHC/Internal/Exception.hs:169:13 in ghc-internal:GHC.Internal.Exception
  toExceptionWithBacktrace, called at libraries/ghc-internal/src/GHC/Internal/IO.hs:260:11 in ghc-internal:GHC.Internal.IO
  throwIO, called at libraries/ghc-internal/src/GHC/Internal/Control/Exception/Base.hs:195:43 in ghc-internal:GHC.Internal.Control.Exception.Base




