failed when running sed to get sha256 on ../all-cabal-hashes/hermes/1.3.4.3/hermes.json.  Error output from sed: 
sed: can't read ../all-cabal-hashes/hermes/1.3.4.3/hermes.json: No such file or directory


failed when running cabal2nix on ../all-cabal-hashes/shibuya-core/0.1.0.0/shibuya-core.cabal.  Error output from cabal2nix: 
$ nix-prefetch-url --unpack file:///home/runner/work/all-cabal-nixes/all-cabal-hashes/shibuya-core/0.1.0.0/shibuya-core.cabal
error: failed to open archive: Unrecognized archive format
$ nix-prefetch-url ../all-cabal-hashes/shibuya-core/0.1.0.0/shibuya-core.cabal
warning: error: unable to download '../all-cabal-hashes/shibuya-core/0.1.0.0/shibuya-core.cabal': Couldn't resolve host name (6); retrying in 346 ms
warning: error: unable to download '../all-cabal-hashes/shibuya-core/0.1.0.0/shibuya-core.cabal': Couldn't resolve host name (6); retrying in 551 ms
warning: error: unable to download '../all-cabal-hashes/shibuya-core/0.1.0.0/shibuya-core.cabal': Couldn't resolve host name (6); retrying in 1167 ms
warning: error: unable to download '../all-cabal-hashes/shibuya-core/0.1.0.0/shibuya-core.cabal': Couldn't resolve host name (6); retrying in 2313 ms
error: unable to download '../all-cabal-hashes/shibuya-core/0.1.0.0/shibuya-core.cabal': Couldn't resolve host name (6)
$ nix-prefetch-url --unpack ../all-cabal-hashes/shibuya-core/0.1.0.0/shibuya-core.cabal
warning: error: unable to download '../all-cabal-hashes/shibuya-core/0.1.0.0/shibuya-core.cabal': Couldn't resolve host name (6); retrying in 327 ms
warning: error: unable to download '../all-cabal-hashes/shibuya-core/0.1.0.0/shibuya-core.cabal': Couldn't resolve host name (6); retrying in 697 ms
warning: error: unable to download '../all-cabal-hashes/shibuya-core/0.1.0.0/shibuya-core.cabal': Couldn't resolve host name (6); retrying in 1044 ms
warning: error: unable to download '../all-cabal-hashes/shibuya-core/0.1.0.0/shibuya-core.cabal': Couldn't resolve host name (6); retrying in 2599 ms
error: unable to download '../all-cabal-hashes/shibuya-core/0.1.0.0/shibuya-core.cabal': Couldn't resolve host name (6)
** need a revision for VCS when the hash is given. skipping.
** need a revision for VCS when the hash is given. skipping.
** need a revision for VCS when the hash is given. skipping.
** need a revision for VCS when the hash is given. skipping.
cabal2nix: user error (Failed to fetch source. Does this source exist? Source {sourceUrl = "../all-cabal-hashes/shibuya-core/0.1.0.0/shibuya-core.cabal", sourceRevision = "", sourceHash = Guess "04ee08c649ea3f32a34ee04df42e02052b61be0dffc92a123cb0a2a6a343375b", sourceCabalDir = ""})
HasCallStack backtrace:
  collectBacktraces, called at libraries/ghc-internal/src/GHC/Internal/Exception.hs:169:13 in ghc-internal:GHC.Internal.Exception
  toExceptionWithBacktrace, called at libraries/ghc-internal/src/GHC/Internal/IO.hs:260:11 in ghc-internal:GHC.Internal.IO
  throwIO, called at libraries/ghc-internal/src/GHC/Internal/Control/Exception/Base.hs:195:43 in ghc-internal:GHC.Internal.Control.Exception.Base




failed when running cabal2nix on ../all-cabal-hashes/shibuya-metrics/0.1.0.0/shibuya-metrics.cabal.  Error output from cabal2nix: 
$ nix-prefetch-url --unpack file:///home/runner/work/all-cabal-nixes/all-cabal-hashes/shibuya-metrics/0.1.0.0/shibuya-metrics.cabal
error: failed to open archive: Unrecognized archive format
$ nix-prefetch-url ../all-cabal-hashes/shibuya-metrics/0.1.0.0/shibuya-metrics.cabal
warning: error: unable to download '../all-cabal-hashes/shibuya-metrics/0.1.0.0/shibuya-metrics.cabal': Couldn't resolve host name (6); retrying in 304 ms
warning: error: unable to download '../all-cabal-hashes/shibuya-metrics/0.1.0.0/shibuya-metrics.cabal': Couldn't resolve host name (6); retrying in 669 ms
warning: error: unable to download '../all-cabal-hashes/shibuya-metrics/0.1.0.0/shibuya-metrics.cabal': Couldn't resolve host name (6); retrying in 1062 ms
warning: error: unable to download '../all-cabal-hashes/shibuya-metrics/0.1.0.0/shibuya-metrics.cabal': Couldn't resolve host name (6); retrying in 2193 ms
error: unable to download '../all-cabal-hashes/shibuya-metrics/0.1.0.0/shibuya-metrics.cabal': Couldn't resolve host name (6)
$ nix-prefetch-url --unpack ../all-cabal-hashes/shibuya-metrics/0.1.0.0/shibuya-metrics.cabal
warning: error: unable to download '../all-cabal-hashes/shibuya-metrics/0.1.0.0/shibuya-metrics.cabal': Couldn't resolve host name (6); retrying in 316 ms
warning: error: unable to download '../all-cabal-hashes/shibuya-metrics/0.1.0.0/shibuya-metrics.cabal': Couldn't resolve host name (6); retrying in 518 ms
warning: error: unable to download '../all-cabal-hashes/shibuya-metrics/0.1.0.0/shibuya-metrics.cabal': Couldn't resolve host name (6); retrying in 1388 ms
warning: error: unable to download '../all-cabal-hashes/shibuya-metrics/0.1.0.0/shibuya-metrics.cabal': Couldn't resolve host name (6); retrying in 2661 ms
error: unable to download '../all-cabal-hashes/shibuya-metrics/0.1.0.0/shibuya-metrics.cabal': Couldn't resolve host name (6)
** need a revision for VCS when the hash is given. skipping.
** need a revision for VCS when the hash is given. skipping.
** need a revision for VCS when the hash is given. skipping.
** need a revision for VCS when the hash is given. skipping.
cabal2nix: user error (Failed to fetch source. Does this source exist? Source {sourceUrl = "../all-cabal-hashes/shibuya-metrics/0.1.0.0/shibuya-metrics.cabal", sourceRevision = "", sourceHash = Guess "ced03f7a4f0a2b259a0f4b5624ad8b6432f99d6f1014a8cfa00824a05d2d2c5a", sourceCabalDir = ""})
HasCallStack backtrace:
  collectBacktraces, called at libraries/ghc-internal/src/GHC/Internal/Exception.hs:169:13 in ghc-internal:GHC.Internal.Exception
  toExceptionWithBacktrace, called at libraries/ghc-internal/src/GHC/Internal/IO.hs:260:11 in ghc-internal:GHC.Internal.IO
  throwIO, called at libraries/ghc-internal/src/GHC/Internal/Control/Exception/Base.hs:195:43 in ghc-internal:GHC.Internal.Control.Exception.Base




failed when running cabal2nix on ../all-cabal-hashes/shibuya-pgmq-adapter/0.1.0.0/shibuya-pgmq-adapter.cabal.  Error output from cabal2nix: 
$ nix-prefetch-url --unpack file:///home/runner/work/all-cabal-nixes/all-cabal-hashes/shibuya-pgmq-adapter/0.1.0.0/shibuya-pgmq-adapter.cabal
error: failed to open archive: Unrecognized archive format
$ nix-prefetch-url ../all-cabal-hashes/shibuya-pgmq-adapter/0.1.0.0/shibuya-pgmq-adapter.cabal
warning: error: unable to download '../all-cabal-hashes/shibuya-pgmq-adapter/0.1.0.0/shibuya-pgmq-adapter.cabal': Couldn't resolve host name (6); retrying in 262 ms
warning: error: unable to download '../all-cabal-hashes/shibuya-pgmq-adapter/0.1.0.0/shibuya-pgmq-adapter.cabal': Couldn't resolve host name (6); retrying in 654 ms
warning: error: unable to download '../all-cabal-hashes/shibuya-pgmq-adapter/0.1.0.0/shibuya-pgmq-adapter.cabal': Couldn't resolve host name (6); retrying in 1202 ms
warning: error: unable to download '../all-cabal-hashes/shibuya-pgmq-adapter/0.1.0.0/shibuya-pgmq-adapter.cabal': Couldn't resolve host name (6); retrying in 2041 ms
error: unable to download '../all-cabal-hashes/shibuya-pgmq-adapter/0.1.0.0/shibuya-pgmq-adapter.cabal': Couldn't resolve host name (6)
$ nix-prefetch-url --unpack ../all-cabal-hashes/shibuya-pgmq-adapter/0.1.0.0/shibuya-pgmq-adapter.cabal
warning: error: unable to download '../all-cabal-hashes/shibuya-pgmq-adapter/0.1.0.0/shibuya-pgmq-adapter.cabal': Couldn't resolve host name (6); retrying in 305 ms
warning: error: unable to download '../all-cabal-hashes/shibuya-pgmq-adapter/0.1.0.0/shibuya-pgmq-adapter.cabal': Couldn't resolve host name (6); retrying in 626 ms
warning: error: unable to download '../all-cabal-hashes/shibuya-pgmq-adapter/0.1.0.0/shibuya-pgmq-adapter.cabal': Couldn't resolve host name (6); retrying in 1129 ms
warning: error: unable to download '../all-cabal-hashes/shibuya-pgmq-adapter/0.1.0.0/shibuya-pgmq-adapter.cabal': Couldn't resolve host name (6); retrying in 2465 ms
error: unable to download '../all-cabal-hashes/shibuya-pgmq-adapter/0.1.0.0/shibuya-pgmq-adapter.cabal': Couldn't resolve host name (6)
** need a revision for VCS when the hash is given. skipping.
** need a revision for VCS when the hash is given. skipping.
** need a revision for VCS when the hash is given. skipping.
** need a revision for VCS when the hash is given. skipping.
cabal2nix: user error (Failed to fetch source. Does this source exist? Source {sourceUrl = "../all-cabal-hashes/shibuya-pgmq-adapter/0.1.0.0/shibuya-pgmq-adapter.cabal", sourceRevision = "", sourceHash = Guess "3e1bd0cad1c40f7b8bab05e5037870e25e488254787fa13e015dea51596810d9", sourceCabalDir = ""})
HasCallStack backtrace:
  collectBacktraces, called at libraries/ghc-internal/src/GHC/Internal/Exception.hs:169:13 in ghc-internal:GHC.Internal.Exception
  toExceptionWithBacktrace, called at libraries/ghc-internal/src/GHC/Internal/IO.hs:260:11 in ghc-internal:GHC.Internal.IO
  throwIO, called at libraries/ghc-internal/src/GHC/Internal/Control/Exception/Base.hs:195:43 in ghc-internal:GHC.Internal.Control.Exception.Base




failed when running cabal2nix on ../all-cabal-hashes/type-fold/0.1.0.0/type-fold.cabal.  Error output from cabal2nix: 
$ nix-prefetch-url --unpack file:///home/runner/work/all-cabal-nixes/all-cabal-hashes/type-fold/0.1.0.0/type-fold.cabal
error: failed to open archive: Unrecognized archive format
$ nix-prefetch-url ../all-cabal-hashes/type-fold/0.1.0.0/type-fold.cabal
warning: error: unable to download '../all-cabal-hashes/type-fold/0.1.0.0/type-fold.cabal': Couldn't resolve host name (6); retrying in 292 ms
warning: error: unable to download '../all-cabal-hashes/type-fold/0.1.0.0/type-fold.cabal': Couldn't resolve host name (6); retrying in 601 ms
warning: error: unable to download '../all-cabal-hashes/type-fold/0.1.0.0/type-fold.cabal': Couldn't resolve host name (6); retrying in 1012 ms
warning: error: unable to download '../all-cabal-hashes/type-fold/0.1.0.0/type-fold.cabal': Couldn't resolve host name (6); retrying in 2268 ms
error: unable to download '../all-cabal-hashes/type-fold/0.1.0.0/type-fold.cabal': Couldn't resolve host name (6)
$ nix-prefetch-url --unpack ../all-cabal-hashes/type-fold/0.1.0.0/type-fold.cabal
warning: error: unable to download '../all-cabal-hashes/type-fold/0.1.0.0/type-fold.cabal': Couldn't resolve host name (6); retrying in 342 ms
warning: error: unable to download '../all-cabal-hashes/type-fold/0.1.0.0/type-fold.cabal': Couldn't resolve host name (6); retrying in 652 ms
warning: error: unable to download '../all-cabal-hashes/type-fold/0.1.0.0/type-fold.cabal': Couldn't resolve host name (6); retrying in 1320 ms
warning: error: unable to download '../all-cabal-hashes/type-fold/0.1.0.0/type-fold.cabal': Couldn't resolve host name (6); retrying in 2128 ms
error: unable to download '../all-cabal-hashes/type-fold/0.1.0.0/type-fold.cabal': Couldn't resolve host name (6)
** need a revision for VCS when the hash is given. skipping.
** need a revision for VCS when the hash is given. skipping.
** need a revision for VCS when the hash is given. skipping.
** need a revision for VCS when the hash is given. skipping.
cabal2nix: user error (Failed to fetch source. Does this source exist? Source {sourceUrl = "../all-cabal-hashes/type-fold/0.1.0.0/type-fold.cabal", sourceRevision = "", sourceHash = Guess "24ecde70e6ec7115c0a3ab33788a6119be18debfae45cc5a1836ef0b6e52661a", sourceCabalDir = ""})
HasCallStack backtrace:
  collectBacktraces, called at libraries/ghc-internal/src/GHC/Internal/Exception.hs:169:13 in ghc-internal:GHC.Internal.Exception
  toExceptionWithBacktrace, called at libraries/ghc-internal/src/GHC/Internal/IO.hs:260:11 in ghc-internal:GHC.Internal.IO
  throwIO, called at libraries/ghc-internal/src/GHC/Internal/Control/Exception/Base.hs:195:43 in ghc-internal:GHC.Internal.Control.Exception.Base




